Wejœcie;B³¹d ca³kowity;Wzorzec oczekiwany;B³êdy na wyjœciach;Wyjœcia neuronów wyjœciowych;Wagi neuronów wyjœciowych;Wyjœcia neuronów ukrytych;Wagi neuronów ukrytych
[4.9, 3.0, 1.4, 0.2];0.000557;[1.0, 0.0, 0.0];[-0.026996, 0.030698, 0.000926];[0.973004, 0.030698, 0.000926];[[3.754955903492069, 0.9449071785339087, -2.681961769707655, -2.3959863476630585, -1.0262165729116346, -1.5000556019802889, -2.170922407892222, 2.8465737381947798], [-4.920437098279601, 2.465590756030155, -2.5192023893268307, -2.5333187783738045, -1.5159677689601774, -0.10901066406875581, 1.7017910941204912, -2.8442215696763338], [-2.4968199080611595, -2.850354865335081, 2.6038518455205555, 1.6471060739537173, 1.2884781863133388, 1.2128273946109889, -0.15571525745120562, -0.8543497577283802]];[[0.923782, 0.0, 1.5e-05, 0.958408], [0.968128, 0.085922, 0.243228, 0.968359, 0.043794], [0.946345, 0.196307, 0.916018, 0.157281, 0.011364, 0.214499], [0.238082, 0.997586, 0.860091, 0.237362, 0.893273, 0.309745, 0.549243], [0.867974, 0.993701, 0.006469, 0.010889, 0.028801, 0.234021, 0.331173, 0.787056]];[[[-1.2959617552612757, 2.1214365118356584, 1.7435977412142674, -4.045939690272014, 1.4348765562565402, -2.7208576348084144, 0.8861633078353595], [-0.861949853388887, 3.0291256150521964, 1.7021417981879958, -1.3915706841594886, 0.9185941591098222, 0.5291158195194855, 1.2255944347828867], [0.5055544968099532, -3.206886991187832, -1.7588345759208592, 1.3836989179517984, -0.7801634779221162, -0.015970005454299812, -1.015651946229062], [1.3998532116872118, -2.779778247395544, -0.886135062187334, 1.0350181500608984, -1.3562934971451022, 0.71040478720376, 0.4520566890333657], [-0.009687502753357733, -0.8695601732770318, -1.7521811582772076, 0.17681151834173983, -1.8400007298450534, 1.2518721822895473, 0.4732771993233454], [1.45076039992781, -0.9955695905254737, -0.6414846630571047, 0.4422629462296163, 0.2765524553380413, -0.014780644235101618, -0.4292256508961423], [0.633225795555959, 0.5114244107574545, -1.3383385807233377, 1.787355537843152, -0.3918963219793266, 0.9829941600131111, -0.7827353536427921], [-1.426841231521866, 1.9013697999995367, 1.924748496882836, -2.120367923029321, 0.686731648557074, -2.2667578556475187, -0.042928043962376004]], [[-1.5351934754818526, 1.2112288837005392, -0.07805999761104089, 0.4444449630266499, 0.2523548925824099, 1.5394383308664301], [2.6236623214234287, -0.8010372601103094, 2.219297847831349, -0.5580467141330264, -2.087835385897996, -1.6180331758319575], [1.170160520821734, -1.4551167973867405, 0.523764249176511, -0.8940227154162517, -1.2530842491525942, -1.7857800991098305], [-1.362564582025184, 2.457782798860388, -0.9807243940194214, 1.1384575118164006, 1.0776170697462149, 2.5507856605138586], [1.4768861232258788, -1.2983749168954954, 0.8348017609593407, -0.17727692618031085, -1.903366208628828, -0.29631885696002247], [-1.0720196561613358, 0.8568880393410341, -1.304853991698571, 0.637481009363235, 0.9040847616798172, 2.0169968611200484], [0.051818755866675316, -0.4278992697065488, 0.3374487975822116, -0.7669172867961787, -1.241165696354096, -0.34438677888084984]], [[1.3384819053121686, -0.9002154094388309, -0.9067347900331599, 1.7537432805100552, -1.3789308716625774], [-1.104845987369737, 1.9179799310941017, 1.323246123049322, 0.015000293646627397, 1.7421398005696602], [1.2475967179450789, -1.734221521571528, 0.2384975087042245, 1.7363459730693636, -0.11880589496335058], [-1.1675428111853443, 1.058058027452274, 0.3856203743215915, -0.2108292100730453, 1.3148942787812756], [-2.304748593701943, 0.926130023412083, -0.7298723129245088, -1.8602697108680355, 1.95243246049429], [-1.2831971079498445, 1.7912105404175214, 1.5279611118645855, -1.0663979702796744, 2.0003147875975777]], [[1.0594002642799765, -1.9685124103479317, -0.6058690723638793, 1.5106011381403266], [-1.3835998064465738, 1.0054360281761614, 0.8816742849271676, -1.6360567817289688], [-1.282911582498143, 0.14271516375569823, 0.39725576193953904, -0.6651145971859108], [1.2307823844434427, -0.5407012979536586, -1.6791343148262243, 1.5064397955670392], [-0.5036396456030662, 1.8046290488049337, 0.19977057623660266, -2.30987009546105]], [[-0.07478224364151283, 1.5678602247880886, -1.2814205329778636, -0.4932807552052932], [-4.2319409346402495, -3.9802782105378824, 6.0134185685506925, 7.5435751130172255], [-2.4263124325386913, -0.39061457019451495, 2.738057321939579, 3.9796497614229582], [-0.8215576629824114, 2.4857217620424032, -1.1091533420439277, -0.5440104402163107]]]
[4.7, 3.2, 1.3, 0.2];0.000510;[1.0, 0.0, 0.0];[-0.025812, 0.029395, 0.000909];[0.974188, 0.029395, 0.000909];[[3.754955903492069, 0.9449071785339087, -2.681961769707655, -2.3959863476630585, -1.0262165729116346, -1.5000556019802889, -2.170922407892222, 2.8465737381947798], [-4.920437098279601, 2.465590756030155, -2.5192023893268307, -2.5333187783738045, -1.5159677689601774, -0.10901066406875581, 1.7017910941204912, -2.8442215696763338], [-2.4968199080611595, -2.850354865335081, 2.6038518455205555, 1.6471060739537173, 1.2884781863133388, 1.2128273946109889, -0.15571525745120562, -0.8543497577283802]];[[0.950336, 0.0, 1.7e-05, 0.980348], [0.969965, 0.080386, 0.234384, 0.970312, 0.041189], [0.947475, 0.191793, 0.917049, 0.155271, 0.011235, 0.208978], [0.235065, 0.997631, 0.86251, 0.231946, 0.894282, 0.305706, 0.550714], [0.872922, 0.993794, 0.006369, 0.010721, 0.028484, 0.232472, 0.326688, 0.792093]];[[[-1.2959617552612757, 2.1214365118356584, 1.7435977412142674, -4.045939690272014, 1.4348765562565402, -2.7208576348084144, 0.8861633078353595], [-0.861949853388887, 3.0291256150521964, 1.7021417981879958, -1.3915706841594886, 0.9185941591098222, 0.5291158195194855, 1.2255944347828867], [0.5055544968099532, -3.206886991187832, -1.7588345759208592, 1.3836989179517984, -0.7801634779221162, -0.015970005454299812, -1.015651946229062], [1.3998532116872118, -2.779778247395544, -0.886135062187334, 1.0350181500608984, -1.3562934971451022, 0.71040478720376, 0.4520566890333657], [-0.009687502753357733, -0.8695601732770318, -1.7521811582772076, 0.17681151834173983, -1.8400007298450534, 1.2518721822895473, 0.4732771993233454], [1.45076039992781, -0.9955695905254737, -0.6414846630571047, 0.4422629462296163, 0.2765524553380413, -0.014780644235101618, -0.4292256508961423], [0.633225795555959, 0.5114244107574545, -1.3383385807233377, 1.787355537843152, -0.3918963219793266, 0.9829941600131111, -0.7827353536427921], [-1.426841231521866, 1.9013697999995367, 1.924748496882836, -2.120367923029321, 0.686731648557074, -2.2667578556475187, -0.042928043962376004]], [[-1.5351934754818526, 1.2112288837005392, -0.07805999761104089, 0.4444449630266499, 0.2523548925824099, 1.5394383308664301], [2.6236623214234287, -0.8010372601103094, 2.219297847831349, -0.5580467141330264, -2.087835385897996, -1.6180331758319575], [1.170160520821734, -1.4551167973867405, 0.523764249176511, -0.8940227154162517, -1.2530842491525942, -1.7857800991098305], [-1.362564582025184, 2.457782798860388, -0.9807243940194214, 1.1384575118164006, 1.0776170697462149, 2.5507856605138586], [1.4768861232258788, -1.2983749168954954, 0.8348017609593407, -0.17727692618031085, -1.903366208628828, -0.29631885696002247], [-1.0720196561613358, 0.8568880393410341, -1.304853991698571, 0.637481009363235, 0.9040847616798172, 2.0169968611200484], [0.051818755866675316, -0.4278992697065488, 0.3374487975822116, -0.7669172867961787, -1.241165696354096, -0.34438677888084984]], [[1.3384819053121686, -0.9002154094388309, -0.9067347900331599, 1.7537432805100552, -1.3789308716625774], [-1.104845987369737, 1.9179799310941017, 1.323246123049322, 0.015000293646627397, 1.7421398005696602], [1.2475967179450789, -1.734221521571528, 0.2384975087042245, 1.7363459730693636, -0.11880589496335058], [-1.1675428111853443, 1.058058027452274, 0.3856203743215915, -0.2108292100730453, 1.3148942787812756], [-2.304748593701943, 0.926130023412083, -0.7298723129245088, -1.8602697108680355, 1.95243246049429], [-1.2831971079498445, 1.7912105404175214, 1.5279611118645855, -1.0663979702796744, 2.0003147875975777]], [[1.0594002642799765, -1.9685124103479317, -0.6058690723638793, 1.5106011381403266], [-1.3835998064465738, 1.0054360281761614, 0.8816742849271676, -1.6360567817289688], [-1.282911582498143, 0.14271516375569823, 0.39725576193953904, -0.6651145971859108], [1.2307823844434427, -0.5407012979536586, -1.6791343148262243, 1.5064397955670392], [-0.5036396456030662, 1.8046290488049337, 0.19977057623660266, -2.30987009546105]], [[-0.07478224364151283, 1.5678602247880886, -1.2814205329778636, -0.4932807552052932], [-4.2319409346402495, -3.9802782105378824, 6.0134185685506925, 7.5435751130172255], [-2.4263124325386913, -0.39061457019451495, 2.738057321939579, 3.9796497614229582], [-0.8215576629824114, 2.4857217620424032, -1.1091533420439277, -0.5440104402163107]]]
[5.4, 3.9, 1.7, 0.4];0.000489;[1.0, 0.0, 0.0];[-0.025251, 0.028778, 0.0009];[0.974749, 0.028778, 0.0009];[[3.754955903492069, 0.9449071785339087, -2.681961769707655, -2.3959863476630585, -1.0262165729116346, -1.5000556019802889, -2.170922407892222, 2.8465737381947798], [-4.920437098279601, 2.465590756030155, -2.5192023893268307, -2.5333187783738045, -1.5159677689601774, -0.10901066406875581, 1.7017910941204912, -2.8442215696763338], [-2.4968199080611595, -2.850354865335081, 2.6038518455205555, 1.6471060739537173, 1.2884781863133388, 1.2128273946109889, -0.15571525745120562, -0.8543497577283802]];[[0.967247, 0.0, 1.6e-05, 0.989252], [0.970866, 0.077624, 0.229464, 0.971282, 0.040056], [0.948041, 0.189515, 0.917547, 0.154281, 0.011178, 0.206194], [0.233557, 0.997654, 0.863711, 0.229259, 0.894784, 0.303692, 0.551446], [0.875322, 0.99384, 0.00632, 0.010639, 0.028327, 0.231703, 0.32447, 0.794565]];[[[-1.2959617552612757, 2.1214365118356584, 1.7435977412142674, -4.045939690272014, 1.4348765562565402, -2.7208576348084144, 0.8861633078353595], [-0.861949853388887, 3.0291256150521964, 1.7021417981879958, -1.3915706841594886, 0.9185941591098222, 0.5291158195194855, 1.2255944347828867], [0.5055544968099532, -3.206886991187832, -1.7588345759208592, 1.3836989179517984, -0.7801634779221162, -0.015970005454299812, -1.015651946229062], [1.3998532116872118, -2.779778247395544, -0.886135062187334, 1.0350181500608984, -1.3562934971451022, 0.71040478720376, 0.4520566890333657], [-0.009687502753357733, -0.8695601732770318, -1.7521811582772076, 0.17681151834173983, -1.8400007298450534, 1.2518721822895473, 0.4732771993233454], [1.45076039992781, -0.9955695905254737, -0.6414846630571047, 0.4422629462296163, 0.2765524553380413, -0.014780644235101618, -0.4292256508961423], [0.633225795555959, 0.5114244107574545, -1.3383385807233377, 1.787355537843152, -0.3918963219793266, 0.9829941600131111, -0.7827353536427921], [-1.426841231521866, 1.9013697999995367, 1.924748496882836, -2.120367923029321, 0.686731648557074, -2.2667578556475187, -0.042928043962376004]], [[-1.5351934754818526, 1.2112288837005392, -0.07805999761104089, 0.4444449630266499, 0.2523548925824099, 1.5394383308664301], [2.6236623214234287, -0.8010372601103094, 2.219297847831349, -0.5580467141330264, -2.087835385897996, -1.6180331758319575], [1.170160520821734, -1.4551167973867405, 0.523764249176511, -0.8940227154162517, -1.2530842491525942, -1.7857800991098305], [-1.362564582025184, 2.457782798860388, -0.9807243940194214, 1.1384575118164006, 1.0776170697462149, 2.5507856605138586], [1.4768861232258788, -1.2983749168954954, 0.8348017609593407, -0.17727692618031085, -1.903366208628828, -0.29631885696002247], [-1.0720196561613358, 0.8568880393410341, -1.304853991698571, 0.637481009363235, 0.9040847616798172, 2.0169968611200484], [0.051818755866675316, -0.4278992697065488, 0.3374487975822116, -0.7669172867961787, -1.241165696354096, -0.34438677888084984]], [[1.3384819053121686, -0.9002154094388309, -0.9067347900331599, 1.7537432805100552, -1.3789308716625774], [-1.104845987369737, 1.9179799310941017, 1.323246123049322, 0.015000293646627397, 1.7421398005696602], [1.2475967179450789, -1.734221521571528, 0.2384975087042245, 1.7363459730693636, -0.11880589496335058], [-1.1675428111853443, 1.058058027452274, 0.3856203743215915, -0.2108292100730453, 1.3148942787812756], [-2.304748593701943, 0.926130023412083, -0.7298723129245088, -1.8602697108680355, 1.95243246049429], [-1.2831971079498445, 1.7912105404175214, 1.5279611118645855, -1.0663979702796744, 2.0003147875975777]], [[1.0594002642799765, -1.9685124103479317, -0.6058690723638793, 1.5106011381403266], [-1.3835998064465738, 1.0054360281761614, 0.8816742849271676, -1.6360567817289688], [-1.282911582498143, 0.14271516375569823, 0.39725576193953904, -0.6651145971859108], [1.2307823844434427, -0.5407012979536586, -1.6791343148262243, 1.5064397955670392], [-0.5036396456030662, 1.8046290488049337, 0.19977057623660266, -2.30987009546105]], [[-0.07478224364151283, 1.5678602247880886, -1.2814205329778636, -0.4932807552052932], [-4.2319409346402495, -3.9802782105378824, 6.0134185685506925, 7.5435751130172255], [-2.4263124325386913, -0.39061457019451495, 2.738057321939579, 3.9796497614229582], [-0.8215576629824114, 2.4857217620424032, -1.1091533420439277, -0.5440104402163107]]]
[4.9, 3.1, 1.5, 0.1];0.000544;[1.0, 0.0, 0.0];[-0.026676, 0.030345, 0.000921];[0.973324, 0.030345, 0.000921];[[3.754955903492069, 0.9449071785339087, -2.681961769707655, -2.3959863476630585, -1.0262165729116346, -1.5000556019802889, -2.170922407892222, 2.8465737381947798], [-4.920437098279601, 2.465590756030155, -2.5192023893268307, -2.5333187783738045, -1.5159677689601774, -0.10901066406875581, 1.7017910941204912, -2.8442215696763338], [-2.4968199080611595, -2.850354865335081, 2.6038518455205555, 1.6471060739537173, 1.2884781863133388, 1.2128273946109889, -0.15571525745120562, -0.8543497577283802]];[[0.929093, 0.0, 1.3e-05, 0.965425], [0.968625, 0.084454, 0.241121, 0.968879, 0.04301], [0.946644, 0.195125, 0.916299, 0.156741, 0.011326, 0.213052], [0.237287, 0.997598, 0.860731, 0.235928, 0.89354, 0.308677, 0.549634], [0.869298, 0.993726, 0.006442, 0.010844, 0.028717, 0.233611, 0.329984, 0.788396]];[[[-1.2959617552612757, 2.1214365118356584, 1.7435977412142674, -4.045939690272014, 1.4348765562565402, -2.7208576348084144, 0.8861633078353595], [-0.861949853388887, 3.0291256150521964, 1.7021417981879958, -1.3915706841594886, 0.9185941591098222, 0.5291158195194855, 1.2255944347828867], [0.5055544968099532, -3.206886991187832, -1.7588345759208592, 1.3836989179517984, -0.7801634779221162, -0.015970005454299812, -1.015651946229062], [1.3998532116872118, -2.779778247395544, -0.886135062187334, 1.0350181500608984, -1.3562934971451022, 0.71040478720376, 0.4520566890333657], [-0.009687502753357733, -0.8695601732770318, -1.7521811582772076, 0.17681151834173983, -1.8400007298450534, 1.2518721822895473, 0.4732771993233454], [1.45076039992781, -0.9955695905254737, -0.6414846630571047, 0.4422629462296163, 0.2765524553380413, -0.014780644235101618, -0.4292256508961423], [0.633225795555959, 0.5114244107574545, -1.3383385807233377, 1.787355537843152, -0.3918963219793266, 0.9829941600131111, -0.7827353536427921], [-1.426841231521866, 1.9013697999995367, 1.924748496882836, -2.120367923029321, 0.686731648557074, -2.2667578556475187, -0.042928043962376004]], [[-1.5351934754818526, 1.2112288837005392, -0.07805999761104089, 0.4444449630266499, 0.2523548925824099, 1.5394383308664301], [2.6236623214234287, -0.8010372601103094, 2.219297847831349, -0.5580467141330264, -2.087835385897996, -1.6180331758319575], [1.170160520821734, -1.4551167973867405, 0.523764249176511, -0.8940227154162517, -1.2530842491525942, -1.7857800991098305], [-1.362564582025184, 2.457782798860388, -0.9807243940194214, 1.1384575118164006, 1.0776170697462149, 2.5507856605138586], [1.4768861232258788, -1.2983749168954954, 0.8348017609593407, -0.17727692618031085, -1.903366208628828, -0.29631885696002247], [-1.0720196561613358, 0.8568880393410341, -1.304853991698571, 0.637481009363235, 0.9040847616798172, 2.0169968611200484], [0.051818755866675316, -0.4278992697065488, 0.3374487975822116, -0.7669172867961787, -1.241165696354096, -0.34438677888084984]], [[1.3384819053121686, -0.9002154094388309, -0.9067347900331599, 1.7537432805100552, -1.3789308716625774], [-1.104845987369737, 1.9179799310941017, 1.323246123049322, 0.015000293646627397, 1.7421398005696602], [1.2475967179450789, -1.734221521571528, 0.2384975087042245, 1.7363459730693636, -0.11880589496335058], [-1.1675428111853443, 1.058058027452274, 0.3856203743215915, -0.2108292100730453, 1.3148942787812756], [-2.304748593701943, 0.926130023412083, -0.7298723129245088, -1.8602697108680355, 1.95243246049429], [-1.2831971079498445, 1.7912105404175214, 1.5279611118645855, -1.0663979702796744, 2.0003147875975777]], [[1.0594002642799765, -1.9685124103479317, -0.6058690723638793, 1.5106011381403266], [-1.3835998064465738, 1.0054360281761614, 0.8816742849271676, -1.6360567817289688], [-1.282911582498143, 0.14271516375569823, 0.39725576193953904, -0.6651145971859108], [1.2307823844434427, -0.5407012979536586, -1.6791343148262243, 1.5064397955670392], [-0.5036396456030662, 1.8046290488049337, 0.19977057623660266, -2.30987009546105]], [[-0.07478224364151283, 1.5678602247880886, -1.2814205329778636, -0.4932807552052932], [-4.2319409346402495, -3.9802782105378824, 6.0134185685506925, 7.5435751130172255], [-2.4263124325386913, -0.39061457019451495, 2.738057321939579, 3.9796497614229582], [-0.8215576629824114, 2.4857217620424032, -1.1091533420439277, -0.5440104402163107]]]
[5.4, 3.7, 1.5, 0.2];0.000489;[1.0, 0.0, 0.0];[-0.025268, 0.028796, 0.000901];[0.974732, 0.028796, 0.000901];[[3.754955903492069, 0.9449071785339087, -2.681961769707655, -2.3959863476630585, -1.0262165729116346, -1.5000556019802889, -2.170922407892222, 2.8465737381947798], [-4.920437098279601, 2.465590756030155, -2.5192023893268307, -2.5333187783738045, -1.5159677689601774, -0.10901066406875581, 1.7017910941204912, -2.8442215696763338], [-2.4968199080611595, -2.850354865335081, 2.6038518455205555, 1.6471060739537173, 1.2884781863133388, 1.2128273946109889, -0.15571525745120562, -0.8543497577283802]];[[0.968533, 0.0, 4e-06, 0.987329], [0.970822, 0.077721, 0.229398, 0.971246, 0.040202], [0.948023, 0.189577, 0.917523, 0.154324, 0.011185, 0.20627], [0.2336, 0.997653, 0.863675, 0.229338, 0.894768, 0.303753, 0.551421], [0.875251, 0.993839, 0.006322, 0.010641, 0.028332, 0.231725, 0.324536, 0.794492]];[[[-1.2959617552612757, 2.1214365118356584, 1.7435977412142674, -4.045939690272014, 1.4348765562565402, -2.7208576348084144, 0.8861633078353595], [-0.861949853388887, 3.0291256150521964, 1.7021417981879958, -1.3915706841594886, 0.9185941591098222, 0.5291158195194855, 1.2255944347828867], [0.5055544968099532, -3.206886991187832, -1.7588345759208592, 1.3836989179517984, -0.7801634779221162, -0.015970005454299812, -1.015651946229062], [1.3998532116872118, -2.779778247395544, -0.886135062187334, 1.0350181500608984, -1.3562934971451022, 0.71040478720376, 0.4520566890333657], [-0.009687502753357733, -0.8695601732770318, -1.7521811582772076, 0.17681151834173983, -1.8400007298450534, 1.2518721822895473, 0.4732771993233454], [1.45076039992781, -0.9955695905254737, -0.6414846630571047, 0.4422629462296163, 0.2765524553380413, -0.014780644235101618, -0.4292256508961423], [0.633225795555959, 0.5114244107574545, -1.3383385807233377, 1.787355537843152, -0.3918963219793266, 0.9829941600131111, -0.7827353536427921], [-1.426841231521866, 1.9013697999995367, 1.924748496882836, -2.120367923029321, 0.686731648557074, -2.2667578556475187, -0.042928043962376004]], [[-1.5351934754818526, 1.2112288837005392, -0.07805999761104089, 0.4444449630266499, 0.2523548925824099, 1.5394383308664301], [2.6236623214234287, -0.8010372601103094, 2.219297847831349, -0.5580467141330264, -2.087835385897996, -1.6180331758319575], [1.170160520821734, -1.4551167973867405, 0.523764249176511, -0.8940227154162517, -1.2530842491525942, -1.7857800991098305], [-1.362564582025184, 2.457782798860388, -0.9807243940194214, 1.1384575118164006, 1.0776170697462149, 2.5507856605138586], [1.4768861232258788, -1.2983749168954954, 0.8348017609593407, -0.17727692618031085, -1.903366208628828, -0.29631885696002247], [-1.0720196561613358, 0.8568880393410341, -1.304853991698571, 0.637481009363235, 0.9040847616798172, 2.0169968611200484], [0.051818755866675316, -0.4278992697065488, 0.3374487975822116, -0.7669172867961787, -1.241165696354096, -0.34438677888084984]], [[1.3384819053121686, -0.9002154094388309, -0.9067347900331599, 1.7537432805100552, -1.3789308716625774], [-1.104845987369737, 1.9179799310941017, 1.323246123049322, 0.015000293646627397, 1.7421398005696602], [1.2475967179450789, -1.734221521571528, 0.2384975087042245, 1.7363459730693636, -0.11880589496335058], [-1.1675428111853443, 1.058058027452274, 0.3856203743215915, -0.2108292100730453, 1.3148942787812756], [-2.304748593701943, 0.926130023412083, -0.7298723129245088, -1.8602697108680355, 1.95243246049429], [-1.2831971079498445, 1.7912105404175214, 1.5279611118645855, -1.0663979702796744, 2.0003147875975777]], [[1.0594002642799765, -1.9685124103479317, -0.6058690723638793, 1.5106011381403266], [-1.3835998064465738, 1.0054360281761614, 0.8816742849271676, -1.6360567817289688], [-1.282911582498143, 0.14271516375569823, 0.39725576193953904, -0.6651145971859108], [1.2307823844434427, -0.5407012979536586, -1.6791343148262243, 1.5064397955670392], [-0.5036396456030662, 1.8046290488049337, 0.19977057623660266, -2.30987009546105]], [[-0.07478224364151283, 1.5678602247880886, -1.2814205329778636, -0.4932807552052932], [-4.2319409346402495, -3.9802782105378824, 6.0134185685506925, 7.5435751130172255], [-2.4263124325386913, -0.39061457019451495, 2.738057321939579, 3.9796497614229582], [-0.8215576629824114, 2.4857217620424032, -1.1091533420439277, -0.5440104402163107]]]
[5.4, 3.9, 1.3, 0.4];0.000476;[1.0, 0.0, 0.0];[-0.024912, 0.028405, 0.000895];[0.975088, 0.028405, 0.000895];[[3.754955903492069, 0.9449071785339087, -2.681961769707655, -2.3959863476630585, -1.0262165729116346, -1.5000556019802889, -2.170922407892222, 2.8465737381947798], [-4.920437098279601, 2.465590756030155, -2.5192023893268307, -2.5333187783738045, -1.5159677689601774, -0.10901066406875581, 1.7017910941204912, -2.8442215696763338], [-2.4968199080611595, -2.850354865335081, 2.6038518455205555, 1.6471060739537173, 1.2884781863133388, 1.2128273946109889, -0.15571525745120562, -0.8543497577283802]];[[0.980122, 0.0, 5e-06, 0.993076], [0.97141, 0.075917, 0.226111, 0.97188, 0.039471], [0.948392, 0.188088, 0.917845, 0.153678, 0.011149, 0.204451], [0.232618, 0.997668, 0.864455, 0.227594, 0.895094, 0.302443, 0.551899], [0.87679, 0.993868, 0.00629, 0.010588, 0.02823, 0.231226, 0.323098, 0.796088]];[[[-1.2959617552612757, 2.1214365118356584, 1.7435977412142674, -4.045939690272014, 1.4348765562565402, -2.7208576348084144, 0.8861633078353595], [-0.861949853388887, 3.0291256150521964, 1.7021417981879958, -1.3915706841594886, 0.9185941591098222, 0.5291158195194855, 1.2255944347828867], [0.5055544968099532, -3.206886991187832, -1.7588345759208592, 1.3836989179517984, -0.7801634779221162, -0.015970005454299812, -1.015651946229062], [1.3998532116872118, -2.779778247395544, -0.886135062187334, 1.0350181500608984, -1.3562934971451022, 0.71040478720376, 0.4520566890333657], [-0.009687502753357733, -0.8695601732770318, -1.7521811582772076, 0.17681151834173983, -1.8400007298450534, 1.2518721822895473, 0.4732771993233454], [1.45076039992781, -0.9955695905254737, -0.6414846630571047, 0.4422629462296163, 0.2765524553380413, -0.014780644235101618, -0.4292256508961423], [0.633225795555959, 0.5114244107574545, -1.3383385807233377, 1.787355537843152, -0.3918963219793266, 0.9829941600131111, -0.7827353536427921], [-1.426841231521866, 1.9013697999995367, 1.924748496882836, -2.120367923029321, 0.686731648557074, -2.2667578556475187, -0.042928043962376004]], [[-1.5351934754818526, 1.2112288837005392, -0.07805999761104089, 0.4444449630266499, 0.2523548925824099, 1.5394383308664301], [2.6236623214234287, -0.8010372601103094, 2.219297847831349, -0.5580467141330264, -2.087835385897996, -1.6180331758319575], [1.170160520821734, -1.4551167973867405, 0.523764249176511, -0.8940227154162517, -1.2530842491525942, -1.7857800991098305], [-1.362564582025184, 2.457782798860388, -0.9807243940194214, 1.1384575118164006, 1.0776170697462149, 2.5507856605138586], [1.4768861232258788, -1.2983749168954954, 0.8348017609593407, -0.17727692618031085, -1.903366208628828, -0.29631885696002247], [-1.0720196561613358, 0.8568880393410341, -1.304853991698571, 0.637481009363235, 0.9040847616798172, 2.0169968611200484], [0.051818755866675316, -0.4278992697065488, 0.3374487975822116, -0.7669172867961787, -1.241165696354096, -0.34438677888084984]], [[1.3384819053121686, -0.9002154094388309, -0.9067347900331599, 1.7537432805100552, -1.3789308716625774], [-1.104845987369737, 1.9179799310941017, 1.323246123049322, 0.015000293646627397, 1.7421398005696602], [1.2475967179450789, -1.734221521571528, 0.2384975087042245, 1.7363459730693636, -0.11880589496335058], [-1.1675428111853443, 1.058058027452274, 0.3856203743215915, -0.2108292100730453, 1.3148942787812756], [-2.304748593701943, 0.926130023412083, -0.7298723129245088, -1.8602697108680355, 1.95243246049429], [-1.2831971079498445, 1.7912105404175214, 1.5279611118645855, -1.0663979702796744, 2.0003147875975777]], [[1.0594002642799765, -1.9685124103479317, -0.6058690723638793, 1.5106011381403266], [-1.3835998064465738, 1.0054360281761614, 0.8816742849271676, -1.6360567817289688], [-1.282911582498143, 0.14271516375569823, 0.39725576193953904, -0.6651145971859108], [1.2307823844434427, -0.5407012979536586, -1.6791343148262243, 1.5064397955670392], [-0.5036396456030662, 1.8046290488049337, 0.19977057623660266, -2.30987009546105]], [[-0.07478224364151283, 1.5678602247880886, -1.2814205329778636, -0.4932807552052932], [-4.2319409346402495, -3.9802782105378824, 6.0134185685506925, 7.5435751130172255], [-2.4263124325386913, -0.39061457019451495, 2.738057321939579, 3.9796497614229582], [-0.8215576629824114, 2.4857217620424032, -1.1091533420439277, -0.5440104402163107]]]
[5.1, 3.3, 1.7, 0.5];0.000559;[1.0, 0.0, 0.0];[-0.027047, 0.030754, 0.000927];[0.972953, 0.030754, 0.000927];[[3.754955903492069, 0.9449071785339087, -2.681961769707655, -2.3959863476630585, -1.0262165729116346, -1.5000556019802889, -2.170922407892222, 2.8465737381947798], [-4.920437098279601, 2.465590756030155, -2.5192023893268307, -2.5333187783738045, -1.5159677689601774, -0.10901066406875581, 1.7017910941204912, -2.8442215696763338], [-2.4968199080611595, -2.850354865335081, 2.6038518455205555, 1.6471060739537173, 1.2884781863133388, 1.2128273946109889, -0.15571525745120562, -0.8543497577283802]];[[0.918179, 0.0, 6e-05, 0.961684], [0.968097, 0.086113, 0.244155, 0.968297, 0.043597], [0.9463, 0.196509, 0.916, 0.157328, 0.011357, 0.214747], [0.238212, 0.997584, 0.859991, 0.237588, 0.893234, 0.309909, 0.549192], [0.867766, 0.993697, 0.006473, 0.010896, 0.028815, 0.234086, 0.331359, 0.786845]];[[[-1.2959617552612757, 2.1214365118356584, 1.7435977412142674, -4.045939690272014, 1.4348765562565402, -2.7208576348084144, 0.8861633078353595], [-0.861949853388887, 3.0291256150521964, 1.7021417981879958, -1.3915706841594886, 0.9185941591098222, 0.5291158195194855, 1.2255944347828867], [0.5055544968099532, -3.206886991187832, -1.7588345759208592, 1.3836989179517984, -0.7801634779221162, -0.015970005454299812, -1.015651946229062], [1.3998532116872118, -2.779778247395544, -0.886135062187334, 1.0350181500608984, -1.3562934971451022, 0.71040478720376, 0.4520566890333657], [-0.009687502753357733, -0.8695601732770318, -1.7521811582772076, 0.17681151834173983, -1.8400007298450534, 1.2518721822895473, 0.4732771993233454], [1.45076039992781, -0.9955695905254737, -0.6414846630571047, 0.4422629462296163, 0.2765524553380413, -0.014780644235101618, -0.4292256508961423], [0.633225795555959, 0.5114244107574545, -1.3383385807233377, 1.787355537843152, -0.3918963219793266, 0.9829941600131111, -0.7827353536427921], [-1.426841231521866, 1.9013697999995367, 1.924748496882836, -2.120367923029321, 0.686731648557074, -2.2667578556475187, -0.042928043962376004]], [[-1.5351934754818526, 1.2112288837005392, -0.07805999761104089, 0.4444449630266499, 0.2523548925824099, 1.5394383308664301], [2.6236623214234287, -0.8010372601103094, 2.219297847831349, -0.5580467141330264, -2.087835385897996, -1.6180331758319575], [1.170160520821734, -1.4551167973867405, 0.523764249176511, -0.8940227154162517, -1.2530842491525942, -1.7857800991098305], [-1.362564582025184, 2.457782798860388, -0.9807243940194214, 1.1384575118164006, 1.0776170697462149, 2.5507856605138586], [1.4768861232258788, -1.2983749168954954, 0.8348017609593407, -0.17727692618031085, -1.903366208628828, -0.29631885696002247], [-1.0720196561613358, 0.8568880393410341, -1.304853991698571, 0.637481009363235, 0.9040847616798172, 2.0169968611200484], [0.051818755866675316, -0.4278992697065488, 0.3374487975822116, -0.7669172867961787, -1.241165696354096, -0.34438677888084984]], [[1.3384819053121686, -0.9002154094388309, -0.9067347900331599, 1.7537432805100552, -1.3789308716625774], [-1.104845987369737, 1.9179799310941017, 1.323246123049322, 0.015000293646627397, 1.7421398005696602], [1.2475967179450789, -1.734221521571528, 0.2384975087042245, 1.7363459730693636, -0.11880589496335058], [-1.1675428111853443, 1.058058027452274, 0.3856203743215915, -0.2108292100730453, 1.3148942787812756], [-2.304748593701943, 0.926130023412083, -0.7298723129245088, -1.8602697108680355, 1.95243246049429], [-1.2831971079498445, 1.7912105404175214, 1.5279611118645855, -1.0663979702796744, 2.0003147875975777]], [[1.0594002642799765, -1.9685124103479317, -0.6058690723638793, 1.5106011381403266], [-1.3835998064465738, 1.0054360281761614, 0.8816742849271676, -1.6360567817289688], [-1.282911582498143, 0.14271516375569823, 0.39725576193953904, -0.6651145971859108], [1.2307823844434427, -0.5407012979536586, -1.6791343148262243, 1.5064397955670392], [-0.5036396456030662, 1.8046290488049337, 0.19977057623660266, -2.30987009546105]], [[-0.07478224364151283, 1.5678602247880886, -1.2814205329778636, -0.4932807552052932], [-4.2319409346402495, -3.9802782105378824, 6.0134185685506925, 7.5435751130172255], [-2.4263124325386913, -0.39061457019451495, 2.738057321939579, 3.9796497614229582], [-0.8215576629824114, 2.4857217620424032, -1.1091533420439277, -0.5440104402163107]]]
[5.0, 3.0, 1.6, 0.2];0.000597;[1.0, 0.0, 0.0];[-0.02795, 0.031751, 0.00094];[0.97205, 0.031751, 0.00094];[[3.754955903492069, 0.9449071785339087, -2.681961769707655, -2.3959863476630585, -1.0262165729116346, -1.5000556019802889, -2.170922407892222, 2.8465737381947798], [-4.920437098279601, 2.465590756030155, -2.5192023893268307, -2.5333187783738045, -1.5159677689601774, -0.10901066406875581, 1.7017910941204912, -2.8442215696763338], [-2.4968199080611595, -2.850354865335081, 2.6038518455205555, 1.6471060739537173, 1.2884781863133388, 1.2128273946109889, -0.15571525745120562, -0.8543497577283802]];[[0.903009, 0.0, 2e-05, 0.944454], [0.966771, 0.09006, 0.249903, 0.9669, 0.045618], [0.945493, 0.199709, 0.915243, 0.158777, 0.011459, 0.218666], [0.240374, 0.997551, 0.858246, 0.241498, 0.892508, 0.312807, 0.548139], [0.864099, 0.993629, 0.006546, 0.011018, 0.029046, 0.235204, 0.334609, 0.783162]];[[[-1.2959617552612757, 2.1214365118356584, 1.7435977412142674, -4.045939690272014, 1.4348765562565402, -2.7208576348084144, 0.8861633078353595], [-0.861949853388887, 3.0291256150521964, 1.7021417981879958, -1.3915706841594886, 0.9185941591098222, 0.5291158195194855, 1.2255944347828867], [0.5055544968099532, -3.206886991187832, -1.7588345759208592, 1.3836989179517984, -0.7801634779221162, -0.015970005454299812, -1.015651946229062], [1.3998532116872118, -2.779778247395544, -0.886135062187334, 1.0350181500608984, -1.3562934971451022, 0.71040478720376, 0.4520566890333657], [-0.009687502753357733, -0.8695601732770318, -1.7521811582772076, 0.17681151834173983, -1.8400007298450534, 1.2518721822895473, 0.4732771993233454], [1.45076039992781, -0.9955695905254737, -0.6414846630571047, 0.4422629462296163, 0.2765524553380413, -0.014780644235101618, -0.4292256508961423], [0.633225795555959, 0.5114244107574545, -1.3383385807233377, 1.787355537843152, -0.3918963219793266, 0.9829941600131111, -0.7827353536427921], [-1.426841231521866, 1.9013697999995367, 1.924748496882836, -2.120367923029321, 0.686731648557074, -2.2667578556475187, -0.042928043962376004]], [[-1.5351934754818526, 1.2112288837005392, -0.07805999761104089, 0.4444449630266499, 0.2523548925824099, 1.5394383308664301], [2.6236623214234287, -0.8010372601103094, 2.219297847831349, -0.5580467141330264, -2.087835385897996, -1.6180331758319575], [1.170160520821734, -1.4551167973867405, 0.523764249176511, -0.8940227154162517, -1.2530842491525942, -1.7857800991098305], [-1.362564582025184, 2.457782798860388, -0.9807243940194214, 1.1384575118164006, 1.0776170697462149, 2.5507856605138586], [1.4768861232258788, -1.2983749168954954, 0.8348017609593407, -0.17727692618031085, -1.903366208628828, -0.29631885696002247], [-1.0720196561613358, 0.8568880393410341, -1.304853991698571, 0.637481009363235, 0.9040847616798172, 2.0169968611200484], [0.051818755866675316, -0.4278992697065488, 0.3374487975822116, -0.7669172867961787, -1.241165696354096, -0.34438677888084984]], [[1.3384819053121686, -0.9002154094388309, -0.9067347900331599, 1.7537432805100552, -1.3789308716625774], [-1.104845987369737, 1.9179799310941017, 1.323246123049322, 0.015000293646627397, 1.7421398005696602], [1.2475967179450789, -1.734221521571528, 0.2384975087042245, 1.7363459730693636, -0.11880589496335058], [-1.1675428111853443, 1.058058027452274, 0.3856203743215915, -0.2108292100730453, 1.3148942787812756], [-2.304748593701943, 0.926130023412083, -0.7298723129245088, -1.8602697108680355, 1.95243246049429], [-1.2831971079498445, 1.7912105404175214, 1.5279611118645855, -1.0663979702796744, 2.0003147875975777]], [[1.0594002642799765, -1.9685124103479317, -0.6058690723638793, 1.5106011381403266], [-1.3835998064465738, 1.0054360281761614, 0.8816742849271676, -1.6360567817289688], [-1.282911582498143, 0.14271516375569823, 0.39725576193953904, -0.6651145971859108], [1.2307823844434427, -0.5407012979536586, -1.6791343148262243, 1.5064397955670392], [-0.5036396456030662, 1.8046290488049337, 0.19977057623660266, -2.30987009546105]], [[-0.07478224364151283, 1.5678602247880886, -1.2814205329778636, -0.4932807552052932], [-4.2319409346402495, -3.9802782105378824, 6.0134185685506925, 7.5435751130172255], [-2.4263124325386913, -0.39061457019451495, 2.738057321939579, 3.9796497614229582], [-0.8215576629824114, 2.4857217620424032, -1.1091533420439277, -0.5440104402163107]]]
[4.7, 3.2, 1.6, 0.2];0.000537;[1.0, 0.0, 0.0];[-0.026492, 0.030142, 0.000919];[0.973508, 0.030142, 0.000919];[[3.754955903492069, 0.9449071785339087, -2.681961769707655, -2.3959863476630585, -1.0262165729116346, -1.5000556019802889, -2.170922407892222, 2.8465737381947798], [-4.920437098279601, 2.465590756030155, -2.5192023893268307, -2.5333187783738045, -1.5159677689601774, -0.10901066406875581, 1.7017910941204912, -2.8442215696763338], [-2.4968199080611595, -2.850354865335081, 2.6038518455205555, 1.6471060739537173, 1.2884781863133388, 1.2128273946109889, -0.15571525745120562, -0.8543497577283802]];[[0.928715, 0.0, 3.8e-05, 0.972801], [0.968949, 0.083568, 0.240315, 0.969197, 0.042323], [0.946819, 0.194447, 0.916481, 0.156397, 0.011293, 0.212223], [0.236828, 0.997605, 0.861104, 0.235096, 0.893698, 0.308053, 0.549869], [0.870065, 0.99374, 0.006427, 0.010818, 0.028668, 0.233373, 0.329291, 0.789173]];[[[-1.2959617552612757, 2.1214365118356584, 1.7435977412142674, -4.045939690272014, 1.4348765562565402, -2.7208576348084144, 0.8861633078353595], [-0.861949853388887, 3.0291256150521964, 1.7021417981879958, -1.3915706841594886, 0.9185941591098222, 0.5291158195194855, 1.2255944347828867], [0.5055544968099532, -3.206886991187832, -1.7588345759208592, 1.3836989179517984, -0.7801634779221162, -0.015970005454299812, -1.015651946229062], [1.3998532116872118, -2.779778247395544, -0.886135062187334, 1.0350181500608984, -1.3562934971451022, 0.71040478720376, 0.4520566890333657], [-0.009687502753357733, -0.8695601732770318, -1.7521811582772076, 0.17681151834173983, -1.8400007298450534, 1.2518721822895473, 0.4732771993233454], [1.45076039992781, -0.9955695905254737, -0.6414846630571047, 0.4422629462296163, 0.2765524553380413, -0.014780644235101618, -0.4292256508961423], [0.633225795555959, 0.5114244107574545, -1.3383385807233377, 1.787355537843152, -0.3918963219793266, 0.9829941600131111, -0.7827353536427921], [-1.426841231521866, 1.9013697999995367, 1.924748496882836, -2.120367923029321, 0.686731648557074, -2.2667578556475187, -0.042928043962376004]], [[-1.5351934754818526, 1.2112288837005392, -0.07805999761104089, 0.4444449630266499, 0.2523548925824099, 1.5394383308664301], [2.6236623214234287, -0.8010372601103094, 2.219297847831349, -0.5580467141330264, -2.087835385897996, -1.6180331758319575], [1.170160520821734, -1.4551167973867405, 0.523764249176511, -0.8940227154162517, -1.2530842491525942, -1.7857800991098305], [-1.362564582025184, 2.457782798860388, -0.9807243940194214, 1.1384575118164006, 1.0776170697462149, 2.5507856605138586], [1.4768861232258788, -1.2983749168954954, 0.8348017609593407, -0.17727692618031085, -1.903366208628828, -0.29631885696002247], [-1.0720196561613358, 0.8568880393410341, -1.304853991698571, 0.637481009363235, 0.9040847616798172, 2.0169968611200484], [0.051818755866675316, -0.4278992697065488, 0.3374487975822116, -0.7669172867961787, -1.241165696354096, -0.34438677888084984]], [[1.3384819053121686, -0.9002154094388309, -0.9067347900331599, 1.7537432805100552, -1.3789308716625774], [-1.104845987369737, 1.9179799310941017, 1.323246123049322, 0.015000293646627397, 1.7421398005696602], [1.2475967179450789, -1.734221521571528, 0.2384975087042245, 1.7363459730693636, -0.11880589496335058], [-1.1675428111853443, 1.058058027452274, 0.3856203743215915, -0.2108292100730453, 1.3148942787812756], [-2.304748593701943, 0.926130023412083, -0.7298723129245088, -1.8602697108680355, 1.95243246049429], [-1.2831971079498445, 1.7912105404175214, 1.5279611118645855, -1.0663979702796744, 2.0003147875975777]], [[1.0594002642799765, -1.9685124103479317, -0.6058690723638793, 1.5106011381403266], [-1.3835998064465738, 1.0054360281761614, 0.8816742849271676, -1.6360567817289688], [-1.282911582498143, 0.14271516375569823, 0.39725576193953904, -0.6651145971859108], [1.2307823844434427, -0.5407012979536586, -1.6791343148262243, 1.5064397955670392], [-0.5036396456030662, 1.8046290488049337, 0.19977057623660266, -2.30987009546105]], [[-0.07478224364151283, 1.5678602247880886, -1.2814205329778636, -0.4932807552052932], [-4.2319409346402495, -3.9802782105378824, 6.0134185685506925, 7.5435751130172255], [-2.4263124325386913, -0.39061457019451495, 2.738057321939579, 3.9796497614229582], [-0.8215576629824114, 2.4857217620424032, -1.1091533420439277, -0.5440104402163107]]]
[5.5, 4.2, 1.4, 0.2];0.000469;[1.0, 0.0, 0.0];[-0.02471, 0.028183, 0.000892];[0.97529, 0.028183, 0.000892];[[3.754955903492069, 0.9449071785339087, -2.681961769707655, -2.3959863476630585, -1.0262165729116346, -1.5000556019802889, -2.170922407892222, 2.8465737381947798], [-4.920437098279601, 2.465590756030155, -2.5192023893268307, -2.5333187783738045, -1.5159677689601774, -0.10901066406875581, 1.7017910941204912, -2.8442215696763338], [-2.4968199080611595, -2.850354865335081, 2.6038518455205555, 1.6471060739537173, 1.2884781863133388, 1.2128273946109889, -0.15571525745120562, -0.8543497577283802]];[[0.987022, 0.0, 2e-06, 0.996415], [0.971751, 0.074871, 0.224179, 0.972247, 0.039049], [0.948606, 0.187223, 0.918031, 0.153303, 0.011129, 0.203396], [0.23205, 0.997676, 0.864905, 0.226587, 0.895283, 0.301684, 0.552176], [0.877673, 0.993885, 0.006272, 0.010557, 0.028172, 0.230938, 0.322269, 0.797006]];[[[-1.2959617552612757, 2.1214365118356584, 1.7435977412142674, -4.045939690272014, 1.4348765562565402, -2.7208576348084144, 0.8861633078353595], [-0.861949853388887, 3.0291256150521964, 1.7021417981879958, -1.3915706841594886, 0.9185941591098222, 0.5291158195194855, 1.2255944347828867], [0.5055544968099532, -3.206886991187832, -1.7588345759208592, 1.3836989179517984, -0.7801634779221162, -0.015970005454299812, -1.015651946229062], [1.3998532116872118, -2.779778247395544, -0.886135062187334, 1.0350181500608984, -1.3562934971451022, 0.71040478720376, 0.4520566890333657], [-0.009687502753357733, -0.8695601732770318, -1.7521811582772076, 0.17681151834173983, -1.8400007298450534, 1.2518721822895473, 0.4732771993233454], [1.45076039992781, -0.9955695905254737, -0.6414846630571047, 0.4422629462296163, 0.2765524553380413, -0.014780644235101618, -0.4292256508961423], [0.633225795555959, 0.5114244107574545, -1.3383385807233377, 1.787355537843152, -0.3918963219793266, 0.9829941600131111, -0.7827353536427921], [-1.426841231521866, 1.9013697999995367, 1.924748496882836, -2.120367923029321, 0.686731648557074, -2.2667578556475187, -0.042928043962376004]], [[-1.5351934754818526, 1.2112288837005392, -0.07805999761104089, 0.4444449630266499, 0.2523548925824099, 1.5394383308664301], [2.6236623214234287, -0.8010372601103094, 2.219297847831349, -0.5580467141330264, -2.087835385897996, -1.6180331758319575], [1.170160520821734, -1.4551167973867405, 0.523764249176511, -0.8940227154162517, -1.2530842491525942, -1.7857800991098305], [-1.362564582025184, 2.457782798860388, -0.9807243940194214, 1.1384575118164006, 1.0776170697462149, 2.5507856605138586], [1.4768861232258788, -1.2983749168954954, 0.8348017609593407, -0.17727692618031085, -1.903366208628828, -0.29631885696002247], [-1.0720196561613358, 0.8568880393410341, -1.304853991698571, 0.637481009363235, 0.9040847616798172, 2.0169968611200484], [0.051818755866675316, -0.4278992697065488, 0.3374487975822116, -0.7669172867961787, -1.241165696354096, -0.34438677888084984]], [[1.3384819053121686, -0.9002154094388309, -0.9067347900331599, 1.7537432805100552, -1.3789308716625774], [-1.104845987369737, 1.9179799310941017, 1.323246123049322, 0.015000293646627397, 1.7421398005696602], [1.2475967179450789, -1.734221521571528, 0.2384975087042245, 1.7363459730693636, -0.11880589496335058], [-1.1675428111853443, 1.058058027452274, 0.3856203743215915, -0.2108292100730453, 1.3148942787812756], [-2.304748593701943, 0.926130023412083, -0.7298723129245088, -1.8602697108680355, 1.95243246049429], [-1.2831971079498445, 1.7912105404175214, 1.5279611118645855, -1.0663979702796744, 2.0003147875975777]], [[1.0594002642799765, -1.9685124103479317, -0.6058690723638793, 1.5106011381403266], [-1.3835998064465738, 1.0054360281761614, 0.8816742849271676, -1.6360567817289688], [-1.282911582498143, 0.14271516375569823, 0.39725576193953904, -0.6651145971859108], [1.2307823844434427, -0.5407012979536586, -1.6791343148262243, 1.5064397955670392], [-0.5036396456030662, 1.8046290488049337, 0.19977057623660266, -2.30987009546105]], [[-0.07478224364151283, 1.5678602247880886, -1.2814205329778636, -0.4932807552052932], [-4.2319409346402495, -3.9802782105378824, 6.0134185685506925, 7.5435751130172255], [-2.4263124325386913, -0.39061457019451495, 2.738057321939579, 3.9796497614229582], [-0.8215576629824114, 2.4857217620424032, -1.1091533420439277, -0.5440104402163107]]]
[4.9, 3.1, 1.5, 0.2];0.000550;[1.0, 0.0, 0.0];[-0.026806, 0.030489, 0.000923];[0.973194, 0.030489, 0.000923];[[3.754955903492069, 0.9449071785339087, -2.681961769707655, -2.3959863476630585, -1.0262165729116346, -1.5000556019802889, -2.170922407892222, 2.8465737381947798], [-4.920437098279601, 2.465590756030155, -2.5192023893268307, -2.5333187783738045, -1.5159677689601774, -0.10901066406875581, 1.7017910941204912, -2.8442215696763338], [-2.4968199080611595, -2.850354865335081, 2.6038518455205555, 1.6471060739537173, 1.2884781863133388, 1.2128273946109889, -0.15571525745120562, -0.8543497577283802]];[[0.925774, 0.0, 1.9e-05, 0.963562], [0.968432, 0.085047, 0.242129, 0.96867, 0.043257], [0.946522, 0.195614, 0.91619, 0.156953, 0.011338, 0.213651], [0.237614, 0.997593, 0.860469, 0.236516, 0.893431, 0.309114, 0.549476], [0.868757, 0.993716, 0.006453, 0.010862, 0.028752, 0.233779, 0.330471, 0.787848]];[[[-1.2959617552612757, 2.1214365118356584, 1.7435977412142674, -4.045939690272014, 1.4348765562565402, -2.7208576348084144, 0.8861633078353595], [-0.861949853388887, 3.0291256150521964, 1.7021417981879958, -1.3915706841594886, 0.9185941591098222, 0.5291158195194855, 1.2255944347828867], [0.5055544968099532, -3.206886991187832, -1.7588345759208592, 1.3836989179517984, -0.7801634779221162, -0.015970005454299812, -1.015651946229062], [1.3998532116872118, -2.779778247395544, -0.886135062187334, 1.0350181500608984, -1.3562934971451022, 0.71040478720376, 0.4520566890333657], [-0.009687502753357733, -0.8695601732770318, -1.7521811582772076, 0.17681151834173983, -1.8400007298450534, 1.2518721822895473, 0.4732771993233454], [1.45076039992781, -0.9955695905254737, -0.6414846630571047, 0.4422629462296163, 0.2765524553380413, -0.014780644235101618, -0.4292256508961423], [0.633225795555959, 0.5114244107574545, -1.3383385807233377, 1.787355537843152, -0.3918963219793266, 0.9829941600131111, -0.7827353536427921], [-1.426841231521866, 1.9013697999995367, 1.924748496882836, -2.120367923029321, 0.686731648557074, -2.2667578556475187, -0.042928043962376004]], [[-1.5351934754818526, 1.2112288837005392, -0.07805999761104089, 0.4444449630266499, 0.2523548925824099, 1.5394383308664301], [2.6236623214234287, -0.8010372601103094, 2.219297847831349, -0.5580467141330264, -2.087835385897996, -1.6180331758319575], [1.170160520821734, -1.4551167973867405, 0.523764249176511, -0.8940227154162517, -1.2530842491525942, -1.7857800991098305], [-1.362564582025184, 2.457782798860388, -0.9807243940194214, 1.1384575118164006, 1.0776170697462149, 2.5507856605138586], [1.4768861232258788, -1.2983749168954954, 0.8348017609593407, -0.17727692618031085, -1.903366208628828, -0.29631885696002247], [-1.0720196561613358, 0.8568880393410341, -1.304853991698571, 0.637481009363235, 0.9040847616798172, 2.0169968611200484], [0.051818755866675316, -0.4278992697065488, 0.3374487975822116, -0.7669172867961787, -1.241165696354096, -0.34438677888084984]], [[1.3384819053121686, -0.9002154094388309, -0.9067347900331599, 1.7537432805100552, -1.3789308716625774], [-1.104845987369737, 1.9179799310941017, 1.323246123049322, 0.015000293646627397, 1.7421398005696602], [1.2475967179450789, -1.734221521571528, 0.2384975087042245, 1.7363459730693636, -0.11880589496335058], [-1.1675428111853443, 1.058058027452274, 0.3856203743215915, -0.2108292100730453, 1.3148942787812756], [-2.304748593701943, 0.926130023412083, -0.7298723129245088, -1.8602697108680355, 1.95243246049429], [-1.2831971079498445, 1.7912105404175214, 1.5279611118645855, -1.0663979702796744, 2.0003147875975777]], [[1.0594002642799765, -1.9685124103479317, -0.6058690723638793, 1.5106011381403266], [-1.3835998064465738, 1.0054360281761614, 0.8816742849271676, -1.6360567817289688], [-1.282911582498143, 0.14271516375569823, 0.39725576193953904, -0.6651145971859108], [1.2307823844434427, -0.5407012979536586, -1.6791343148262243, 1.5064397955670392], [-0.5036396456030662, 1.8046290488049337, 0.19977057623660266, -2.30987009546105]], [[-0.07478224364151283, 1.5678602247880886, -1.2814205329778636, -0.4932807552052932], [-4.2319409346402495, -3.9802782105378824, 6.0134185685506925, 7.5435751130172255], [-2.4263124325386913, -0.39061457019451495, 2.738057321939579, 3.9796497614229582], [-0.8215576629824114, 2.4857217620424032, -1.1091533420439277, -0.5440104402163107]]]
[4.9, 3.6, 1.4, 0.1];0.000485;[1.0, 0.0, 0.0];[-0.025156, 0.028672, 0.000899];[0.974844, 0.028672, 0.000899];[[3.754955903492069, 0.9449071785339087, -2.681961769707655, -2.3959863476630585, -1.0262165729116346, -1.5000556019802889, -2.170922407892222, 2.8465737381947798], [-4.920437098279601, 2.465590756030155, -2.5192023893268307, -2.5333187783738045, -1.5159677689601774, -0.10901066406875581, 1.7017910941204912, -2.8442215696763338], [-2.4968199080611595, -2.850354865335081, 2.6038518455205555, 1.6471060739537173, 1.2884781863133388, 1.2128273946109889, -0.15571525745120562, -0.8543497577283802]];[[0.970256, 0.0, 8e-06, 0.990835], [0.971023, 0.077141, 0.228596, 0.971452, 0.039857], [0.948139, 0.189118, 0.917633, 0.154108, 0.011169, 0.205709], [0.233294, 0.997658, 0.863919, 0.228792, 0.894871, 0.303342, 0.551574], [0.875735, 0.993848, 0.006312, 0.010624, 0.0283, 0.231569, 0.324085, 0.794993]];[[[-1.2959617552612757, 2.1214365118356584, 1.7435977412142674, -4.045939690272014, 1.4348765562565402, -2.7208576348084144, 0.8861633078353595], [-0.861949853388887, 3.0291256150521964, 1.7021417981879958, -1.3915706841594886, 0.9185941591098222, 0.5291158195194855, 1.2255944347828867], [0.5055544968099532, -3.206886991187832, -1.7588345759208592, 1.3836989179517984, -0.7801634779221162, -0.015970005454299812, -1.015651946229062], [1.3998532116872118, -2.779778247395544, -0.886135062187334, 1.0350181500608984, -1.3562934971451022, 0.71040478720376, 0.4520566890333657], [-0.009687502753357733, -0.8695601732770318, -1.7521811582772076, 0.17681151834173983, -1.8400007298450534, 1.2518721822895473, 0.4732771993233454], [1.45076039992781, -0.9955695905254737, -0.6414846630571047, 0.4422629462296163, 0.2765524553380413, -0.014780644235101618, -0.4292256508961423], [0.633225795555959, 0.5114244107574545, -1.3383385807233377, 1.787355537843152, -0.3918963219793266, 0.9829941600131111, -0.7827353536427921], [-1.426841231521866, 1.9013697999995367, 1.924748496882836, -2.120367923029321, 0.686731648557074, -2.2667578556475187, -0.042928043962376004]], [[-1.5351934754818526, 1.2112288837005392, -0.07805999761104089, 0.4444449630266499, 0.2523548925824099, 1.5394383308664301], [2.6236623214234287, -0.8010372601103094, 2.219297847831349, -0.5580467141330264, -2.087835385897996, -1.6180331758319575], [1.170160520821734, -1.4551167973867405, 0.523764249176511, -0.8940227154162517, -1.2530842491525942, -1.7857800991098305], [-1.362564582025184, 2.457782798860388, -0.9807243940194214, 1.1384575118164006, 1.0776170697462149, 2.5507856605138586], [1.4768861232258788, -1.2983749168954954, 0.8348017609593407, -0.17727692618031085, -1.903366208628828, -0.29631885696002247], [-1.0720196561613358, 0.8568880393410341, -1.304853991698571, 0.637481009363235, 0.9040847616798172, 2.0169968611200484], [0.051818755866675316, -0.4278992697065488, 0.3374487975822116, -0.7669172867961787, -1.241165696354096, -0.34438677888084984]], [[1.3384819053121686, -0.9002154094388309, -0.9067347900331599, 1.7537432805100552, -1.3789308716625774], [-1.104845987369737, 1.9179799310941017, 1.323246123049322, 0.015000293646627397, 1.7421398005696602], [1.2475967179450789, -1.734221521571528, 0.2384975087042245, 1.7363459730693636, -0.11880589496335058], [-1.1675428111853443, 1.058058027452274, 0.3856203743215915, -0.2108292100730453, 1.3148942787812756], [-2.304748593701943, 0.926130023412083, -0.7298723129245088, -1.8602697108680355, 1.95243246049429], [-1.2831971079498445, 1.7912105404175214, 1.5279611118645855, -1.0663979702796744, 2.0003147875975777]], [[1.0594002642799765, -1.9685124103479317, -0.6058690723638793, 1.5106011381403266], [-1.3835998064465738, 1.0054360281761614, 0.8816742849271676, -1.6360567817289688], [-1.282911582498143, 0.14271516375569823, 0.39725576193953904, -0.6651145971859108], [1.2307823844434427, -0.5407012979536586, -1.6791343148262243, 1.5064397955670392], [-0.5036396456030662, 1.8046290488049337, 0.19977057623660266, -2.30987009546105]], [[-0.07478224364151283, 1.5678602247880886, -1.2814205329778636, -0.4932807552052932], [-4.2319409346402495, -3.9802782105378824, 6.0134185685506925, 7.5435751130172255], [-2.4263124325386913, -0.39061457019451495, 2.738057321939579, 3.9796497614229582], [-0.8215576629824114, 2.4857217620424032, -1.1091533420439277, -0.5440104402163107]]]
[5.0, 3.5, 1.3, 0.3];0.000491;[1.0, 0.0, 0.0];[-0.025318, 0.02885, 0.000901];[0.974682, 0.02885, 0.000901];[[3.754955903492069, 0.9449071785339087, -2.681961769707655, -2.3959863476630585, -1.0262165729116346, -1.5000556019802889, -2.170922407892222, 2.8465737381947798], [-4.920437098279601, 2.465590756030155, -2.5192023893268307, -2.5333187783738045, -1.5159677689601774, -0.10901066406875581, 1.7017910941204912, -2.8442215696763338], [-2.4968199080611595, -2.850354865335081, 2.6038518455205555, 1.6471060739537173, 1.2884781863133388, 1.2128273946109889, -0.15571525745120562, -0.8543497577283802]];[[0.966109, 0.0, 1.1e-05, 0.987315], [0.970749, 0.077964, 0.22995, 0.971162, 0.04025], [0.947973, 0.189786, 0.917482, 0.154407, 0.011188, 0.206525], [0.233737, 0.997651, 0.863567, 0.22958, 0.894723, 0.303935, 0.551357], [0.875036, 0.993834, 0.006326, 0.010648, 0.028346, 0.231795, 0.324735, 0.79427]];[[[-1.2959617552612757, 2.1214365118356584, 1.7435977412142674, -4.045939690272014, 1.4348765562565402, -2.7208576348084144, 0.8861633078353595], [-0.861949853388887, 3.0291256150521964, 1.7021417981879958, -1.3915706841594886, 0.9185941591098222, 0.5291158195194855, 1.2255944347828867], [0.5055544968099532, -3.206886991187832, -1.7588345759208592, 1.3836989179517984, -0.7801634779221162, -0.015970005454299812, -1.015651946229062], [1.3998532116872118, -2.779778247395544, -0.886135062187334, 1.0350181500608984, -1.3562934971451022, 0.71040478720376, 0.4520566890333657], [-0.009687502753357733, -0.8695601732770318, -1.7521811582772076, 0.17681151834173983, -1.8400007298450534, 1.2518721822895473, 0.4732771993233454], [1.45076039992781, -0.9955695905254737, -0.6414846630571047, 0.4422629462296163, 0.2765524553380413, -0.014780644235101618, -0.4292256508961423], [0.633225795555959, 0.5114244107574545, -1.3383385807233377, 1.787355537843152, -0.3918963219793266, 0.9829941600131111, -0.7827353536427921], [-1.426841231521866, 1.9013697999995367, 1.924748496882836, -2.120367923029321, 0.686731648557074, -2.2667578556475187, -0.042928043962376004]], [[-1.5351934754818526, 1.2112288837005392, -0.07805999761104089, 0.4444449630266499, 0.2523548925824099, 1.5394383308664301], [2.6236623214234287, -0.8010372601103094, 2.219297847831349, -0.5580467141330264, -2.087835385897996, -1.6180331758319575], [1.170160520821734, -1.4551167973867405, 0.523764249176511, -0.8940227154162517, -1.2530842491525942, -1.7857800991098305], [-1.362564582025184, 2.457782798860388, -0.9807243940194214, 1.1384575118164006, 1.0776170697462149, 2.5507856605138586], [1.4768861232258788, -1.2983749168954954, 0.8348017609593407, -0.17727692618031085, -1.903366208628828, -0.29631885696002247], [-1.0720196561613358, 0.8568880393410341, -1.304853991698571, 0.637481009363235, 0.9040847616798172, 2.0169968611200484], [0.051818755866675316, -0.4278992697065488, 0.3374487975822116, -0.7669172867961787, -1.241165696354096, -0.34438677888084984]], [[1.3384819053121686, -0.9002154094388309, -0.9067347900331599, 1.7537432805100552, -1.3789308716625774], [-1.104845987369737, 1.9179799310941017, 1.323246123049322, 0.015000293646627397, 1.7421398005696602], [1.2475967179450789, -1.734221521571528, 0.2384975087042245, 1.7363459730693636, -0.11880589496335058], [-1.1675428111853443, 1.058058027452274, 0.3856203743215915, -0.2108292100730453, 1.3148942787812756], [-2.304748593701943, 0.926130023412083, -0.7298723129245088, -1.8602697108680355, 1.95243246049429], [-1.2831971079498445, 1.7912105404175214, 1.5279611118645855, -1.0663979702796744, 2.0003147875975777]], [[1.0594002642799765, -1.9685124103479317, -0.6058690723638793, 1.5106011381403266], [-1.3835998064465738, 1.0054360281761614, 0.8816742849271676, -1.6360567817289688], [-1.282911582498143, 0.14271516375569823, 0.39725576193953904, -0.6651145971859108], [1.2307823844434427, -0.5407012979536586, -1.6791343148262243, 1.5064397955670392], [-0.5036396456030662, 1.8046290488049337, 0.19977057623660266, -2.30987009546105]], [[-0.07478224364151283, 1.5678602247880886, -1.2814205329778636, -0.4932807552052932], [-4.2319409346402495, -3.9802782105378824, 6.0134185685506925, 7.5435751130172255], [-2.4263124325386913, -0.39061457019451495, 2.738057321939579, 3.9796497614229582], [-0.8215576629824114, 2.4857217620424032, -1.1091533420439277, -0.5440104402163107]]]
[5.1, 3.8, 1.9, 0.4];0.000503;[1.0, 0.0, 0.0];[-0.025623, 0.029186, 0.000906];[0.974377, 0.029186, 0.000906];[[3.754955903492069, 0.9449071785339087, -2.681961769707655, -2.3959863476630585, -1.0262165729116346, -1.5000556019802889, -2.170922407892222, 2.8465737381947798], [-4.920437098279601, 2.465590756030155, -2.5192023893268307, -2.5333187783738045, -1.5159677689601774, -0.10901066406875581, 1.7017910941204912, -2.8442215696763338], [-2.4968199080611595, -2.850354865335081, 2.6038518455205555, 1.6471060739537173, 1.2884781863133388, 1.2128273946109889, -0.15571525745120562, -0.8543497577283802]];[[0.95234, 0.0, 5.8e-05, 0.98659], [0.970299, 0.079434, 0.233183, 0.97065, 0.040585], [0.947665, 0.191045, 0.917235, 0.154913, 0.011206, 0.208064], [0.234564, 0.997639, 0.862912, 0.231048, 0.894452, 0.30503, 0.550966], [0.87373, 0.99381, 0.006353, 0.010693, 0.028431, 0.232215, 0.325944, 0.792922]];[[[-1.2959617552612757, 2.1214365118356584, 1.7435977412142674, -4.045939690272014, 1.4348765562565402, -2.7208576348084144, 0.8861633078353595], [-0.861949853388887, 3.0291256150521964, 1.7021417981879958, -1.3915706841594886, 0.9185941591098222, 0.5291158195194855, 1.2255944347828867], [0.5055544968099532, -3.206886991187832, -1.7588345759208592, 1.3836989179517984, -0.7801634779221162, -0.015970005454299812, -1.015651946229062], [1.3998532116872118, -2.779778247395544, -0.886135062187334, 1.0350181500608984, -1.3562934971451022, 0.71040478720376, 0.4520566890333657], [-0.009687502753357733, -0.8695601732770318, -1.7521811582772076, 0.17681151834173983, -1.8400007298450534, 1.2518721822895473, 0.4732771993233454], [1.45076039992781, -0.9955695905254737, -0.6414846630571047, 0.4422629462296163, 0.2765524553380413, -0.014780644235101618, -0.4292256508961423], [0.633225795555959, 0.5114244107574545, -1.3383385807233377, 1.787355537843152, -0.3918963219793266, 0.9829941600131111, -0.7827353536427921], [-1.426841231521866, 1.9013697999995367, 1.924748496882836, -2.120367923029321, 0.686731648557074, -2.2667578556475187, -0.042928043962376004]], [[-1.5351934754818526, 1.2112288837005392, -0.07805999761104089, 0.4444449630266499, 0.2523548925824099, 1.5394383308664301], [2.6236623214234287, -0.8010372601103094, 2.219297847831349, -0.5580467141330264, -2.087835385897996, -1.6180331758319575], [1.170160520821734, -1.4551167973867405, 0.523764249176511, -0.8940227154162517, -1.2530842491525942, -1.7857800991098305], [-1.362564582025184, 2.457782798860388, -0.9807243940194214, 1.1384575118164006, 1.0776170697462149, 2.5507856605138586], [1.4768861232258788, -1.2983749168954954, 0.8348017609593407, -0.17727692618031085, -1.903366208628828, -0.29631885696002247], [-1.0720196561613358, 0.8568880393410341, -1.304853991698571, 0.637481009363235, 0.9040847616798172, 2.0169968611200484], [0.051818755866675316, -0.4278992697065488, 0.3374487975822116, -0.7669172867961787, -1.241165696354096, -0.34438677888084984]], [[1.3384819053121686, -0.9002154094388309, -0.9067347900331599, 1.7537432805100552, -1.3789308716625774], [-1.104845987369737, 1.9179799310941017, 1.323246123049322, 0.015000293646627397, 1.7421398005696602], [1.2475967179450789, -1.734221521571528, 0.2384975087042245, 1.7363459730693636, -0.11880589496335058], [-1.1675428111853443, 1.058058027452274, 0.3856203743215915, -0.2108292100730453, 1.3148942787812756], [-2.304748593701943, 0.926130023412083, -0.7298723129245088, -1.8602697108680355, 1.95243246049429], [-1.2831971079498445, 1.7912105404175214, 1.5279611118645855, -1.0663979702796744, 2.0003147875975777]], [[1.0594002642799765, -1.9685124103479317, -0.6058690723638793, 1.5106011381403266], [-1.3835998064465738, 1.0054360281761614, 0.8816742849271676, -1.6360567817289688], [-1.282911582498143, 0.14271516375569823, 0.39725576193953904, -0.6651145971859108], [1.2307823844434427, -0.5407012979536586, -1.6791343148262243, 1.5064397955670392], [-0.5036396456030662, 1.8046290488049337, 0.19977057623660266, -2.30987009546105]], [[-0.07478224364151283, 1.5678602247880886, -1.2814205329778636, -0.4932807552052932], [-4.2319409346402495, -3.9802782105378824, 6.0134185685506925, 7.5435751130172255], [-2.4263124325386913, -0.39061457019451495, 2.738057321939579, 3.9796497614229582], [-0.8215576629824114, 2.4857217620424032, -1.1091533420439277, -0.5440104402163107]]]
[5.1, 3.8, 1.6, 0.2];0.000485;[1.0, 0.0, 0.0];[-0.025149, 0.028665, 0.000899];[0.974851, 0.028665, 0.000899];[[3.754955903492069, 0.9449071785339087, -2.681961769707655, -2.3959863476630585, -1.0262165729116346, -1.5000556019802889, -2.170922407892222, 2.8465737381947798], [-4.920437098279601, 2.465590756030155, -2.5192023893268307, -2.5333187783738045, -1.5159677689601774, -0.10901066406875581, 1.7017910941204912, -2.8442215696763338], [-2.4968199080611595, -2.850354865335081, 2.6038518455205555, 1.6471060739537173, 1.2884781863133388, 1.2128273946109889, -0.15571525745120562, -0.8543497577283802]];[[0.970053, 0.0, 1.1e-05, 0.991335], [0.971038, 0.077103, 0.228584, 0.971466, 0.039817], [0.948146, 0.189091, 0.917642, 0.154092, 0.011167, 0.205676], [0.233276, 0.997658, 0.863934, 0.228759, 0.894877, 0.303317, 0.551584], [0.875765, 0.993848, 0.006311, 0.010623, 0.028298, 0.23156, 0.324057, 0.795023]];[[[-1.2959617552612757, 2.1214365118356584, 1.7435977412142674, -4.045939690272014, 1.4348765562565402, -2.7208576348084144, 0.8861633078353595], [-0.861949853388887, 3.0291256150521964, 1.7021417981879958, -1.3915706841594886, 0.9185941591098222, 0.5291158195194855, 1.2255944347828867], [0.5055544968099532, -3.206886991187832, -1.7588345759208592, 1.3836989179517984, -0.7801634779221162, -0.015970005454299812, -1.015651946229062], [1.3998532116872118, -2.779778247395544, -0.886135062187334, 1.0350181500608984, -1.3562934971451022, 0.71040478720376, 0.4520566890333657], [-0.009687502753357733, -0.8695601732770318, -1.7521811582772076, 0.17681151834173983, -1.8400007298450534, 1.2518721822895473, 0.4732771993233454], [1.45076039992781, -0.9955695905254737, -0.6414846630571047, 0.4422629462296163, 0.2765524553380413, -0.014780644235101618, -0.4292256508961423], [0.633225795555959, 0.5114244107574545, -1.3383385807233377, 1.787355537843152, -0.3918963219793266, 0.9829941600131111, -0.7827353536427921], [-1.426841231521866, 1.9013697999995367, 1.924748496882836, -2.120367923029321, 0.686731648557074, -2.2667578556475187, -0.042928043962376004]], [[-1.5351934754818526, 1.2112288837005392, -0.07805999761104089, 0.4444449630266499, 0.2523548925824099, 1.5394383308664301], [2.6236623214234287, -0.8010372601103094, 2.219297847831349, -0.5580467141330264, -2.087835385897996, -1.6180331758319575], [1.170160520821734, -1.4551167973867405, 0.523764249176511, -0.8940227154162517, -1.2530842491525942, -1.7857800991098305], [-1.362564582025184, 2.457782798860388, -0.9807243940194214, 1.1384575118164006, 1.0776170697462149, 2.5507856605138586], [1.4768861232258788, -1.2983749168954954, 0.8348017609593407, -0.17727692618031085, -1.903366208628828, -0.29631885696002247], [-1.0720196561613358, 0.8568880393410341, -1.304853991698571, 0.637481009363235, 0.9040847616798172, 2.0169968611200484], [0.051818755866675316, -0.4278992697065488, 0.3374487975822116, -0.7669172867961787, -1.241165696354096, -0.34438677888084984]], [[1.3384819053121686, -0.9002154094388309, -0.9067347900331599, 1.7537432805100552, -1.3789308716625774], [-1.104845987369737, 1.9179799310941017, 1.323246123049322, 0.015000293646627397, 1.7421398005696602], [1.2475967179450789, -1.734221521571528, 0.2384975087042245, 1.7363459730693636, -0.11880589496335058], [-1.1675428111853443, 1.058058027452274, 0.3856203743215915, -0.2108292100730453, 1.3148942787812756], [-2.304748593701943, 0.926130023412083, -0.7298723129245088, -1.8602697108680355, 1.95243246049429], [-1.2831971079498445, 1.7912105404175214, 1.5279611118645855, -1.0663979702796744, 2.0003147875975777]], [[1.0594002642799765, -1.9685124103479317, -0.6058690723638793, 1.5106011381403266], [-1.3835998064465738, 1.0054360281761614, 0.8816742849271676, -1.6360567817289688], [-1.282911582498143, 0.14271516375569823, 0.39725576193953904, -0.6651145971859108], [1.2307823844434427, -0.5407012979536586, -1.6791343148262243, 1.5064397955670392], [-0.5036396456030662, 1.8046290488049337, 0.19977057623660266, -2.30987009546105]], [[-0.07478224364151283, 1.5678602247880886, -1.2814205329778636, -0.4932807552052932], [-4.2319409346402495, -3.9802782105378824, 6.0134185685506925, 7.5435751130172255], [-2.4263124325386913, -0.39061457019451495, 2.738057321939579, 3.9796497614229582], [-0.8215576629824114, 2.4857217620424032, -1.1091533420439277, -0.5440104402163107]]]
[7.0, 3.2, 4.7, 1.4];0.001323;[0.0, 1.0, 0.0];[0.017414, -0.047586, 0.037423];[0.017414, 0.952414, 0.037423];[[3.754955903492069, 0.9449071785339087, -2.681961769707655, -2.3959863476630585, -1.0262165729116346, -1.5000556019802889, -2.170922407892222, 2.8465737381947798], [-4.920437098279601, 2.465590756030155, -2.5192023893268307, -2.5333187783738045, -1.5159677689601774, -0.10901066406875581, 1.7017910941204912, -2.8442215696763338], [-2.4968199080611595, -2.850354865335081, 2.6038518455205555, 1.6471060739537173, 1.2884781863133388, 1.2128273946109889, -0.15571525745120562, -0.8543497577283802]];[[0.102549, 0.001337, 0.076661, 0.082886], [0.763504, 0.567855, 0.629826, 0.723532, 0.347558], [0.723829, 0.685242, 0.716948, 0.418323, 0.05833, 0.783675], [0.687878, 0.96899, 0.361535, 0.911538, 0.666113, 0.813489, 0.367069], [0.014552, 0.933053, 0.072345, 0.111374, 0.176179, 0.530257, 0.897186, 0.044445]];[[[-1.2959617552612757, 2.1214365118356584, 1.7435977412142674, -4.045939690272014, 1.4348765562565402, -2.7208576348084144, 0.8861633078353595], [-0.861949853388887, 3.0291256150521964, 1.7021417981879958, -1.3915706841594886, 0.9185941591098222, 0.5291158195194855, 1.2255944347828867], [0.5055544968099532, -3.206886991187832, -1.7588345759208592, 1.3836989179517984, -0.7801634779221162, -0.015970005454299812, -1.015651946229062], [1.3998532116872118, -2.779778247395544, -0.886135062187334, 1.0350181500608984, -1.3562934971451022, 0.71040478720376, 0.4520566890333657], [-0.009687502753357733, -0.8695601732770318, -1.7521811582772076, 0.17681151834173983, -1.8400007298450534, 1.2518721822895473, 0.4732771993233454], [1.45076039992781, -0.9955695905254737, -0.6414846630571047, 0.4422629462296163, 0.2765524553380413, -0.014780644235101618, -0.4292256508961423], [0.633225795555959, 0.5114244107574545, -1.3383385807233377, 1.787355537843152, -0.3918963219793266, 0.9829941600131111, -0.7827353536427921], [-1.426841231521866, 1.9013697999995367, 1.924748496882836, -2.120367923029321, 0.686731648557074, -2.2667578556475187, -0.042928043962376004]], [[-1.5351934754818526, 1.2112288837005392, -0.07805999761104089, 0.4444449630266499, 0.2523548925824099, 1.5394383308664301], [2.6236623214234287, -0.8010372601103094, 2.219297847831349, -0.5580467141330264, -2.087835385897996, -1.6180331758319575], [1.170160520821734, -1.4551167973867405, 0.523764249176511, -0.8940227154162517, -1.2530842491525942, -1.7857800991098305], [-1.362564582025184, 2.457782798860388, -0.9807243940194214, 1.1384575118164006, 1.0776170697462149, 2.5507856605138586], [1.4768861232258788, -1.2983749168954954, 0.8348017609593407, -0.17727692618031085, -1.903366208628828, -0.29631885696002247], [-1.0720196561613358, 0.8568880393410341, -1.304853991698571, 0.637481009363235, 0.9040847616798172, 2.0169968611200484], [0.051818755866675316, -0.4278992697065488, 0.3374487975822116, -0.7669172867961787, -1.241165696354096, -0.34438677888084984]], [[1.3384819053121686, -0.9002154094388309, -0.9067347900331599, 1.7537432805100552, -1.3789308716625774], [-1.104845987369737, 1.9179799310941017, 1.323246123049322, 0.015000293646627397, 1.7421398005696602], [1.2475967179450789, -1.734221521571528, 0.2384975087042245, 1.7363459730693636, -0.11880589496335058], [-1.1675428111853443, 1.058058027452274, 0.3856203743215915, -0.2108292100730453, 1.3148942787812756], [-2.304748593701943, 0.926130023412083, -0.7298723129245088, -1.8602697108680355, 1.95243246049429], [-1.2831971079498445, 1.7912105404175214, 1.5279611118645855, -1.0663979702796744, 2.0003147875975777]], [[1.0594002642799765, -1.9685124103479317, -0.6058690723638793, 1.5106011381403266], [-1.3835998064465738, 1.0054360281761614, 0.8816742849271676, -1.6360567817289688], [-1.282911582498143, 0.14271516375569823, 0.39725576193953904, -0.6651145971859108], [1.2307823844434427, -0.5407012979536586, -1.6791343148262243, 1.5064397955670392], [-0.5036396456030662, 1.8046290488049337, 0.19977057623660266, -2.30987009546105]], [[-0.07478224364151283, 1.5678602247880886, -1.2814205329778636, -0.4932807552052932], [-4.2319409346402495, -3.9802782105378824, 6.0134185685506925, 7.5435751130172255], [-2.4263124325386913, -0.39061457019451495, 2.738057321939579, 3.9796497614229582], [-0.8215576629824114, 2.4857217620424032, -1.1091533420439277, -0.5440104402163107]]]
[6.4, 3.2, 4.5, 1.5];0.001307;[0.0, 1.0, 0.0];[0.0178, -0.047394, 0.036839];[0.0178, 0.952606, 0.036839];[[3.754955903492069, 0.9449071785339087, -2.681961769707655, -2.3959863476630585, -1.0262165729116346, -1.5000556019802889, -2.170922407892222, 2.8465737381947798], [-4.920437098279601, 2.465590756030155, -2.5192023893268307, -2.5333187783738045, -1.5159677689601774, -0.10901066406875581, 1.7017910941204912, -2.8442215696763338], [-2.4968199080611595, -2.850354865335081, 2.6038518455205555, 1.6471060739537173, 1.2884781863133388, 1.2128273946109889, -0.15571525745120562, -0.8543497577283802]];[[0.128152, 0.010717, 0.234609, 0.148881], [0.765781, 0.569153, 0.62687, 0.694807, 0.321553], [0.721834, 0.674431, 0.707334, 0.410905, 0.058372, 0.779149], [0.683668, 0.968793, 0.366866, 0.908727, 0.667366, 0.812212, 0.36904], [0.015029, 0.934224, 0.071165, 0.109928, 0.174358, 0.527502, 0.895494, 0.045542]];[[[-1.2959617552612757, 2.1214365118356584, 1.7435977412142674, -4.045939690272014, 1.4348765562565402, -2.7208576348084144, 0.8861633078353595], [-0.861949853388887, 3.0291256150521964, 1.7021417981879958, -1.3915706841594886, 0.9185941591098222, 0.5291158195194855, 1.2255944347828867], [0.5055544968099532, -3.206886991187832, -1.7588345759208592, 1.3836989179517984, -0.7801634779221162, -0.015970005454299812, -1.015651946229062], [1.3998532116872118, -2.779778247395544, -0.886135062187334, 1.0350181500608984, -1.3562934971451022, 0.71040478720376, 0.4520566890333657], [-0.009687502753357733, -0.8695601732770318, -1.7521811582772076, 0.17681151834173983, -1.8400007298450534, 1.2518721822895473, 0.4732771993233454], [1.45076039992781, -0.9955695905254737, -0.6414846630571047, 0.4422629462296163, 0.2765524553380413, -0.014780644235101618, -0.4292256508961423], [0.633225795555959, 0.5114244107574545, -1.3383385807233377, 1.787355537843152, -0.3918963219793266, 0.9829941600131111, -0.7827353536427921], [-1.426841231521866, 1.9013697999995367, 1.924748496882836, -2.120367923029321, 0.686731648557074, -2.2667578556475187, -0.042928043962376004]], [[-1.5351934754818526, 1.2112288837005392, -0.07805999761104089, 0.4444449630266499, 0.2523548925824099, 1.5394383308664301], [2.6236623214234287, -0.8010372601103094, 2.219297847831349, -0.5580467141330264, -2.087835385897996, -1.6180331758319575], [1.170160520821734, -1.4551167973867405, 0.523764249176511, -0.8940227154162517, -1.2530842491525942, -1.7857800991098305], [-1.362564582025184, 2.457782798860388, -0.9807243940194214, 1.1384575118164006, 1.0776170697462149, 2.5507856605138586], [1.4768861232258788, -1.2983749168954954, 0.8348017609593407, -0.17727692618031085, -1.903366208628828, -0.29631885696002247], [-1.0720196561613358, 0.8568880393410341, -1.304853991698571, 0.637481009363235, 0.9040847616798172, 2.0169968611200484], [0.051818755866675316, -0.4278992697065488, 0.3374487975822116, -0.7669172867961787, -1.241165696354096, -0.34438677888084984]], [[1.3384819053121686, -0.9002154094388309, -0.9067347900331599, 1.7537432805100552, -1.3789308716625774], [-1.104845987369737, 1.9179799310941017, 1.323246123049322, 0.015000293646627397, 1.7421398005696602], [1.2475967179450789, -1.734221521571528, 0.2384975087042245, 1.7363459730693636, -0.11880589496335058], [-1.1675428111853443, 1.058058027452274, 0.3856203743215915, -0.2108292100730453, 1.3148942787812756], [-2.304748593701943, 0.926130023412083, -0.7298723129245088, -1.8602697108680355, 1.95243246049429], [-1.2831971079498445, 1.7912105404175214, 1.5279611118645855, -1.0663979702796744, 2.0003147875975777]], [[1.0594002642799765, -1.9685124103479317, -0.6058690723638793, 1.5106011381403266], [-1.3835998064465738, 1.0054360281761614, 0.8816742849271676, -1.6360567817289688], [-1.282911582498143, 0.14271516375569823, 0.39725576193953904, -0.6651145971859108], [1.2307823844434427, -0.5407012979536586, -1.6791343148262243, 1.5064397955670392], [-0.5036396456030662, 1.8046290488049337, 0.19977057623660266, -2.30987009546105]], [[-0.07478224364151283, 1.5678602247880886, -1.2814205329778636, -0.4932807552052932], [-4.2319409346402495, -3.9802782105378824, 6.0134185685506925, 7.5435751130172255], [-2.4263124325386913, -0.39061457019451495, 2.738057321939579, 3.9796497614229582], [-0.8215576629824114, 2.4857217620424032, -1.1091533420439277, -0.5440104402163107]]]
[6.3, 3.3, 4.7, 1.6];0.002332;[0.0, 1.0, 0.0];[0.010459, -0.06071, 0.056578];[0.010459, 0.93929, 0.056578];[[3.754955903492069, 0.9449071785339087, -2.681961769707655, -2.3959863476630585, -1.0262165729116346, -1.5000556019802889, -2.170922407892222, 2.8465737381947798], [-4.920437098279601, 2.465590756030155, -2.5192023893268307, -2.5333187783738045, -1.5159677689601774, -0.10901066406875581, 1.7017910941204912, -2.8442215696763338], [-2.4968199080611595, -2.850354865335081, 2.6038518455205555, 1.6471060739537173, 1.2884781863133388, 1.2128273946109889, -0.15571525745120562, -0.8543497577283802]];[[0.113172, 0.072902, 0.491671, 0.155919], [0.711206, 0.640325, 0.655735, 0.586518, 0.356225], [0.634731, 0.735376, 0.623796, 0.464647, 0.087784, 0.843851], [0.753182, 0.941397, 0.272793, 0.948168, 0.582757, 0.871065, 0.332894], [0.006909, 0.900669, 0.106774, 0.160622, 0.240882, 0.576221, 0.923708, 0.025371]];[[[-1.2959617552612757, 2.1214365118356584, 1.7435977412142674, -4.045939690272014, 1.4348765562565402, -2.7208576348084144, 0.8861633078353595], [-0.861949853388887, 3.0291256150521964, 1.7021417981879958, -1.3915706841594886, 0.9185941591098222, 0.5291158195194855, 1.2255944347828867], [0.5055544968099532, -3.206886991187832, -1.7588345759208592, 1.3836989179517984, -0.7801634779221162, -0.015970005454299812, -1.015651946229062], [1.3998532116872118, -2.779778247395544, -0.886135062187334, 1.0350181500608984, -1.3562934971451022, 0.71040478720376, 0.4520566890333657], [-0.009687502753357733, -0.8695601732770318, -1.7521811582772076, 0.17681151834173983, -1.8400007298450534, 1.2518721822895473, 0.4732771993233454], [1.45076039992781, -0.9955695905254737, -0.6414846630571047, 0.4422629462296163, 0.2765524553380413, -0.014780644235101618, -0.4292256508961423], [0.633225795555959, 0.5114244107574545, -1.3383385807233377, 1.787355537843152, -0.3918963219793266, 0.9829941600131111, -0.7827353536427921], [-1.426841231521866, 1.9013697999995367, 1.924748496882836, -2.120367923029321, 0.686731648557074, -2.2667578556475187, -0.042928043962376004]], [[-1.5351934754818526, 1.2112288837005392, -0.07805999761104089, 0.4444449630266499, 0.2523548925824099, 1.5394383308664301], [2.6236623214234287, -0.8010372601103094, 2.219297847831349, -0.5580467141330264, -2.087835385897996, -1.6180331758319575], [1.170160520821734, -1.4551167973867405, 0.523764249176511, -0.8940227154162517, -1.2530842491525942, -1.7857800991098305], [-1.362564582025184, 2.457782798860388, -0.9807243940194214, 1.1384575118164006, 1.0776170697462149, 2.5507856605138586], [1.4768861232258788, -1.2983749168954954, 0.8348017609593407, -0.17727692618031085, -1.903366208628828, -0.29631885696002247], [-1.0720196561613358, 0.8568880393410341, -1.304853991698571, 0.637481009363235, 0.9040847616798172, 2.0169968611200484], [0.051818755866675316, -0.4278992697065488, 0.3374487975822116, -0.7669172867961787, -1.241165696354096, -0.34438677888084984]], [[1.3384819053121686, -0.9002154094388309, -0.9067347900331599, 1.7537432805100552, -1.3789308716625774], [-1.104845987369737, 1.9179799310941017, 1.323246123049322, 0.015000293646627397, 1.7421398005696602], [1.2475967179450789, -1.734221521571528, 0.2384975087042245, 1.7363459730693636, -0.11880589496335058], [-1.1675428111853443, 1.058058027452274, 0.3856203743215915, -0.2108292100730453, 1.3148942787812756], [-2.304748593701943, 0.926130023412083, -0.7298723129245088, -1.8602697108680355, 1.95243246049429], [-1.2831971079498445, 1.7912105404175214, 1.5279611118645855, -1.0663979702796744, 2.0003147875975777]], [[1.0594002642799765, -1.9685124103479317, -0.6058690723638793, 1.5106011381403266], [-1.3835998064465738, 1.0054360281761614, 0.8816742849271676, -1.6360567817289688], [-1.282911582498143, 0.14271516375569823, 0.39725576193953904, -0.6651145971859108], [1.2307823844434427, -0.5407012979536586, -1.6791343148262243, 1.5064397955670392], [-0.5036396456030662, 1.8046290488049337, 0.19977057623660266, -2.30987009546105]], [[-0.07478224364151283, 1.5678602247880886, -1.2814205329778636, -0.4932807552052932], [-4.2319409346402495, -3.9802782105378824, 6.0134185685506925, 7.5435751130172255], [-2.4263124325386913, -0.39061457019451495, 2.738057321939579, 3.9796497614229582], [-0.8215576629824114, 2.4857217620424032, -1.1091533420439277, -0.5440104402163107]]]
[4.9, 2.4, 3.3, 1.0];0.002270;[0.0, 1.0, 0.0];[0.053546, -0.059892, 0.01889];[0.053546, 0.940108, 0.01889];[[3.754955903492069, 0.9449071785339087, -2.681961769707655, -2.3959863476630585, -1.0262165729116346, -1.5000556019802889, -2.170922407892222, 2.8465737381947798], [-4.920437098279601, 2.465590756030155, -2.5192023893268307, -2.5333187783738045, -1.5159677689601774, -0.10901066406875581, 1.7017910941204912, -2.8442215696763338], [-2.4968199080611595, -2.850354865335081, 2.6038518455205555, 1.6471060739537173, 1.2884781863133388, 1.2128273946109889, -0.15571525745120562, -0.8543497577283802]];[[0.218374, 0.00252, 0.075439, 0.289738], [0.832796, 0.443872, 0.56094, 0.804966, 0.237935], [0.821175, 0.545549, 0.79719, 0.325278, 0.033204, 0.637572], [0.548026, 0.986979, 0.541424, 0.781121, 0.766812, 0.68295, 0.425543], [0.068935, 0.967465, 0.035151, 0.056262, 0.09832, 0.433393, 0.802117, 0.135995]];[[[-1.2959617552612757, 2.1214365118356584, 1.7435977412142674, -4.045939690272014, 1.4348765562565402, -2.7208576348084144, 0.8861633078353595], [-0.861949853388887, 3.0291256150521964, 1.7021417981879958, -1.3915706841594886, 0.9185941591098222, 0.5291158195194855, 1.2255944347828867], [0.5055544968099532, -3.206886991187832, -1.7588345759208592, 1.3836989179517984, -0.7801634779221162, -0.015970005454299812, -1.015651946229062], [1.3998532116872118, -2.779778247395544, -0.886135062187334, 1.0350181500608984, -1.3562934971451022, 0.71040478720376, 0.4520566890333657], [-0.009687502753357733, -0.8695601732770318, -1.7521811582772076, 0.17681151834173983, -1.8400007298450534, 1.2518721822895473, 0.4732771993233454], [1.45076039992781, -0.9955695905254737, -0.6414846630571047, 0.4422629462296163, 0.2765524553380413, -0.014780644235101618, -0.4292256508961423], [0.633225795555959, 0.5114244107574545, -1.3383385807233377, 1.787355537843152, -0.3918963219793266, 0.9829941600131111, -0.7827353536427921], [-1.426841231521866, 1.9013697999995367, 1.924748496882836, -2.120367923029321, 0.686731648557074, -2.2667578556475187, -0.042928043962376004]], [[-1.5351934754818526, 1.2112288837005392, -0.07805999761104089, 0.4444449630266499, 0.2523548925824099, 1.5394383308664301], [2.6236623214234287, -0.8010372601103094, 2.219297847831349, -0.5580467141330264, -2.087835385897996, -1.6180331758319575], [1.170160520821734, -1.4551167973867405, 0.523764249176511, -0.8940227154162517, -1.2530842491525942, -1.7857800991098305], [-1.362564582025184, 2.457782798860388, -0.9807243940194214, 1.1384575118164006, 1.0776170697462149, 2.5507856605138586], [1.4768861232258788, -1.2983749168954954, 0.8348017609593407, -0.17727692618031085, -1.903366208628828, -0.29631885696002247], [-1.0720196561613358, 0.8568880393410341, -1.304853991698571, 0.637481009363235, 0.9040847616798172, 2.0169968611200484], [0.051818755866675316, -0.4278992697065488, 0.3374487975822116, -0.7669172867961787, -1.241165696354096, -0.34438677888084984]], [[1.3384819053121686, -0.9002154094388309, -0.9067347900331599, 1.7537432805100552, -1.3789308716625774], [-1.104845987369737, 1.9179799310941017, 1.323246123049322, 0.015000293646627397, 1.7421398005696602], [1.2475967179450789, -1.734221521571528, 0.2384975087042245, 1.7363459730693636, -0.11880589496335058], [-1.1675428111853443, 1.058058027452274, 0.3856203743215915, -0.2108292100730453, 1.3148942787812756], [-2.304748593701943, 0.926130023412083, -0.7298723129245088, -1.8602697108680355, 1.95243246049429], [-1.2831971079498445, 1.7912105404175214, 1.5279611118645855, -1.0663979702796744, 2.0003147875975777]], [[1.0594002642799765, -1.9685124103479317, -0.6058690723638793, 1.5106011381403266], [-1.3835998064465738, 1.0054360281761614, 0.8816742849271676, -1.6360567817289688], [-1.282911582498143, 0.14271516375569823, 0.39725576193953904, -0.6651145971859108], [1.2307823844434427, -0.5407012979536586, -1.6791343148262243, 1.5064397955670392], [-0.5036396456030662, 1.8046290488049337, 0.19977057623660266, -2.30987009546105]], [[-0.07478224364151283, 1.5678602247880886, -1.2814205329778636, -0.4932807552052932], [-4.2319409346402495, -3.9802782105378824, 6.0134185685506925, 7.5435751130172255], [-2.4263124325386913, -0.39061457019451495, 2.738057321939579, 3.9796497614229582], [-0.8215576629824114, 2.4857217620424032, -1.1091533420439277, -0.5440104402163107]]]
[5.0, 2.0, 3.5, 1.0];0.001377;[0.0, 1.0, 0.0];[0.016478, -0.048353, 0.039004];[0.016478, 0.951647, 0.039004];[[3.754955903492069, 0.9449071785339087, -2.681961769707655, -2.3959863476630585, -1.0262165729116346, -1.5000556019802889, -2.170922407892222, 2.8465737381947798], [-4.920437098279601, 2.465590756030155, -2.5192023893268307, -2.5333187783738045, -1.5159677689601774, -0.10901066406875581, 1.7017910941204912, -2.8442215696763338], [-2.4968199080611595, -2.850354865335081, 2.6038518455205555, 1.6471060739537173, 1.2884781863133388, 1.2128273946109889, -0.15571525745120562, -0.8543497577283802]];[[0.102839, 0.026357, 0.114582, 0.100206], [0.755143, 0.575165, 0.631396, 0.713265, 0.350414], [0.71553, 0.69171, 0.708575, 0.424179, 0.061113, 0.790857], [0.695467, 0.966937, 0.351201, 0.916519, 0.658034, 0.820383, 0.363257], [0.013368, 0.930139, 0.075462, 0.115883, 0.182416, 0.535531, 0.900765, 0.041717]];[[[-1.2959617552612757, 2.1214365118356584, 1.7435977412142674, -4.045939690272014, 1.4348765562565402, -2.7208576348084144, 0.8861633078353595], [-0.861949853388887, 3.0291256150521964, 1.7021417981879958, -1.3915706841594886, 0.9185941591098222, 0.5291158195194855, 1.2255944347828867], [0.5055544968099532, -3.206886991187832, -1.7588345759208592, 1.3836989179517984, -0.7801634779221162, -0.015970005454299812, -1.015651946229062], [1.3998532116872118, -2.779778247395544, -0.886135062187334, 1.0350181500608984, -1.3562934971451022, 0.71040478720376, 0.4520566890333657], [-0.009687502753357733, -0.8695601732770318, -1.7521811582772076, 0.17681151834173983, -1.8400007298450534, 1.2518721822895473, 0.4732771993233454], [1.45076039992781, -0.9955695905254737, -0.6414846630571047, 0.4422629462296163, 0.2765524553380413, -0.014780644235101618, -0.4292256508961423], [0.633225795555959, 0.5114244107574545, -1.3383385807233377, 1.787355537843152, -0.3918963219793266, 0.9829941600131111, -0.7827353536427921], [-1.426841231521866, 1.9013697999995367, 1.924748496882836, -2.120367923029321, 0.686731648557074, -2.2667578556475187, -0.042928043962376004]], [[-1.5351934754818526, 1.2112288837005392, -0.07805999761104089, 0.4444449630266499, 0.2523548925824099, 1.5394383308664301], [2.6236623214234287, -0.8010372601103094, 2.219297847831349, -0.5580467141330264, -2.087835385897996, -1.6180331758319575], [1.170160520821734, -1.4551167973867405, 0.523764249176511, -0.8940227154162517, -1.2530842491525942, -1.7857800991098305], [-1.362564582025184, 2.457782798860388, -0.9807243940194214, 1.1384575118164006, 1.0776170697462149, 2.5507856605138586], [1.4768861232258788, -1.2983749168954954, 0.8348017609593407, -0.17727692618031085, -1.903366208628828, -0.29631885696002247], [-1.0720196561613358, 0.8568880393410341, -1.304853991698571, 0.637481009363235, 0.9040847616798172, 2.0169968611200484], [0.051818755866675316, -0.4278992697065488, 0.3374487975822116, -0.7669172867961787, -1.241165696354096, -0.34438677888084984]], [[1.3384819053121686, -0.9002154094388309, -0.9067347900331599, 1.7537432805100552, -1.3789308716625774], [-1.104845987369737, 1.9179799310941017, 1.323246123049322, 0.015000293646627397, 1.7421398005696602], [1.2475967179450789, -1.734221521571528, 0.2384975087042245, 1.7363459730693636, -0.11880589496335058], [-1.1675428111853443, 1.058058027452274, 0.3856203743215915, -0.2108292100730453, 1.3148942787812756], [-2.304748593701943, 0.926130023412083, -0.7298723129245088, -1.8602697108680355, 1.95243246049429], [-1.2831971079498445, 1.7912105404175214, 1.5279611118645855, -1.0663979702796744, 2.0003147875975777]], [[1.0594002642799765, -1.9685124103479317, -0.6058690723638793, 1.5106011381403266], [-1.3835998064465738, 1.0054360281761614, 0.8816742849271676, -1.6360567817289688], [-1.282911582498143, 0.14271516375569823, 0.39725576193953904, -0.6651145971859108], [1.2307823844434427, -0.5407012979536586, -1.6791343148262243, 1.5064397955670392], [-0.5036396456030662, 1.8046290488049337, 0.19977057623660266, -2.30987009546105]], [[-0.07478224364151283, 1.5678602247880886, -1.2814205329778636, -0.4932807552052932], [-4.2319409346402495, -3.9802782105378824, 6.0134185685506925, 7.5435751130172255], [-2.4263124325386913, -0.39061457019451495, 2.738057321939579, 3.9796497614229582], [-0.8215576629824114, 2.4857217620424032, -1.1091533420439277, -0.5440104402163107]]]
[6.1, 2.8, 4.7, 1.2];0.002400;[0.0, 1.0, 0.0];[0.010224, -0.061412, 0.057653];[0.010224, 0.938588, 0.057653];[[3.754955903492069, 0.9449071785339087, -2.681961769707655, -2.3959863476630585, -1.0262165729116346, -1.5000556019802889, -2.170922407892222, 2.8465737381947798], [-4.920437098279601, 2.465590756030155, -2.5192023893268307, -2.5333187783738045, -1.5159677689601774, -0.10901066406875581, 1.7017910941204912, -2.8442215696763338], [-2.4968199080611595, -2.850354865335081, 2.6038518455205555, 1.6471060739537173, 1.2884781863133388, 1.2128273946109889, -0.15571525745120562, -0.8543497577283802]];[[0.067207, 0.061581, 0.27997, 0.072436], [0.706198, 0.640819, 0.662202, 0.629215, 0.392093], [0.637603, 0.750305, 0.638764, 0.476361, 0.087615, 0.849486], [0.758046, 0.942138, 0.266718, 0.950365, 0.581281, 0.872057, 0.330256], [0.006697, 0.898918, 0.108467, 0.162508, 0.243277, 0.579124, 0.925046, 0.02476]];[[[-1.2959617552612757, 2.1214365118356584, 1.7435977412142674, -4.045939690272014, 1.4348765562565402, -2.7208576348084144, 0.8861633078353595], [-0.861949853388887, 3.0291256150521964, 1.7021417981879958, -1.3915706841594886, 0.9185941591098222, 0.5291158195194855, 1.2255944347828867], [0.5055544968099532, -3.206886991187832, -1.7588345759208592, 1.3836989179517984, -0.7801634779221162, -0.015970005454299812, -1.015651946229062], [1.3998532116872118, -2.779778247395544, -0.886135062187334, 1.0350181500608984, -1.3562934971451022, 0.71040478720376, 0.4520566890333657], [-0.009687502753357733, -0.8695601732770318, -1.7521811582772076, 0.17681151834173983, -1.8400007298450534, 1.2518721822895473, 0.4732771993233454], [1.45076039992781, -0.9955695905254737, -0.6414846630571047, 0.4422629462296163, 0.2765524553380413, -0.014780644235101618, -0.4292256508961423], [0.633225795555959, 0.5114244107574545, -1.3383385807233377, 1.787355537843152, -0.3918963219793266, 0.9829941600131111, -0.7827353536427921], [-1.426841231521866, 1.9013697999995367, 1.924748496882836, -2.120367923029321, 0.686731648557074, -2.2667578556475187, -0.042928043962376004]], [[-1.5351934754818526, 1.2112288837005392, -0.07805999761104089, 0.4444449630266499, 0.2523548925824099, 1.5394383308664301], [2.6236623214234287, -0.8010372601103094, 2.219297847831349, -0.5580467141330264, -2.087835385897996, -1.6180331758319575], [1.170160520821734, -1.4551167973867405, 0.523764249176511, -0.8940227154162517, -1.2530842491525942, -1.7857800991098305], [-1.362564582025184, 2.457782798860388, -0.9807243940194214, 1.1384575118164006, 1.0776170697462149, 2.5507856605138586], [1.4768861232258788, -1.2983749168954954, 0.8348017609593407, -0.17727692618031085, -1.903366208628828, -0.29631885696002247], [-1.0720196561613358, 0.8568880393410341, -1.304853991698571, 0.637481009363235, 0.9040847616798172, 2.0169968611200484], [0.051818755866675316, -0.4278992697065488, 0.3374487975822116, -0.7669172867961787, -1.241165696354096, -0.34438677888084984]], [[1.3384819053121686, -0.9002154094388309, -0.9067347900331599, 1.7537432805100552, -1.3789308716625774], [-1.104845987369737, 1.9179799310941017, 1.323246123049322, 0.015000293646627397, 1.7421398005696602], [1.2475967179450789, -1.734221521571528, 0.2384975087042245, 1.7363459730693636, -0.11880589496335058], [-1.1675428111853443, 1.058058027452274, 0.3856203743215915, -0.2108292100730453, 1.3148942787812756], [-2.304748593701943, 0.926130023412083, -0.7298723129245088, -1.8602697108680355, 1.95243246049429], [-1.2831971079498445, 1.7912105404175214, 1.5279611118645855, -1.0663979702796744, 2.0003147875975777]], [[1.0594002642799765, -1.9685124103479317, -0.6058690723638793, 1.5106011381403266], [-1.3835998064465738, 1.0054360281761614, 0.8816742849271676, -1.6360567817289688], [-1.282911582498143, 0.14271516375569823, 0.39725576193953904, -0.6651145971859108], [1.2307823844434427, -0.5407012979536586, -1.6791343148262243, 1.5064397955670392], [-0.5036396456030662, 1.8046290488049337, 0.19977057623660266, -2.30987009546105]], [[-0.07478224364151283, 1.5678602247880886, -1.2814205329778636, -0.4932807552052932], [-4.2319409346402495, -3.9802782105378824, 6.0134185685506925, 7.5435751130172255], [-2.4263124325386913, -0.39061457019451495, 2.738057321939579, 3.9796497614229582], [-0.8215576629824114, 2.4857217620424032, -1.1091533420439277, -0.5440104402163107]]]
[6.0, 2.9, 4.5, 1.5];0.004824;[0.0, 1.0, 0.0];[0.006683, -0.08509, 0.084782];[0.006683, 0.91491, 0.084782];[[3.754955903492069, 0.9449071785339087, -2.681961769707655, -2.3959863476630585, -1.0262165729116346, -1.5000556019802889, -2.170922407892222, 2.8465737381947798], [-4.920437098279601, 2.465590756030155, -2.5192023893268307, -2.5333187783738045, -1.5159677689601774, -0.10901066406875581, 1.7017910941204912, -2.8442215696763338], [-2.4968199080611595, -2.850354865335081, 2.6038518455205555, 1.6471060739537173, 1.2884781863133388, 1.2128273946109889, -0.15571525745120562, -0.8543497577283802]];[[0.086444, 0.162698, 0.476329, 0.103354], [0.651595, 0.684928, 0.672676, 0.553474, 0.426066], [0.565376, 0.788695, 0.572568, 0.520107, 0.121657, 0.885379], [0.800246, 0.906308, 0.208787, 0.967323, 0.508268, 0.904394, 0.30202], [0.004, 0.862188, 0.146818, 0.213679, 0.301939, 0.611158, 0.937714, 0.016766]];[[[-1.2959617552612757, 2.1214365118356584, 1.7435977412142674, -4.045939690272014, 1.4348765562565402, -2.7208576348084144, 0.8861633078353595], [-0.861949853388887, 3.0291256150521964, 1.7021417981879958, -1.3915706841594886, 0.9185941591098222, 0.5291158195194855, 1.2255944347828867], [0.5055544968099532, -3.206886991187832, -1.7588345759208592, 1.3836989179517984, -0.7801634779221162, -0.015970005454299812, -1.015651946229062], [1.3998532116872118, -2.779778247395544, -0.886135062187334, 1.0350181500608984, -1.3562934971451022, 0.71040478720376, 0.4520566890333657], [-0.009687502753357733, -0.8695601732770318, -1.7521811582772076, 0.17681151834173983, -1.8400007298450534, 1.2518721822895473, 0.4732771993233454], [1.45076039992781, -0.9955695905254737, -0.6414846630571047, 0.4422629462296163, 0.2765524553380413, -0.014780644235101618, -0.4292256508961423], [0.633225795555959, 0.5114244107574545, -1.3383385807233377, 1.787355537843152, -0.3918963219793266, 0.9829941600131111, -0.7827353536427921], [-1.426841231521866, 1.9013697999995367, 1.924748496882836, -2.120367923029321, 0.686731648557074, -2.2667578556475187, -0.042928043962376004]], [[-1.5351934754818526, 1.2112288837005392, -0.07805999761104089, 0.4444449630266499, 0.2523548925824099, 1.5394383308664301], [2.6236623214234287, -0.8010372601103094, 2.219297847831349, -0.5580467141330264, -2.087835385897996, -1.6180331758319575], [1.170160520821734, -1.4551167973867405, 0.523764249176511, -0.8940227154162517, -1.2530842491525942, -1.7857800991098305], [-1.362564582025184, 2.457782798860388, -0.9807243940194214, 1.1384575118164006, 1.0776170697462149, 2.5507856605138586], [1.4768861232258788, -1.2983749168954954, 0.8348017609593407, -0.17727692618031085, -1.903366208628828, -0.29631885696002247], [-1.0720196561613358, 0.8568880393410341, -1.304853991698571, 0.637481009363235, 0.9040847616798172, 2.0169968611200484], [0.051818755866675316, -0.4278992697065488, 0.3374487975822116, -0.7669172867961787, -1.241165696354096, -0.34438677888084984]], [[1.3384819053121686, -0.9002154094388309, -0.9067347900331599, 1.7537432805100552, -1.3789308716625774], [-1.104845987369737, 1.9179799310941017, 1.323246123049322, 0.015000293646627397, 1.7421398005696602], [1.2475967179450789, -1.734221521571528, 0.2384975087042245, 1.7363459730693636, -0.11880589496335058], [-1.1675428111853443, 1.058058027452274, 0.3856203743215915, -0.2108292100730453, 1.3148942787812756], [-2.304748593701943, 0.926130023412083, -0.7298723129245088, -1.8602697108680355, 1.95243246049429], [-1.2831971079498445, 1.7912105404175214, 1.5279611118645855, -1.0663979702796744, 2.0003147875975777]], [[1.0594002642799765, -1.9685124103479317, -0.6058690723638793, 1.5106011381403266], [-1.3835998064465738, 1.0054360281761614, 0.8816742849271676, -1.6360567817289688], [-1.282911582498143, 0.14271516375569823, 0.39725576193953904, -0.6651145971859108], [1.2307823844434427, -0.5407012979536586, -1.6791343148262243, 1.5064397955670392], [-0.5036396456030662, 1.8046290488049337, 0.19977057623660266, -2.30987009546105]], [[-0.07478224364151283, 1.5678602247880886, -1.2814205329778636, -0.4932807552052932], [-4.2319409346402495, -3.9802782105378824, 6.0134185685506925, 7.5435751130172255], [-2.4263124325386913, -0.39061457019451495, 2.738057321939579, 3.9796497614229582], [-0.8215576629824114, 2.4857217620424032, -1.1091533420439277, -0.5440104402163107]]]
[5.7, 2.6, 3.5, 1.0];0.001707;[0.0, 1.0, 0.0];[0.042754, -0.05327, 0.021311];[0.042754, 0.94673, 0.021311];[[3.754955903492069, 0.9449071785339087, -2.681961769707655, -2.3959863476630585, -1.0262165729116346, -1.5000556019802889, -2.170922407892222, 2.8465737381947798], [-4.920437098279601, 2.465590756030155, -2.5192023893268307, -2.5333187783738045, -1.5159677689601774, -0.10901066406875581, 1.7017910941204912, -2.8442215696763338], [-2.4968199080611595, -2.850354865335081, 2.6038518455205555, 1.6471060739537173, 1.2884781863133388, 1.2128273946109889, -0.15571525745120562, -0.8543497577283802]];[[0.217941, 0.000128, 0.018387, 0.21779], [0.82284, 0.46012, 0.567187, 0.803103, 0.266326], [0.809736, 0.570175, 0.789698, 0.340589, 0.0363, 0.662632], [0.571221, 0.985316, 0.51265, 0.808511, 0.753848, 0.705496, 0.416312], [0.052856, 0.963348, 0.039634, 0.063005, 0.107951, 0.449647, 0.822787, 0.113217]];[[[-1.2959617552612757, 2.1214365118356584, 1.7435977412142674, -4.045939690272014, 1.4348765562565402, -2.7208576348084144, 0.8861633078353595], [-0.861949853388887, 3.0291256150521964, 1.7021417981879958, -1.3915706841594886, 0.9185941591098222, 0.5291158195194855, 1.2255944347828867], [0.5055544968099532, -3.206886991187832, -1.7588345759208592, 1.3836989179517984, -0.7801634779221162, -0.015970005454299812, -1.015651946229062], [1.3998532116872118, -2.779778247395544, -0.886135062187334, 1.0350181500608984, -1.3562934971451022, 0.71040478720376, 0.4520566890333657], [-0.009687502753357733, -0.8695601732770318, -1.7521811582772076, 0.17681151834173983, -1.8400007298450534, 1.2518721822895473, 0.4732771993233454], [1.45076039992781, -0.9955695905254737, -0.6414846630571047, 0.4422629462296163, 0.2765524553380413, -0.014780644235101618, -0.4292256508961423], [0.633225795555959, 0.5114244107574545, -1.3383385807233377, 1.787355537843152, -0.3918963219793266, 0.9829941600131111, -0.7827353536427921], [-1.426841231521866, 1.9013697999995367, 1.924748496882836, -2.120367923029321, 0.686731648557074, -2.2667578556475187, -0.042928043962376004]], [[-1.5351934754818526, 1.2112288837005392, -0.07805999761104089, 0.4444449630266499, 0.2523548925824099, 1.5394383308664301], [2.6236623214234287, -0.8010372601103094, 2.219297847831349, -0.5580467141330264, -2.087835385897996, -1.6180331758319575], [1.170160520821734, -1.4551167973867405, 0.523764249176511, -0.8940227154162517, -1.2530842491525942, -1.7857800991098305], [-1.362564582025184, 2.457782798860388, -0.9807243940194214, 1.1384575118164006, 1.0776170697462149, 2.5507856605138586], [1.4768861232258788, -1.2983749168954954, 0.8348017609593407, -0.17727692618031085, -1.903366208628828, -0.29631885696002247], [-1.0720196561613358, 0.8568880393410341, -1.304853991698571, 0.637481009363235, 0.9040847616798172, 2.0169968611200484], [0.051818755866675316, -0.4278992697065488, 0.3374487975822116, -0.7669172867961787, -1.241165696354096, -0.34438677888084984]], [[1.3384819053121686, -0.9002154094388309, -0.9067347900331599, 1.7537432805100552, -1.3789308716625774], [-1.104845987369737, 1.9179799310941017, 1.323246123049322, 0.015000293646627397, 1.7421398005696602], [1.2475967179450789, -1.734221521571528, 0.2384975087042245, 1.7363459730693636, -0.11880589496335058], [-1.1675428111853443, 1.058058027452274, 0.3856203743215915, -0.2108292100730453, 1.3148942787812756], [-2.304748593701943, 0.926130023412083, -0.7298723129245088, -1.8602697108680355, 1.95243246049429], [-1.2831971079498445, 1.7912105404175214, 1.5279611118645855, -1.0663979702796744, 2.0003147875975777]], [[1.0594002642799765, -1.9685124103479317, -0.6058690723638793, 1.5106011381403266], [-1.3835998064465738, 1.0054360281761614, 0.8816742849271676, -1.6360567817289688], [-1.282911582498143, 0.14271516375569823, 0.39725576193953904, -0.6651145971859108], [1.2307823844434427, -0.5407012979536586, -1.6791343148262243, 1.5064397955670392], [-0.5036396456030662, 1.8046290488049337, 0.19977057623660266, -2.30987009546105]], [[-0.07478224364151283, 1.5678602247880886, -1.2814205329778636, -0.4932807552052932], [-4.2319409346402495, -3.9802782105378824, 6.0134185685506925, 7.5435751130172255], [-2.4263124325386913, -0.39061457019451495, 2.738057321939579, 3.9796497614229582], [-0.8215576629824114, 2.4857217620424032, -1.1091533420439277, -0.5440104402163107]]]
[6.0, 3.4, 4.5, 1.6];0.001351;[0.0, 1.0, 0.0];[0.017036, -0.048088, 0.038088];[0.017036, 0.951912, 0.038088];[[3.754955903492069, 0.9449071785339087, -2.681961769707655, -2.3959863476630585, -1.0262165729116346, -1.5000556019802889, -2.170922407892222, 2.8465737381947798], [-4.920437098279601, 2.465590756030155, -2.5192023893268307, -2.5333187783738045, -1.5159677689601774, -0.10901066406875581, 1.7017910941204912, -2.8442215696763338], [-2.4968199080611595, -2.850354865335081, 2.6038518455205555, 1.6471060739537173, 1.2884781863133388, 1.2128273946109889, -0.15571525745120562, -0.8543497577283802]];[[0.164758, 0.05345, 0.526949, 0.274474], [0.759858, 0.580052, 0.624935, 0.6325, 0.285026], [0.706551, 0.665658, 0.679586, 0.406749, 0.062326, 0.782153], [0.687715, 0.965443, 0.360789, 0.911482, 0.657972, 0.820023, 0.36691], [0.014017, 0.932046, 0.073626, 0.113958, 0.180201, 0.530623, 0.897987, 0.043262]];[[[-1.2959617552612757, 2.1214365118356584, 1.7435977412142674, -4.045939690272014, 1.4348765562565402, -2.7208576348084144, 0.8861633078353595], [-0.861949853388887, 3.0291256150521964, 1.7021417981879958, -1.3915706841594886, 0.9185941591098222, 0.5291158195194855, 1.2255944347828867], [0.5055544968099532, -3.206886991187832, -1.7588345759208592, 1.3836989179517984, -0.7801634779221162, -0.015970005454299812, -1.015651946229062], [1.3998532116872118, -2.779778247395544, -0.886135062187334, 1.0350181500608984, -1.3562934971451022, 0.71040478720376, 0.4520566890333657], [-0.009687502753357733, -0.8695601732770318, -1.7521811582772076, 0.17681151834173983, -1.8400007298450534, 1.2518721822895473, 0.4732771993233454], [1.45076039992781, -0.9955695905254737, -0.6414846630571047, 0.4422629462296163, 0.2765524553380413, -0.014780644235101618, -0.4292256508961423], [0.633225795555959, 0.5114244107574545, -1.3383385807233377, 1.787355537843152, -0.3918963219793266, 0.9829941600131111, -0.7827353536427921], [-1.426841231521866, 1.9013697999995367, 1.924748496882836, -2.120367923029321, 0.686731648557074, -2.2667578556475187, -0.042928043962376004]], [[-1.5351934754818526, 1.2112288837005392, -0.07805999761104089, 0.4444449630266499, 0.2523548925824099, 1.5394383308664301], [2.6236623214234287, -0.8010372601103094, 2.219297847831349, -0.5580467141330264, -2.087835385897996, -1.6180331758319575], [1.170160520821734, -1.4551167973867405, 0.523764249176511, -0.8940227154162517, -1.2530842491525942, -1.7857800991098305], [-1.362564582025184, 2.457782798860388, -0.9807243940194214, 1.1384575118164006, 1.0776170697462149, 2.5507856605138586], [1.4768861232258788, -1.2983749168954954, 0.8348017609593407, -0.17727692618031085, -1.903366208628828, -0.29631885696002247], [-1.0720196561613358, 0.8568880393410341, -1.304853991698571, 0.637481009363235, 0.9040847616798172, 2.0169968611200484], [0.051818755866675316, -0.4278992697065488, 0.3374487975822116, -0.7669172867961787, -1.241165696354096, -0.34438677888084984]], [[1.3384819053121686, -0.9002154094388309, -0.9067347900331599, 1.7537432805100552, -1.3789308716625774], [-1.104845987369737, 1.9179799310941017, 1.323246123049322, 0.015000293646627397, 1.7421398005696602], [1.2475967179450789, -1.734221521571528, 0.2384975087042245, 1.7363459730693636, -0.11880589496335058], [-1.1675428111853443, 1.058058027452274, 0.3856203743215915, -0.2108292100730453, 1.3148942787812756], [-2.304748593701943, 0.926130023412083, -0.7298723129245088, -1.8602697108680355, 1.95243246049429], [-1.2831971079498445, 1.7912105404175214, 1.5279611118645855, -1.0663979702796744, 2.0003147875975777]], [[1.0594002642799765, -1.9685124103479317, -0.6058690723638793, 1.5106011381403266], [-1.3835998064465738, 1.0054360281761614, 0.8816742849271676, -1.6360567817289688], [-1.282911582498143, 0.14271516375569823, 0.39725576193953904, -0.6651145971859108], [1.2307823844434427, -0.5407012979536586, -1.6791343148262243, 1.5064397955670392], [-0.5036396456030662, 1.8046290488049337, 0.19977057623660266, -2.30987009546105]], [[-0.07478224364151283, 1.5678602247880886, -1.2814205329778636, -0.4932807552052932], [-4.2319409346402495, -3.9802782105378824, 6.0134185685506925, 7.5435751130172255], [-2.4263124325386913, -0.39061457019451495, 2.738057321939579, 3.9796497614229582], [-0.8215576629824114, 2.4857217620424032, -1.1091533420439277, -0.5440104402163107]]]
[6.7, 3.1, 4.7, 1.5];0.001683;[0.0, 1.0, 0.0];[0.013383, -0.052557, 0.045921];[0.013383, 0.947443, 0.045921];[[3.754955903492069, 0.9449071785339087, -2.681961769707655, -2.3959863476630585, -1.0262165729116346, -1.5000556019802889, -2.170922407892222, 2.8465737381947798], [-4.920437098279601, 2.465590756030155, -2.5192023893268307, -2.5333187783738045, -1.5159677689601774, -0.10901066406875581, 1.7017910941204912, -2.8442215696763338], [-2.4968199080611595, -2.850354865335081, 2.6038518455205555, 1.6471060739537173, 1.2884781863133388, 1.2128273946109889, -0.15571525745120562, -0.8543497577283802]];[[0.086835, 0.014861, 0.210206, 0.07869], [0.739133, 0.606601, 0.647804, 0.669259, 0.363292], [0.681974, 0.716993, 0.676986, 0.444937, 0.071033, 0.818276], [0.723992, 0.957737, 0.312959, 0.933334, 0.626002, 0.844921, 0.349293], [0.009778, 0.917914, 0.088473, 0.134627, 0.207623, 0.555185, 0.912771, 0.032968]];[[[-1.2959617552612757, 2.1214365118356584, 1.7435977412142674, -4.045939690272014, 1.4348765562565402, -2.7208576348084144, 0.8861633078353595], [-0.861949853388887, 3.0291256150521964, 1.7021417981879958, -1.3915706841594886, 0.9185941591098222, 0.5291158195194855, 1.2255944347828867], [0.5055544968099532, -3.206886991187832, -1.7588345759208592, 1.3836989179517984, -0.7801634779221162, -0.015970005454299812, -1.015651946229062], [1.3998532116872118, -2.779778247395544, -0.886135062187334, 1.0350181500608984, -1.3562934971451022, 0.71040478720376, 0.4520566890333657], [-0.009687502753357733, -0.8695601732770318, -1.7521811582772076, 0.17681151834173983, -1.8400007298450534, 1.2518721822895473, 0.4732771993233454], [1.45076039992781, -0.9955695905254737, -0.6414846630571047, 0.4422629462296163, 0.2765524553380413, -0.014780644235101618, -0.4292256508961423], [0.633225795555959, 0.5114244107574545, -1.3383385807233377, 1.787355537843152, -0.3918963219793266, 0.9829941600131111, -0.7827353536427921], [-1.426841231521866, 1.9013697999995367, 1.924748496882836, -2.120367923029321, 0.686731648557074, -2.2667578556475187, -0.042928043962376004]], [[-1.5351934754818526, 1.2112288837005392, -0.07805999761104089, 0.4444449630266499, 0.2523548925824099, 1.5394383308664301], [2.6236623214234287, -0.8010372601103094, 2.219297847831349, -0.5580467141330264, -2.087835385897996, -1.6180331758319575], [1.170160520821734, -1.4551167973867405, 0.523764249176511, -0.8940227154162517, -1.2530842491525942, -1.7857800991098305], [-1.362564582025184, 2.457782798860388, -0.9807243940194214, 1.1384575118164006, 1.0776170697462149, 2.5507856605138586], [1.4768861232258788, -1.2983749168954954, 0.8348017609593407, -0.17727692618031085, -1.903366208628828, -0.29631885696002247], [-1.0720196561613358, 0.8568880393410341, -1.304853991698571, 0.637481009363235, 0.9040847616798172, 2.0169968611200484], [0.051818755866675316, -0.4278992697065488, 0.3374487975822116, -0.7669172867961787, -1.241165696354096, -0.34438677888084984]], [[1.3384819053121686, -0.9002154094388309, -0.9067347900331599, 1.7537432805100552, -1.3789308716625774], [-1.104845987369737, 1.9179799310941017, 1.323246123049322, 0.015000293646627397, 1.7421398005696602], [1.2475967179450789, -1.734221521571528, 0.2384975087042245, 1.7363459730693636, -0.11880589496335058], [-1.1675428111853443, 1.058058027452274, 0.3856203743215915, -0.2108292100730453, 1.3148942787812756], [-2.304748593701943, 0.926130023412083, -0.7298723129245088, -1.8602697108680355, 1.95243246049429], [-1.2831971079498445, 1.7912105404175214, 1.5279611118645855, -1.0663979702796744, 2.0003147875975777]], [[1.0594002642799765, -1.9685124103479317, -0.6058690723638793, 1.5106011381403266], [-1.3835998064465738, 1.0054360281761614, 0.8816742849271676, -1.6360567817289688], [-1.282911582498143, 0.14271516375569823, 0.39725576193953904, -0.6651145971859108], [1.2307823844434427, -0.5407012979536586, -1.6791343148262243, 1.5064397955670392], [-0.5036396456030662, 1.8046290488049337, 0.19977057623660266, -2.30987009546105]], [[-0.07478224364151283, 1.5678602247880886, -1.2814205329778636, -0.4932807552052932], [-4.2319409346402495, -3.9802782105378824, 6.0134185685506925, 7.5435751130172255], [-2.4263124325386913, -0.39061457019451495, 2.738057321939579, 3.9796497614229582], [-0.8215576629824114, 2.4857217620424032, -1.1091533420439277, -0.5440104402163107]]]
[6.3, 2.3, 4.4, 1.3];0.002543;[0.0, 1.0, 0.0];[0.009818, -0.062993, 0.059711];[0.009818, 0.937007, 0.059711];[[3.754955903492069, 0.9449071785339087, -2.681961769707655, -2.3959863476630585, -1.0262165729116346, -1.5000556019802889, -2.170922407892222, 2.8465737381947798], [-4.920437098279601, 2.465590756030155, -2.5192023893268307, -2.5333187783738045, -1.5159677689601774, -0.10901066406875581, 1.7017910941204912, -2.8442215696763338], [-2.4968199080611595, -2.850354865335081, 2.6038518455205555, 1.6471060739537173, 1.2884781863133388, 1.2128273946109889, -0.15571525745120562, -0.8543497577283802]];[[0.043347, 0.067247, 0.160028, 0.024634], [0.69868, 0.643386, 0.665675, 0.651538, 0.418283], [0.634712, 0.762063, 0.643973, 0.486987, 0.089779, 0.855537], [0.764021, 0.940722, 0.258818, 0.953012, 0.575677, 0.875073, 0.326651], [0.006343, 0.895736, 0.11171, 0.166654, 0.248444, 0.583084, 0.926852, 0.023752]];[[[-1.2959617552612757, 2.1214365118356584, 1.7435977412142674, -4.045939690272014, 1.4348765562565402, -2.7208576348084144, 0.8861633078353595], [-0.861949853388887, 3.0291256150521964, 1.7021417981879958, -1.3915706841594886, 0.9185941591098222, 0.5291158195194855, 1.2255944347828867], [0.5055544968099532, -3.206886991187832, -1.7588345759208592, 1.3836989179517984, -0.7801634779221162, -0.015970005454299812, -1.015651946229062], [1.3998532116872118, -2.779778247395544, -0.886135062187334, 1.0350181500608984, -1.3562934971451022, 0.71040478720376, 0.4520566890333657], [-0.009687502753357733, -0.8695601732770318, -1.7521811582772076, 0.17681151834173983, -1.8400007298450534, 1.2518721822895473, 0.4732771993233454], [1.45076039992781, -0.9955695905254737, -0.6414846630571047, 0.4422629462296163, 0.2765524553380413, -0.014780644235101618, -0.4292256508961423], [0.633225795555959, 0.5114244107574545, -1.3383385807233377, 1.787355537843152, -0.3918963219793266, 0.9829941600131111, -0.7827353536427921], [-1.426841231521866, 1.9013697999995367, 1.924748496882836, -2.120367923029321, 0.686731648557074, -2.2667578556475187, -0.042928043962376004]], [[-1.5351934754818526, 1.2112288837005392, -0.07805999761104089, 0.4444449630266499, 0.2523548925824099, 1.5394383308664301], [2.6236623214234287, -0.8010372601103094, 2.219297847831349, -0.5580467141330264, -2.087835385897996, -1.6180331758319575], [1.170160520821734, -1.4551167973867405, 0.523764249176511, -0.8940227154162517, -1.2530842491525942, -1.7857800991098305], [-1.362564582025184, 2.457782798860388, -0.9807243940194214, 1.1384575118164006, 1.0776170697462149, 2.5507856605138586], [1.4768861232258788, -1.2983749168954954, 0.8348017609593407, -0.17727692618031085, -1.903366208628828, -0.29631885696002247], [-1.0720196561613358, 0.8568880393410341, -1.304853991698571, 0.637481009363235, 0.9040847616798172, 2.0169968611200484], [0.051818755866675316, -0.4278992697065488, 0.3374487975822116, -0.7669172867961787, -1.241165696354096, -0.34438677888084984]], [[1.3384819053121686, -0.9002154094388309, -0.9067347900331599, 1.7537432805100552, -1.3789308716625774], [-1.104845987369737, 1.9179799310941017, 1.323246123049322, 0.015000293646627397, 1.7421398005696602], [1.2475967179450789, -1.734221521571528, 0.2384975087042245, 1.7363459730693636, -0.11880589496335058], [-1.1675428111853443, 1.058058027452274, 0.3856203743215915, -0.2108292100730453, 1.3148942787812756], [-2.304748593701943, 0.926130023412083, -0.7298723129245088, -1.8602697108680355, 1.95243246049429], [-1.2831971079498445, 1.7912105404175214, 1.5279611118645855, -1.0663979702796744, 2.0003147875975777]], [[1.0594002642799765, -1.9685124103479317, -0.6058690723638793, 1.5106011381403266], [-1.3835998064465738, 1.0054360281761614, 0.8816742849271676, -1.6360567817289688], [-1.282911582498143, 0.14271516375569823, 0.39725576193953904, -0.6651145971859108], [1.2307823844434427, -0.5407012979536586, -1.6791343148262243, 1.5064397955670392], [-0.5036396456030662, 1.8046290488049337, 0.19977057623660266, -2.30987009546105]], [[-0.07478224364151283, 1.5678602247880886, -1.2814205329778636, -0.4932807552052932], [-4.2319409346402495, -3.9802782105378824, 6.0134185685506925, 7.5435751130172255], [-2.4263124325386913, -0.39061457019451495, 2.738057321939579, 3.9796497614229582], [-0.8215576629824114, 2.4857217620424032, -1.1091533420439277, -0.5440104402163107]]]
[5.6, 3.0, 4.1, 1.3];0.001235;[0.0, 1.0, 0.0];[0.028229, -0.04664, 0.027053];[0.028229, 0.95336, 0.027053];[[3.754955903492069, 0.9449071785339087, -2.681961769707655, -2.3959863476630585, -1.0262165729116346, -1.5000556019802889, -2.170922407892222, 2.8465737381947798], [-4.920437098279601, 2.465590756030155, -2.5192023893268307, -2.5333187783738045, -1.5159677689601774, -0.10901066406875581, 1.7017910941204912, -2.8442215696763338], [-2.4968199080611595, -2.850354865335081, 2.6038518455205555, 1.6471060739537173, 1.2884781863133388, 1.2128273946109889, -0.15571525745120562, -0.8543497577283802]];[[0.173658, 0.013958, 0.258372, 0.262921], [0.799688, 0.513264, 0.597362, 0.732793, 0.264563], [0.77228, 0.609659, 0.747889, 0.365106, 0.044317, 0.714533], [0.619692, 0.97955, 0.450855, 0.857952, 0.719659, 0.755786, 0.397115], [0.030131, 0.952908, 0.051069, 0.080451, 0.133137, 0.483384, 0.859606, 0.07594]];[[[-1.2959617552612757, 2.1214365118356584, 1.7435977412142674, -4.045939690272014, 1.4348765562565402, -2.7208576348084144, 0.8861633078353595], [-0.861949853388887, 3.0291256150521964, 1.7021417981879958, -1.3915706841594886, 0.9185941591098222, 0.5291158195194855, 1.2255944347828867], [0.5055544968099532, -3.206886991187832, -1.7588345759208592, 1.3836989179517984, -0.7801634779221162, -0.015970005454299812, -1.015651946229062], [1.3998532116872118, -2.779778247395544, -0.886135062187334, 1.0350181500608984, -1.3562934971451022, 0.71040478720376, 0.4520566890333657], [-0.009687502753357733, -0.8695601732770318, -1.7521811582772076, 0.17681151834173983, -1.8400007298450534, 1.2518721822895473, 0.4732771993233454], [1.45076039992781, -0.9955695905254737, -0.6414846630571047, 0.4422629462296163, 0.2765524553380413, -0.014780644235101618, -0.4292256508961423], [0.633225795555959, 0.5114244107574545, -1.3383385807233377, 1.787355537843152, -0.3918963219793266, 0.9829941600131111, -0.7827353536427921], [-1.426841231521866, 1.9013697999995367, 1.924748496882836, -2.120367923029321, 0.686731648557074, -2.2667578556475187, -0.042928043962376004]], [[-1.5351934754818526, 1.2112288837005392, -0.07805999761104089, 0.4444449630266499, 0.2523548925824099, 1.5394383308664301], [2.6236623214234287, -0.8010372601103094, 2.219297847831349, -0.5580467141330264, -2.087835385897996, -1.6180331758319575], [1.170160520821734, -1.4551167973867405, 0.523764249176511, -0.8940227154162517, -1.2530842491525942, -1.7857800991098305], [-1.362564582025184, 2.457782798860388, -0.9807243940194214, 1.1384575118164006, 1.0776170697462149, 2.5507856605138586], [1.4768861232258788, -1.2983749168954954, 0.8348017609593407, -0.17727692618031085, -1.903366208628828, -0.29631885696002247], [-1.0720196561613358, 0.8568880393410341, -1.304853991698571, 0.637481009363235, 0.9040847616798172, 2.0169968611200484], [0.051818755866675316, -0.4278992697065488, 0.3374487975822116, -0.7669172867961787, -1.241165696354096, -0.34438677888084984]], [[1.3384819053121686, -0.9002154094388309, -0.9067347900331599, 1.7537432805100552, -1.3789308716625774], [-1.104845987369737, 1.9179799310941017, 1.323246123049322, 0.015000293646627397, 1.7421398005696602], [1.2475967179450789, -1.734221521571528, 0.2384975087042245, 1.7363459730693636, -0.11880589496335058], [-1.1675428111853443, 1.058058027452274, 0.3856203743215915, -0.2108292100730453, 1.3148942787812756], [-2.304748593701943, 0.926130023412083, -0.7298723129245088, -1.8602697108680355, 1.95243246049429], [-1.2831971079498445, 1.7912105404175214, 1.5279611118645855, -1.0663979702796744, 2.0003147875975777]], [[1.0594002642799765, -1.9685124103479317, -0.6058690723638793, 1.5106011381403266], [-1.3835998064465738, 1.0054360281761614, 0.8816742849271676, -1.6360567817289688], [-1.282911582498143, 0.14271516375569823, 0.39725576193953904, -0.6651145971859108], [1.2307823844434427, -0.5407012979536586, -1.6791343148262243, 1.5064397955670392], [-0.5036396456030662, 1.8046290488049337, 0.19977057623660266, -2.30987009546105]], [[-0.07478224364151283, 1.5678602247880886, -1.2814205329778636, -0.4932807552052932], [-4.2319409346402495, -3.9802782105378824, 6.0134185685506925, 7.5435751130172255], [-2.4263124325386913, -0.39061457019451495, 2.738057321939579, 3.9796497614229582], [-0.8215576629824114, 2.4857217620424032, -1.1091533420439277, -0.5440104402163107]]]
[6.1, 3.0, 4.6, 1.4];0.002317;[0.0, 1.0, 0.0];[0.010489, -0.060488, 0.05641];[0.010489, 0.939512, 0.05641];[[3.754955903492069, 0.9449071785339087, -2.681961769707655, -2.3959863476630585, -1.0262165729116346, -1.5000556019802889, -2.170922407892222, 2.8465737381947798], [-4.920437098279601, 2.465590756030155, -2.5192023893268307, -2.5333187783738045, -1.5159677689601774, -0.10901066406875581, 1.7017910941204912, -2.8442215696763338], [-2.4968199080611595, -2.850354865335081, 2.6038518455205555, 1.6471060739537173, 1.2884781863133388, 1.2128273946109889, -0.15571525745120562, -0.8543497577283802]];[[0.092176, 0.068337, 0.377398, 0.113992], [0.709692, 0.638551, 0.657713, 0.611812, 0.373921], [0.638833, 0.741574, 0.633943, 0.469273, 0.08682, 0.845192], [0.753979, 0.942793, 0.271956, 0.948527, 0.584483, 0.870215, 0.332488], [0.006932, 0.90087, 0.106486, 0.159979, 0.240129, 0.576496, 0.923834, 0.025428]];[[[-1.2959617552612757, 2.1214365118356584, 1.7435977412142674, -4.045939690272014, 1.4348765562565402, -2.7208576348084144, 0.8861633078353595], [-0.861949853388887, 3.0291256150521964, 1.7021417981879958, -1.3915706841594886, 0.9185941591098222, 0.5291158195194855, 1.2255944347828867], [0.5055544968099532, -3.206886991187832, -1.7588345759208592, 1.3836989179517984, -0.7801634779221162, -0.015970005454299812, -1.015651946229062], [1.3998532116872118, -2.779778247395544, -0.886135062187334, 1.0350181500608984, -1.3562934971451022, 0.71040478720376, 0.4520566890333657], [-0.009687502753357733, -0.8695601732770318, -1.7521811582772076, 0.17681151834173983, -1.8400007298450534, 1.2518721822895473, 0.4732771993233454], [1.45076039992781, -0.9955695905254737, -0.6414846630571047, 0.4422629462296163, 0.2765524553380413, -0.014780644235101618, -0.4292256508961423], [0.633225795555959, 0.5114244107574545, -1.3383385807233377, 1.787355537843152, -0.3918963219793266, 0.9829941600131111, -0.7827353536427921], [-1.426841231521866, 1.9013697999995367, 1.924748496882836, -2.120367923029321, 0.686731648557074, -2.2667578556475187, -0.042928043962376004]], [[-1.5351934754818526, 1.2112288837005392, -0.07805999761104089, 0.4444449630266499, 0.2523548925824099, 1.5394383308664301], [2.6236623214234287, -0.8010372601103094, 2.219297847831349, -0.5580467141330264, -2.087835385897996, -1.6180331758319575], [1.170160520821734, -1.4551167973867405, 0.523764249176511, -0.8940227154162517, -1.2530842491525942, -1.7857800991098305], [-1.362564582025184, 2.457782798860388, -0.9807243940194214, 1.1384575118164006, 1.0776170697462149, 2.5507856605138586], [1.4768861232258788, -1.2983749168954954, 0.8348017609593407, -0.17727692618031085, -1.903366208628828, -0.29631885696002247], [-1.0720196561613358, 0.8568880393410341, -1.304853991698571, 0.637481009363235, 0.9040847616798172, 2.0169968611200484], [0.051818755866675316, -0.4278992697065488, 0.3374487975822116, -0.7669172867961787, -1.241165696354096, -0.34438677888084984]], [[1.3384819053121686, -0.9002154094388309, -0.9067347900331599, 1.7537432805100552, -1.3789308716625774], [-1.104845987369737, 1.9179799310941017, 1.323246123049322, 0.015000293646627397, 1.7421398005696602], [1.2475967179450789, -1.734221521571528, 0.2384975087042245, 1.7363459730693636, -0.11880589496335058], [-1.1675428111853443, 1.058058027452274, 0.3856203743215915, -0.2108292100730453, 1.3148942787812756], [-2.304748593701943, 0.926130023412083, -0.7298723129245088, -1.8602697108680355, 1.95243246049429], [-1.2831971079498445, 1.7912105404175214, 1.5279611118645855, -1.0663979702796744, 2.0003147875975777]], [[1.0594002642799765, -1.9685124103479317, -0.6058690723638793, 1.5106011381403266], [-1.3835998064465738, 1.0054360281761614, 0.8816742849271676, -1.6360567817289688], [-1.282911582498143, 0.14271516375569823, 0.39725576193953904, -0.6651145971859108], [1.2307823844434427, -0.5407012979536586, -1.6791343148262243, 1.5064397955670392], [-0.5036396456030662, 1.8046290488049337, 0.19977057623660266, -2.30987009546105]], [[-0.07478224364151283, 1.5678602247880886, -1.2814205329778636, -0.4932807552052932], [-4.2319409346402495, -3.9802782105378824, 6.0134185685506925, 7.5435751130172255], [-2.4263124325386913, -0.39061457019451495, 2.738057321939579, 3.9796497614229582], [-0.8215576629824114, 2.4857217620424032, -1.1091533420439277, -0.5440104402163107]]]
[5.7, 3.0, 4.2, 1.2];0.001231;[0.0, 1.0, 0.0];[0.028046, -0.046581, 0.02716];[0.028046, 0.953419, 0.02716];[[3.754955903492069, 0.9449071785339087, -2.681961769707655, -2.3959863476630585, -1.0262165729116346, -1.5000556019802889, -2.170922407892222, 2.8465737381947798], [-4.920437098279601, 2.465590756030155, -2.5192023893268307, -2.5333187783738045, -1.5159677689601774, -0.10901066406875581, 1.7017910941204912, -2.8442215696763338], [-2.4968199080611595, -2.850354865335081, 2.6038518455205555, 1.6471060739537173, 1.2884781863133388, 1.2128273946109889, -0.15571525745120562, -0.8543497577283802]];[[0.161622, 0.007893, 0.194468, 0.236943], [0.799473, 0.512443, 0.598917, 0.743735, 0.272886], [0.773466, 0.613313, 0.751555, 0.367106, 0.044084, 0.715788], [0.620889, 0.979663, 0.449433, 0.859045, 0.719615, 0.75591, 0.39665], [0.029868, 0.952675, 0.0513, 0.080724, 0.133437, 0.484184, 0.860229, 0.075461]];[[[-1.2959617552612757, 2.1214365118356584, 1.7435977412142674, -4.045939690272014, 1.4348765562565402, -2.7208576348084144, 0.8861633078353595], [-0.861949853388887, 3.0291256150521964, 1.7021417981879958, -1.3915706841594886, 0.9185941591098222, 0.5291158195194855, 1.2255944347828867], [0.5055544968099532, -3.206886991187832, -1.7588345759208592, 1.3836989179517984, -0.7801634779221162, -0.015970005454299812, -1.015651946229062], [1.3998532116872118, -2.779778247395544, -0.886135062187334, 1.0350181500608984, -1.3562934971451022, 0.71040478720376, 0.4520566890333657], [-0.009687502753357733, -0.8695601732770318, -1.7521811582772076, 0.17681151834173983, -1.8400007298450534, 1.2518721822895473, 0.4732771993233454], [1.45076039992781, -0.9955695905254737, -0.6414846630571047, 0.4422629462296163, 0.2765524553380413, -0.014780644235101618, -0.4292256508961423], [0.633225795555959, 0.5114244107574545, -1.3383385807233377, 1.787355537843152, -0.3918963219793266, 0.9829941600131111, -0.7827353536427921], [-1.426841231521866, 1.9013697999995367, 1.924748496882836, -2.120367923029321, 0.686731648557074, -2.2667578556475187, -0.042928043962376004]], [[-1.5351934754818526, 1.2112288837005392, -0.07805999761104089, 0.4444449630266499, 0.2523548925824099, 1.5394383308664301], [2.6236623214234287, -0.8010372601103094, 2.219297847831349, -0.5580467141330264, -2.087835385897996, -1.6180331758319575], [1.170160520821734, -1.4551167973867405, 0.523764249176511, -0.8940227154162517, -1.2530842491525942, -1.7857800991098305], [-1.362564582025184, 2.457782798860388, -0.9807243940194214, 1.1384575118164006, 1.0776170697462149, 2.5507856605138586], [1.4768861232258788, -1.2983749168954954, 0.8348017609593407, -0.17727692618031085, -1.903366208628828, -0.29631885696002247], [-1.0720196561613358, 0.8568880393410341, -1.304853991698571, 0.637481009363235, 0.9040847616798172, 2.0169968611200484], [0.051818755866675316, -0.4278992697065488, 0.3374487975822116, -0.7669172867961787, -1.241165696354096, -0.34438677888084984]], [[1.3384819053121686, -0.9002154094388309, -0.9067347900331599, 1.7537432805100552, -1.3789308716625774], [-1.104845987369737, 1.9179799310941017, 1.323246123049322, 0.015000293646627397, 1.7421398005696602], [1.2475967179450789, -1.734221521571528, 0.2384975087042245, 1.7363459730693636, -0.11880589496335058], [-1.1675428111853443, 1.058058027452274, 0.3856203743215915, -0.2108292100730453, 1.3148942787812756], [-2.304748593701943, 0.926130023412083, -0.7298723129245088, -1.8602697108680355, 1.95243246049429], [-1.2831971079498445, 1.7912105404175214, 1.5279611118645855, -1.0663979702796744, 2.0003147875975777]], [[1.0594002642799765, -1.9685124103479317, -0.6058690723638793, 1.5106011381403266], [-1.3835998064465738, 1.0054360281761614, 0.8816742849271676, -1.6360567817289688], [-1.282911582498143, 0.14271516375569823, 0.39725576193953904, -0.6651145971859108], [1.2307823844434427, -0.5407012979536586, -1.6791343148262243, 1.5064397955670392], [-0.5036396456030662, 1.8046290488049337, 0.19977057623660266, -2.30987009546105]], [[-0.07478224364151283, 1.5678602247880886, -1.2814205329778636, -0.4932807552052932], [-4.2319409346402495, -3.9802782105378824, 6.0134185685506925, 7.5435751130172255], [-2.4263124325386913, -0.39061457019451495, 2.738057321939579, 3.9796497614229582], [-0.8215576629824114, 2.4857217620424032, -1.1091533420439277, -0.5440104402163107]]]
[5.1, 2.5, 3.0, 1.1];0.012398;[0.0, 1.0, 0.0];[0.144619, -0.1271, 0.011191];[0.144619, 0.8729, 0.011191];[[3.754955903492069, 0.9449071785339087, -2.681961769707655, -2.3959863476630585, -1.0262165729116346, -1.5000556019802889, -2.170922407892222, 2.8465737381947798], [-4.920437098279601, 2.465590756030155, -2.5192023893268307, -2.5333187783738045, -1.5159677689601774, -0.10901066406875581, 1.7017910941204912, -2.8442215696763338], [-2.4968199080611595, -2.850354865335081, 2.6038518455205555, 1.6471060739537173, 1.2884781863133388, 1.2128273946109889, -0.15571525745120562, -0.8543497577283802]];[[0.310402, 0.000255, 0.030656, 0.369572], [0.864743, 0.371645, 0.513922, 0.849102, 0.196577], [0.859263, 0.468858, 0.832615, 0.283908, 0.025572, 0.54806], [0.47015, 0.991439, 0.633484, 0.67116, 0.805993, 0.598873, 0.454802], [0.171297, 0.978334, 0.023225, 0.037823, 0.071531, 0.379044, 0.713387, 0.249218]];[[[-1.2959617552612757, 2.1214365118356584, 1.7435977412142674, -4.045939690272014, 1.4348765562565402, -2.7208576348084144, 0.8861633078353595], [-0.861949853388887, 3.0291256150521964, 1.7021417981879958, -1.3915706841594886, 0.9185941591098222, 0.5291158195194855, 1.2255944347828867], [0.5055544968099532, -3.206886991187832, -1.7588345759208592, 1.3836989179517984, -0.7801634779221162, -0.015970005454299812, -1.015651946229062], [1.3998532116872118, -2.779778247395544, -0.886135062187334, 1.0350181500608984, -1.3562934971451022, 0.71040478720376, 0.4520566890333657], [-0.009687502753357733, -0.8695601732770318, -1.7521811582772076, 0.17681151834173983, -1.8400007298450534, 1.2518721822895473, 0.4732771993233454], [1.45076039992781, -0.9955695905254737, -0.6414846630571047, 0.4422629462296163, 0.2765524553380413, -0.014780644235101618, -0.4292256508961423], [0.633225795555959, 0.5114244107574545, -1.3383385807233377, 1.787355537843152, -0.3918963219793266, 0.9829941600131111, -0.7827353536427921], [-1.426841231521866, 1.9013697999995367, 1.924748496882836, -2.120367923029321, 0.686731648557074, -2.2667578556475187, -0.042928043962376004]], [[-1.5351934754818526, 1.2112288837005392, -0.07805999761104089, 0.4444449630266499, 0.2523548925824099, 1.5394383308664301], [2.6236623214234287, -0.8010372601103094, 2.219297847831349, -0.5580467141330264, -2.087835385897996, -1.6180331758319575], [1.170160520821734, -1.4551167973867405, 0.523764249176511, -0.8940227154162517, -1.2530842491525942, -1.7857800991098305], [-1.362564582025184, 2.457782798860388, -0.9807243940194214, 1.1384575118164006, 1.0776170697462149, 2.5507856605138586], [1.4768861232258788, -1.2983749168954954, 0.8348017609593407, -0.17727692618031085, -1.903366208628828, -0.29631885696002247], [-1.0720196561613358, 0.8568880393410341, -1.304853991698571, 0.637481009363235, 0.9040847616798172, 2.0169968611200484], [0.051818755866675316, -0.4278992697065488, 0.3374487975822116, -0.7669172867961787, -1.241165696354096, -0.34438677888084984]], [[1.3384819053121686, -0.9002154094388309, -0.9067347900331599, 1.7537432805100552, -1.3789308716625774], [-1.104845987369737, 1.9179799310941017, 1.323246123049322, 0.015000293646627397, 1.7421398005696602], [1.2475967179450789, -1.734221521571528, 0.2384975087042245, 1.7363459730693636, -0.11880589496335058], [-1.1675428111853443, 1.058058027452274, 0.3856203743215915, -0.2108292100730453, 1.3148942787812756], [-2.304748593701943, 0.926130023412083, -0.7298723129245088, -1.8602697108680355, 1.95243246049429], [-1.2831971079498445, 1.7912105404175214, 1.5279611118645855, -1.0663979702796744, 2.0003147875975777]], [[1.0594002642799765, -1.9685124103479317, -0.6058690723638793, 1.5106011381403266], [-1.3835998064465738, 1.0054360281761614, 0.8816742849271676, -1.6360567817289688], [-1.282911582498143, 0.14271516375569823, 0.39725576193953904, -0.6651145971859108], [1.2307823844434427, -0.5407012979536586, -1.6791343148262243, 1.5064397955670392], [-0.5036396456030662, 1.8046290488049337, 0.19977057623660266, -2.30987009546105]], [[-0.07478224364151283, 1.5678602247880886, -1.2814205329778636, -0.4932807552052932], [-4.2319409346402495, -3.9802782105378824, 6.0134185685506925, 7.5435751130172255], [-2.4263124325386913, -0.39061457019451495, 2.738057321939579, 3.9796497614229582], [-0.8215576629824114, 2.4857217620424032, -1.1091533420439277, -0.5440104402163107]]]
[6.5, 3.0, 5.8, 2.2];0.001834;[0.0, 0.0, 1.0];[6.8e-05, 0.052461, -0.052443];[6.8e-05, 0.052461, 0.947557];[[3.754955903492069, 0.9449071785339087, -2.681961769707655, -2.3959863476630585, -1.0262165729116346, -1.5000556019802889, -2.170922407892222, 2.8465737381947798], [-4.920437098279601, 2.465590756030155, -2.5192023893268307, -2.5333187783738045, -1.5159677689601774, -0.10901066406875581, 1.7017910941204912, -2.8442215696763338], [-2.4968199080611595, -2.850354865335081, 2.6038518455205555, 1.6471060739537173, 1.2884781863133388, 1.2128273946109889, -0.15571525745120562, -0.8543497577283802]];[[0.014069, 0.99987, 0.993296, 0.01559], [0.175898, 0.910337, 0.767881, 0.209608, 0.82568], [0.13979, 0.956561, 0.211836, 0.818917, 0.663449, 0.987508], [0.936993, 0.22349, 0.03255, 0.997318, 0.097174, 0.985286, 0.120247], [0.000195, 0.222362, 0.794879, 0.81857, 0.698486, 0.80531, 0.95777, 0.001617]];[[[-1.2959617552612757, 2.1214365118356584, 1.7435977412142674, -4.045939690272014, 1.4348765562565402, -2.7208576348084144, 0.8861633078353595], [-0.861949853388887, 3.0291256150521964, 1.7021417981879958, -1.3915706841594886, 0.9185941591098222, 0.5291158195194855, 1.2255944347828867], [0.5055544968099532, -3.206886991187832, -1.7588345759208592, 1.3836989179517984, -0.7801634779221162, -0.015970005454299812, -1.015651946229062], [1.3998532116872118, -2.779778247395544, -0.886135062187334, 1.0350181500608984, -1.3562934971451022, 0.71040478720376, 0.4520566890333657], [-0.009687502753357733, -0.8695601732770318, -1.7521811582772076, 0.17681151834173983, -1.8400007298450534, 1.2518721822895473, 0.4732771993233454], [1.45076039992781, -0.9955695905254737, -0.6414846630571047, 0.4422629462296163, 0.2765524553380413, -0.014780644235101618, -0.4292256508961423], [0.633225795555959, 0.5114244107574545, -1.3383385807233377, 1.787355537843152, -0.3918963219793266, 0.9829941600131111, -0.7827353536427921], [-1.426841231521866, 1.9013697999995367, 1.924748496882836, -2.120367923029321, 0.686731648557074, -2.2667578556475187, -0.042928043962376004]], [[-1.5351934754818526, 1.2112288837005392, -0.07805999761104089, 0.4444449630266499, 0.2523548925824099, 1.5394383308664301], [2.6236623214234287, -0.8010372601103094, 2.219297847831349, -0.5580467141330264, -2.087835385897996, -1.6180331758319575], [1.170160520821734, -1.4551167973867405, 0.523764249176511, -0.8940227154162517, -1.2530842491525942, -1.7857800991098305], [-1.362564582025184, 2.457782798860388, -0.9807243940194214, 1.1384575118164006, 1.0776170697462149, 2.5507856605138586], [1.4768861232258788, -1.2983749168954954, 0.8348017609593407, -0.17727692618031085, -1.903366208628828, -0.29631885696002247], [-1.0720196561613358, 0.8568880393410341, -1.304853991698571, 0.637481009363235, 0.9040847616798172, 2.0169968611200484], [0.051818755866675316, -0.4278992697065488, 0.3374487975822116, -0.7669172867961787, -1.241165696354096, -0.34438677888084984]], [[1.3384819053121686, -0.9002154094388309, -0.9067347900331599, 1.7537432805100552, -1.3789308716625774], [-1.104845987369737, 1.9179799310941017, 1.323246123049322, 0.015000293646627397, 1.7421398005696602], [1.2475967179450789, -1.734221521571528, 0.2384975087042245, 1.7363459730693636, -0.11880589496335058], [-1.1675428111853443, 1.058058027452274, 0.3856203743215915, -0.2108292100730453, 1.3148942787812756], [-2.304748593701943, 0.926130023412083, -0.7298723129245088, -1.8602697108680355, 1.95243246049429], [-1.2831971079498445, 1.7912105404175214, 1.5279611118645855, -1.0663979702796744, 2.0003147875975777]], [[1.0594002642799765, -1.9685124103479317, -0.6058690723638793, 1.5106011381403266], [-1.3835998064465738, 1.0054360281761614, 0.8816742849271676, -1.6360567817289688], [-1.282911582498143, 0.14271516375569823, 0.39725576193953904, -0.6651145971859108], [1.2307823844434427, -0.5407012979536586, -1.6791343148262243, 1.5064397955670392], [-0.5036396456030662, 1.8046290488049337, 0.19977057623660266, -2.30987009546105]], [[-0.07478224364151283, 1.5678602247880886, -1.2814205329778636, -0.4932807552052932], [-4.2319409346402495, -3.9802782105378824, 6.0134185685506925, 7.5435751130172255], [-2.4263124325386913, -0.39061457019451495, 2.738057321939579, 3.9796497614229582], [-0.8215576629824114, 2.4857217620424032, -1.1091533420439277, -0.5440104402163107]]]
[7.3, 2.9, 6.3, 1.8];0.001898;[0.0, 0.0, 1.0];[6.9e-05, 0.053371, -0.053353];[6.9e-05, 0.053371, 0.946647];[[3.754955903492069, 0.9449071785339087, -2.681961769707655, -2.3959863476630585, -1.0262165729116346, -1.5000556019802889, -2.170922407892222, 2.8465737381947798], [-4.920437098279601, 2.465590756030155, -2.5192023893268307, -2.5333187783738045, -1.5159677689601774, -0.10901066406875581, 1.7017910941204912, -2.8442215696763338], [-2.4968199080611595, -2.850354865335081, 2.6038518455205555, 1.6471060739537173, 1.2884781863133388, 1.2128273946109889, -0.15571525745120562, -0.8543497577283802]];[[0.007321, 0.997394, 0.946518, 0.004549], [0.177263, 0.908995, 0.767357, 0.218857, 0.827841], [0.141816, 0.956525, 0.215145, 0.818572, 0.659644, 0.987378], [0.936713, 0.227162, 0.032849, 0.997289, 0.098333, 0.985134, 0.120911], [0.000197, 0.224743, 0.792577, 0.81674, 0.697278, 0.804646, 0.957775, 0.001632]];[[[-1.2959617552612757, 2.1214365118356584, 1.7435977412142674, -4.045939690272014, 1.4348765562565402, -2.7208576348084144, 0.8861633078353595], [-0.861949853388887, 3.0291256150521964, 1.7021417981879958, -1.3915706841594886, 0.9185941591098222, 0.5291158195194855, 1.2255944347828867], [0.5055544968099532, -3.206886991187832, -1.7588345759208592, 1.3836989179517984, -0.7801634779221162, -0.015970005454299812, -1.015651946229062], [1.3998532116872118, -2.779778247395544, -0.886135062187334, 1.0350181500608984, -1.3562934971451022, 0.71040478720376, 0.4520566890333657], [-0.009687502753357733, -0.8695601732770318, -1.7521811582772076, 0.17681151834173983, -1.8400007298450534, 1.2518721822895473, 0.4732771993233454], [1.45076039992781, -0.9955695905254737, -0.6414846630571047, 0.4422629462296163, 0.2765524553380413, -0.014780644235101618, -0.4292256508961423], [0.633225795555959, 0.5114244107574545, -1.3383385807233377, 1.787355537843152, -0.3918963219793266, 0.9829941600131111, -0.7827353536427921], [-1.426841231521866, 1.9013697999995367, 1.924748496882836, -2.120367923029321, 0.686731648557074, -2.2667578556475187, -0.042928043962376004]], [[-1.5351934754818526, 1.2112288837005392, -0.07805999761104089, 0.4444449630266499, 0.2523548925824099, 1.5394383308664301], [2.6236623214234287, -0.8010372601103094, 2.219297847831349, -0.5580467141330264, -2.087835385897996, -1.6180331758319575], [1.170160520821734, -1.4551167973867405, 0.523764249176511, -0.8940227154162517, -1.2530842491525942, -1.7857800991098305], [-1.362564582025184, 2.457782798860388, -0.9807243940194214, 1.1384575118164006, 1.0776170697462149, 2.5507856605138586], [1.4768861232258788, -1.2983749168954954, 0.8348017609593407, -0.17727692618031085, -1.903366208628828, -0.29631885696002247], [-1.0720196561613358, 0.8568880393410341, -1.304853991698571, 0.637481009363235, 0.9040847616798172, 2.0169968611200484], [0.051818755866675316, -0.4278992697065488, 0.3374487975822116, -0.7669172867961787, -1.241165696354096, -0.34438677888084984]], [[1.3384819053121686, -0.9002154094388309, -0.9067347900331599, 1.7537432805100552, -1.3789308716625774], [-1.104845987369737, 1.9179799310941017, 1.323246123049322, 0.015000293646627397, 1.7421398005696602], [1.2475967179450789, -1.734221521571528, 0.2384975087042245, 1.7363459730693636, -0.11880589496335058], [-1.1675428111853443, 1.058058027452274, 0.3856203743215915, -0.2108292100730453, 1.3148942787812756], [-2.304748593701943, 0.926130023412083, -0.7298723129245088, -1.8602697108680355, 1.95243246049429], [-1.2831971079498445, 1.7912105404175214, 1.5279611118645855, -1.0663979702796744, 2.0003147875975777]], [[1.0594002642799765, -1.9685124103479317, -0.6058690723638793, 1.5106011381403266], [-1.3835998064465738, 1.0054360281761614, 0.8816742849271676, -1.6360567817289688], [-1.282911582498143, 0.14271516375569823, 0.39725576193953904, -0.6651145971859108], [1.2307823844434427, -0.5407012979536586, -1.6791343148262243, 1.5064397955670392], [-0.5036396456030662, 1.8046290488049337, 0.19977057623660266, -2.30987009546105]], [[-0.07478224364151283, 1.5678602247880886, -1.2814205329778636, -0.4932807552052932], [-4.2319409346402495, -3.9802782105378824, 6.0134185685506925, 7.5435751130172255], [-2.4263124325386913, -0.39061457019451495, 2.738057321939579, 3.9796497614229582], [-0.8215576629824114, 2.4857217620424032, -1.1091533420439277, -0.5440104402163107]]]
[6.7, 2.5, 5.8, 1.8];0.001861;[0.0, 0.0, 1.0];[6.9e-05, 0.052841, -0.052822];[6.9e-05, 0.052841, 0.947178];[[3.754955903492069, 0.9449071785339087, -2.681961769707655, -2.3959863476630585, -1.0262165729116346, -1.5000556019802889, -2.170922407892222, 2.8465737381947798], [-4.920437098279601, 2.465590756030155, -2.5192023893268307, -2.5333187783738045, -1.5159677689601774, -0.10901066406875581, 1.7017910941204912, -2.8442215696763338], [-2.4968199080611595, -2.850354865335081, 2.6038518455205555, 1.6471060739537173, 1.2884781863133388, 1.2128273946109889, -0.15571525745120562, -0.8543497577283802]];[[0.007759, 0.999152, 0.957566, 0.004797], [0.175908, 0.90986, 0.768055, 0.215695, 0.828494], [0.140643, 0.956739, 0.213698, 0.819208, 0.662013, 0.98749], [0.936904, 0.225072, 0.032653, 0.997308, 0.097637, 0.985223, 0.120475], [0.000196, 0.223355, 0.793915, 0.817797, 0.697984, 0.805036, 0.957777, 0.001623]];[[[-1.2959617552612757, 2.1214365118356584, 1.7435977412142674, -4.045939690272014, 1.4348765562565402, -2.7208576348084144, 0.8861633078353595], [-0.861949853388887, 3.0291256150521964, 1.7021417981879958, -1.3915706841594886, 0.9185941591098222, 0.5291158195194855, 1.2255944347828867], [0.5055544968099532, -3.206886991187832, -1.7588345759208592, 1.3836989179517984, -0.7801634779221162, -0.015970005454299812, -1.015651946229062], [1.3998532116872118, -2.779778247395544, -0.886135062187334, 1.0350181500608984, -1.3562934971451022, 0.71040478720376, 0.4520566890333657], [-0.009687502753357733, -0.8695601732770318, -1.7521811582772076, 0.17681151834173983, -1.8400007298450534, 1.2518721822895473, 0.4732771993233454], [1.45076039992781, -0.9955695905254737, -0.6414846630571047, 0.4422629462296163, 0.2765524553380413, -0.014780644235101618, -0.4292256508961423], [0.633225795555959, 0.5114244107574545, -1.3383385807233377, 1.787355537843152, -0.3918963219793266, 0.9829941600131111, -0.7827353536427921], [-1.426841231521866, 1.9013697999995367, 1.924748496882836, -2.120367923029321, 0.686731648557074, -2.2667578556475187, -0.042928043962376004]], [[-1.5351934754818526, 1.2112288837005392, -0.07805999761104089, 0.4444449630266499, 0.2523548925824099, 1.5394383308664301], [2.6236623214234287, -0.8010372601103094, 2.219297847831349, -0.5580467141330264, -2.087835385897996, -1.6180331758319575], [1.170160520821734, -1.4551167973867405, 0.523764249176511, -0.8940227154162517, -1.2530842491525942, -1.7857800991098305], [-1.362564582025184, 2.457782798860388, -0.9807243940194214, 1.1384575118164006, 1.0776170697462149, 2.5507856605138586], [1.4768861232258788, -1.2983749168954954, 0.8348017609593407, -0.17727692618031085, -1.903366208628828, -0.29631885696002247], [-1.0720196561613358, 0.8568880393410341, -1.304853991698571, 0.637481009363235, 0.9040847616798172, 2.0169968611200484], [0.051818755866675316, -0.4278992697065488, 0.3374487975822116, -0.7669172867961787, -1.241165696354096, -0.34438677888084984]], [[1.3384819053121686, -0.9002154094388309, -0.9067347900331599, 1.7537432805100552, -1.3789308716625774], [-1.104845987369737, 1.9179799310941017, 1.323246123049322, 0.015000293646627397, 1.7421398005696602], [1.2475967179450789, -1.734221521571528, 0.2384975087042245, 1.7363459730693636, -0.11880589496335058], [-1.1675428111853443, 1.058058027452274, 0.3856203743215915, -0.2108292100730453, 1.3148942787812756], [-2.304748593701943, 0.926130023412083, -0.7298723129245088, -1.8602697108680355, 1.95243246049429], [-1.2831971079498445, 1.7912105404175214, 1.5279611118645855, -1.0663979702796744, 2.0003147875975777]], [[1.0594002642799765, -1.9685124103479317, -0.6058690723638793, 1.5106011381403266], [-1.3835998064465738, 1.0054360281761614, 0.8816742849271676, -1.6360567817289688], [-1.282911582498143, 0.14271516375569823, 0.39725576193953904, -0.6651145971859108], [1.2307823844434427, -0.5407012979536586, -1.6791343148262243, 1.5064397955670392], [-0.5036396456030662, 1.8046290488049337, 0.19977057623660266, -2.30987009546105]], [[-0.07478224364151283, 1.5678602247880886, -1.2814205329778636, -0.4932807552052932], [-4.2319409346402495, -3.9802782105378824, 6.0134185685506925, 7.5435751130172255], [-2.4263124325386913, -0.39061457019451495, 2.738057321939579, 3.9796497614229582], [-0.8215576629824114, 2.4857217620424032, -1.1091533420439277, -0.5440104402163107]]]
[7.2, 3.6, 6.1, 2.5];0.001897;[0.0, 0.0, 1.0];[6.9e-05, 0.053352, -0.053337];[6.9e-05, 0.053352, 0.946663];[[3.754955903492069, 0.9449071785339087, -2.681961769707655, -2.3959863476630585, -1.0262165729116346, -1.5000556019802889, -2.170922407892222, 2.8465737381947798], [-4.920437098279601, 2.465590756030155, -2.5192023893268307, -2.5333187783738045, -1.5159677689601774, -0.10901066406875581, 1.7017910941204912, -2.8442215696763338], [-2.4968199080611595, -2.850354865335081, 2.6038518455205555, 1.6471060739537173, 1.2884781863133388, 1.2128273946109889, -0.15571525745120562, -0.8543497577283802]];[[0.019965, 0.99953, 0.993823, 0.023545], [0.178612, 0.908604, 0.765611, 0.212696, 0.822512], [0.141851, 0.955942, 0.213777, 0.817325, 0.659388, 0.987262], [0.936627, 0.226976, 0.032907, 0.997283, 0.098369, 0.985133, 0.121029], [0.000197, 0.224706, 0.792626, 0.816792, 0.697288, 0.804643, 0.957761, 0.001632]];[[[-1.2959617552612757, 2.1214365118356584, 1.7435977412142674, -4.045939690272014, 1.4348765562565402, -2.7208576348084144, 0.8861633078353595], [-0.861949853388887, 3.0291256150521964, 1.7021417981879958, -1.3915706841594886, 0.9185941591098222, 0.5291158195194855, 1.2255944347828867], [0.5055544968099532, -3.206886991187832, -1.7588345759208592, 1.3836989179517984, -0.7801634779221162, -0.015970005454299812, -1.015651946229062], [1.3998532116872118, -2.779778247395544, -0.886135062187334, 1.0350181500608984, -1.3562934971451022, 0.71040478720376, 0.4520566890333657], [-0.009687502753357733, -0.8695601732770318, -1.7521811582772076, 0.17681151834173983, -1.8400007298450534, 1.2518721822895473, 0.4732771993233454], [1.45076039992781, -0.9955695905254737, -0.6414846630571047, 0.4422629462296163, 0.2765524553380413, -0.014780644235101618, -0.4292256508961423], [0.633225795555959, 0.5114244107574545, -1.3383385807233377, 1.787355537843152, -0.3918963219793266, 0.9829941600131111, -0.7827353536427921], [-1.426841231521866, 1.9013697999995367, 1.924748496882836, -2.120367923029321, 0.686731648557074, -2.2667578556475187, -0.042928043962376004]], [[-1.5351934754818526, 1.2112288837005392, -0.07805999761104089, 0.4444449630266499, 0.2523548925824099, 1.5394383308664301], [2.6236623214234287, -0.8010372601103094, 2.219297847831349, -0.5580467141330264, -2.087835385897996, -1.6180331758319575], [1.170160520821734, -1.4551167973867405, 0.523764249176511, -0.8940227154162517, -1.2530842491525942, -1.7857800991098305], [-1.362564582025184, 2.457782798860388, -0.9807243940194214, 1.1384575118164006, 1.0776170697462149, 2.5507856605138586], [1.4768861232258788, -1.2983749168954954, 0.8348017609593407, -0.17727692618031085, -1.903366208628828, -0.29631885696002247], [-1.0720196561613358, 0.8568880393410341, -1.304853991698571, 0.637481009363235, 0.9040847616798172, 2.0169968611200484], [0.051818755866675316, -0.4278992697065488, 0.3374487975822116, -0.7669172867961787, -1.241165696354096, -0.34438677888084984]], [[1.3384819053121686, -0.9002154094388309, -0.9067347900331599, 1.7537432805100552, -1.3789308716625774], [-1.104845987369737, 1.9179799310941017, 1.323246123049322, 0.015000293646627397, 1.7421398005696602], [1.2475967179450789, -1.734221521571528, 0.2384975087042245, 1.7363459730693636, -0.11880589496335058], [-1.1675428111853443, 1.058058027452274, 0.3856203743215915, -0.2108292100730453, 1.3148942787812756], [-2.304748593701943, 0.926130023412083, -0.7298723129245088, -1.8602697108680355, 1.95243246049429], [-1.2831971079498445, 1.7912105404175214, 1.5279611118645855, -1.0663979702796744, 2.0003147875975777]], [[1.0594002642799765, -1.9685124103479317, -0.6058690723638793, 1.5106011381403266], [-1.3835998064465738, 1.0054360281761614, 0.8816742849271676, -1.6360567817289688], [-1.282911582498143, 0.14271516375569823, 0.39725576193953904, -0.6651145971859108], [1.2307823844434427, -0.5407012979536586, -1.6791343148262243, 1.5064397955670392], [-0.5036396456030662, 1.8046290488049337, 0.19977057623660266, -2.30987009546105]], [[-0.07478224364151283, 1.5678602247880886, -1.2814205329778636, -0.4932807552052932], [-4.2319409346402495, -3.9802782105378824, 6.0134185685506925, 7.5435751130172255], [-2.4263124325386913, -0.39061457019451495, 2.738057321939579, 3.9796497614229582], [-0.8215576629824114, 2.4857217620424032, -1.1091533420439277, -0.5440104402163107]]]
[6.5, 3.2, 5.1, 2.0];0.003670;[0.0, 0.0, 1.0];[9.3e-05, 0.074184, -0.074198];[9.3e-05, 0.074184, 0.925802];[[3.754955903492069, 0.9449071785339087, -2.681961769707655, -2.3959863476630585, -1.0262165729116346, -1.5000556019802889, -2.170922407892222, 2.8465737381947798], [-4.920437098279601, 2.465590756030155, -2.5192023893268307, -2.5333187783738045, -1.5159677689601774, -0.10901066406875581, 1.7017910941204912, -2.8442215696763338], [-2.4968199080611595, -2.850354865335081, 2.6038518455205555, 1.6471060739537173, 1.2884781863133388, 1.2128273946109889, -0.15571525745120562, -0.8543497577283802]];[[0.050194, 0.919198, 0.900927, 0.059353], [0.227015, 0.884283, 0.745115, 0.265382, 0.781084], [0.175779, 0.946776, 0.248202, 0.792917, 0.589658, 0.983281], [0.930397, 0.291716, 0.039421, 0.996632, 0.120628, 0.982327, 0.134844], [0.000243, 0.271094, 0.747694, 0.781374, 0.674525, 0.792141, 0.957639, 0.001928]];[[[-1.2959617552612757, 2.1214365118356584, 1.7435977412142674, -4.045939690272014, 1.4348765562565402, -2.7208576348084144, 0.8861633078353595], [-0.861949853388887, 3.0291256150521964, 1.7021417981879958, -1.3915706841594886, 0.9185941591098222, 0.5291158195194855, 1.2255944347828867], [0.5055544968099532, -3.206886991187832, -1.7588345759208592, 1.3836989179517984, -0.7801634779221162, -0.015970005454299812, -1.015651946229062], [1.3998532116872118, -2.779778247395544, -0.886135062187334, 1.0350181500608984, -1.3562934971451022, 0.71040478720376, 0.4520566890333657], [-0.009687502753357733, -0.8695601732770318, -1.7521811582772076, 0.17681151834173983, -1.8400007298450534, 1.2518721822895473, 0.4732771993233454], [1.45076039992781, -0.9955695905254737, -0.6414846630571047, 0.4422629462296163, 0.2765524553380413, -0.014780644235101618, -0.4292256508961423], [0.633225795555959, 0.5114244107574545, -1.3383385807233377, 1.787355537843152, -0.3918963219793266, 0.9829941600131111, -0.7827353536427921], [-1.426841231521866, 1.9013697999995367, 1.924748496882836, -2.120367923029321, 0.686731648557074, -2.2667578556475187, -0.042928043962376004]], [[-1.5351934754818526, 1.2112288837005392, -0.07805999761104089, 0.4444449630266499, 0.2523548925824099, 1.5394383308664301], [2.6236623214234287, -0.8010372601103094, 2.219297847831349, -0.5580467141330264, -2.087835385897996, -1.6180331758319575], [1.170160520821734, -1.4551167973867405, 0.523764249176511, -0.8940227154162517, -1.2530842491525942, -1.7857800991098305], [-1.362564582025184, 2.457782798860388, -0.9807243940194214, 1.1384575118164006, 1.0776170697462149, 2.5507856605138586], [1.4768861232258788, -1.2983749168954954, 0.8348017609593407, -0.17727692618031085, -1.903366208628828, -0.29631885696002247], [-1.0720196561613358, 0.8568880393410341, -1.304853991698571, 0.637481009363235, 0.9040847616798172, 2.0169968611200484], [0.051818755866675316, -0.4278992697065488, 0.3374487975822116, -0.7669172867961787, -1.241165696354096, -0.34438677888084984]], [[1.3384819053121686, -0.9002154094388309, -0.9067347900331599, 1.7537432805100552, -1.3789308716625774], [-1.104845987369737, 1.9179799310941017, 1.323246123049322, 0.015000293646627397, 1.7421398005696602], [1.2475967179450789, -1.734221521571528, 0.2384975087042245, 1.7363459730693636, -0.11880589496335058], [-1.1675428111853443, 1.058058027452274, 0.3856203743215915, -0.2108292100730453, 1.3148942787812756], [-2.304748593701943, 0.926130023412083, -0.7298723129245088, -1.8602697108680355, 1.95243246049429], [-1.2831971079498445, 1.7912105404175214, 1.5279611118645855, -1.0663979702796744, 2.0003147875975777]], [[1.0594002642799765, -1.9685124103479317, -0.6058690723638793, 1.5106011381403266], [-1.3835998064465738, 1.0054360281761614, 0.8816742849271676, -1.6360567817289688], [-1.282911582498143, 0.14271516375569823, 0.39725576193953904, -0.6651145971859108], [1.2307823844434427, -0.5407012979536586, -1.6791343148262243, 1.5064397955670392], [-0.5036396456030662, 1.8046290488049337, 0.19977057623660266, -2.30987009546105]], [[-0.07478224364151283, 1.5678602247880886, -1.2814205329778636, -0.4932807552052932], [-4.2319409346402495, -3.9802782105378824, 6.0134185685506925, 7.5435751130172255], [-2.4263124325386913, -0.39061457019451495, 2.738057321939579, 3.9796497614229582], [-0.8215576629824114, 2.4857217620424032, -1.1091533420439277, -0.5440104402163107]]]
[7.7, 3.8, 6.7, 2.2];0.001865;[0.0, 0.0, 1.0];[6.9e-05, 0.052905, -0.052888];[6.9e-05, 0.052905, 0.947112];[[3.754955903492069, 0.9449071785339087, -2.681961769707655, -2.3959863476630585, -1.0262165729116346, -1.5000556019802889, -2.170922407892222, 2.8465737381947798], [-4.920437098279601, 2.465590756030155, -2.5192023893268307, -2.5333187783738045, -1.5159677689601774, -0.10901066406875581, 1.7017910941204912, -2.8442215696763338], [-2.4968199080611595, -2.850354865335081, 2.6038518455205555, 1.6471060739537173, 1.2884781863133388, 1.2128273946109889, -0.15571525745120562, -0.8543497577283802]];[[0.014227, 0.997751, 0.985775, 0.015659], [0.177206, 0.909592, 0.76725, 0.211949, 0.824877], [0.140779, 0.95635, 0.212996, 0.818307, 0.6614, 0.987408], [0.936827, 0.225251, 0.032719, 0.997302, 0.097767, 0.98521, 0.120626], [0.000196, 0.223533, 0.793752, 0.81768, 0.697888, 0.804979, 0.957767, 0.001624]];[[[-1.2959617552612757, 2.1214365118356584, 1.7435977412142674, -4.045939690272014, 1.4348765562565402, -2.7208576348084144, 0.8861633078353595], [-0.861949853388887, 3.0291256150521964, 1.7021417981879958, -1.3915706841594886, 0.9185941591098222, 0.5291158195194855, 1.2255944347828867], [0.5055544968099532, -3.206886991187832, -1.7588345759208592, 1.3836989179517984, -0.7801634779221162, -0.015970005454299812, -1.015651946229062], [1.3998532116872118, -2.779778247395544, -0.886135062187334, 1.0350181500608984, -1.3562934971451022, 0.71040478720376, 0.4520566890333657], [-0.009687502753357733, -0.8695601732770318, -1.7521811582772076, 0.17681151834173983, -1.8400007298450534, 1.2518721822895473, 0.4732771993233454], [1.45076039992781, -0.9955695905254737, -0.6414846630571047, 0.4422629462296163, 0.2765524553380413, -0.014780644235101618, -0.4292256508961423], [0.633225795555959, 0.5114244107574545, -1.3383385807233377, 1.787355537843152, -0.3918963219793266, 0.9829941600131111, -0.7827353536427921], [-1.426841231521866, 1.9013697999995367, 1.924748496882836, -2.120367923029321, 0.686731648557074, -2.2667578556475187, -0.042928043962376004]], [[-1.5351934754818526, 1.2112288837005392, -0.07805999761104089, 0.4444449630266499, 0.2523548925824099, 1.5394383308664301], [2.6236623214234287, -0.8010372601103094, 2.219297847831349, -0.5580467141330264, -2.087835385897996, -1.6180331758319575], [1.170160520821734, -1.4551167973867405, 0.523764249176511, -0.8940227154162517, -1.2530842491525942, -1.7857800991098305], [-1.362564582025184, 2.457782798860388, -0.9807243940194214, 1.1384575118164006, 1.0776170697462149, 2.5507856605138586], [1.4768861232258788, -1.2983749168954954, 0.8348017609593407, -0.17727692618031085, -1.903366208628828, -0.29631885696002247], [-1.0720196561613358, 0.8568880393410341, -1.304853991698571, 0.637481009363235, 0.9040847616798172, 2.0169968611200484], [0.051818755866675316, -0.4278992697065488, 0.3374487975822116, -0.7669172867961787, -1.241165696354096, -0.34438677888084984]], [[1.3384819053121686, -0.9002154094388309, -0.9067347900331599, 1.7537432805100552, -1.3789308716625774], [-1.104845987369737, 1.9179799310941017, 1.323246123049322, 0.015000293646627397, 1.7421398005696602], [1.2475967179450789, -1.734221521571528, 0.2384975087042245, 1.7363459730693636, -0.11880589496335058], [-1.1675428111853443, 1.058058027452274, 0.3856203743215915, -0.2108292100730453, 1.3148942787812756], [-2.304748593701943, 0.926130023412083, -0.7298723129245088, -1.8602697108680355, 1.95243246049429], [-1.2831971079498445, 1.7912105404175214, 1.5279611118645855, -1.0663979702796744, 2.0003147875975777]], [[1.0594002642799765, -1.9685124103479317, -0.6058690723638793, 1.5106011381403266], [-1.3835998064465738, 1.0054360281761614, 0.8816742849271676, -1.6360567817289688], [-1.282911582498143, 0.14271516375569823, 0.39725576193953904, -0.6651145971859108], [1.2307823844434427, -0.5407012979536586, -1.6791343148262243, 1.5064397955670392], [-0.5036396456030662, 1.8046290488049337, 0.19977057623660266, -2.30987009546105]], [[-0.07478224364151283, 1.5678602247880886, -1.2814205329778636, -0.4932807552052932], [-4.2319409346402495, -3.9802782105378824, 6.0134185685506925, 7.5435751130172255], [-2.4263124325386913, -0.39061457019451495, 2.738057321939579, 3.9796497614229582], [-0.8215576629824114, 2.4857217620424032, -1.1091533420439277, -0.5440104402163107]]]
[7.2, 3.2, 6.0, 1.8];0.002360;[0.0, 0.0, 1.0];[7.6e-05, 0.0595, -0.059495];[7.6e-05, 0.0595, 0.940505];[[3.754955903492069, 0.9449071785339087, -2.681961769707655, -2.3959863476630585, -1.0262165729116346, -1.5000556019802889, -2.170922407892222, 2.8465737381947798], [-4.920437098279601, 2.465590756030155, -2.5192023893268307, -2.5333187783738045, -1.5159677689601774, -0.10901066406875581, 1.7017910941204912, -2.8442215696763338], [-2.4968199080611595, -2.850354865335081, 2.6038518455205555, 1.6471060739537173, 1.2884781863133388, 1.2128273946109889, -0.15571525745120562, -0.8543497577283802]];[[0.017169, 0.966834, 0.898208, 0.014378], [0.194615, 0.900106, 0.759643, 0.240896, 0.814261], [0.153854, 0.95353, 0.228099, 0.810238, 0.634507, 0.98606], [0.934594, 0.249289, 0.03503, 0.997074, 0.105865, 0.984181, 0.125702], [0.000212, 0.239925, 0.77793, 0.805191, 0.689655, 0.800438, 0.957736, 0.001727]];[[[-1.2959617552612757, 2.1214365118356584, 1.7435977412142674, -4.045939690272014, 1.4348765562565402, -2.7208576348084144, 0.8861633078353595], [-0.861949853388887, 3.0291256150521964, 1.7021417981879958, -1.3915706841594886, 0.9185941591098222, 0.5291158195194855, 1.2255944347828867], [0.5055544968099532, -3.206886991187832, -1.7588345759208592, 1.3836989179517984, -0.7801634779221162, -0.015970005454299812, -1.015651946229062], [1.3998532116872118, -2.779778247395544, -0.886135062187334, 1.0350181500608984, -1.3562934971451022, 0.71040478720376, 0.4520566890333657], [-0.009687502753357733, -0.8695601732770318, -1.7521811582772076, 0.17681151834173983, -1.8400007298450534, 1.2518721822895473, 0.4732771993233454], [1.45076039992781, -0.9955695905254737, -0.6414846630571047, 0.4422629462296163, 0.2765524553380413, -0.014780644235101618, -0.4292256508961423], [0.633225795555959, 0.5114244107574545, -1.3383385807233377, 1.787355537843152, -0.3918963219793266, 0.9829941600131111, -0.7827353536427921], [-1.426841231521866, 1.9013697999995367, 1.924748496882836, -2.120367923029321, 0.686731648557074, -2.2667578556475187, -0.042928043962376004]], [[-1.5351934754818526, 1.2112288837005392, -0.07805999761104089, 0.4444449630266499, 0.2523548925824099, 1.5394383308664301], [2.6236623214234287, -0.8010372601103094, 2.219297847831349, -0.5580467141330264, -2.087835385897996, -1.6180331758319575], [1.170160520821734, -1.4551167973867405, 0.523764249176511, -0.8940227154162517, -1.2530842491525942, -1.7857800991098305], [-1.362564582025184, 2.457782798860388, -0.9807243940194214, 1.1384575118164006, 1.0776170697462149, 2.5507856605138586], [1.4768861232258788, -1.2983749168954954, 0.8348017609593407, -0.17727692618031085, -1.903366208628828, -0.29631885696002247], [-1.0720196561613358, 0.8568880393410341, -1.304853991698571, 0.637481009363235, 0.9040847616798172, 2.0169968611200484], [0.051818755866675316, -0.4278992697065488, 0.3374487975822116, -0.7669172867961787, -1.241165696354096, -0.34438677888084984]], [[1.3384819053121686, -0.9002154094388309, -0.9067347900331599, 1.7537432805100552, -1.3789308716625774], [-1.104845987369737, 1.9179799310941017, 1.323246123049322, 0.015000293646627397, 1.7421398005696602], [1.2475967179450789, -1.734221521571528, 0.2384975087042245, 1.7363459730693636, -0.11880589496335058], [-1.1675428111853443, 1.058058027452274, 0.3856203743215915, -0.2108292100730453, 1.3148942787812756], [-2.304748593701943, 0.926130023412083, -0.7298723129245088, -1.8602697108680355, 1.95243246049429], [-1.2831971079498445, 1.7912105404175214, 1.5279611118645855, -1.0663979702796744, 2.0003147875975777]], [[1.0594002642799765, -1.9685124103479317, -0.6058690723638793, 1.5106011381403266], [-1.3835998064465738, 1.0054360281761614, 0.8816742849271676, -1.6360567817289688], [-1.282911582498143, 0.14271516375569823, 0.39725576193953904, -0.6651145971859108], [1.2307823844434427, -0.5407012979536586, -1.6791343148262243, 1.5064397955670392], [-0.5036396456030662, 1.8046290488049337, 0.19977057623660266, -2.30987009546105]], [[-0.07478224364151283, 1.5678602247880886, -1.2814205329778636, -0.4932807552052932], [-4.2319409346402495, -3.9802782105378824, 6.0134185685506925, 7.5435751130172255], [-2.4263124325386913, -0.39061457019451495, 2.738057321939579, 3.9796497614229582], [-0.8215576629824114, 2.4857217620424032, -1.1091533420439277, -0.5440104402163107]]]
[6.4, 2.8, 5.6, 2.1];0.001840;[0.0, 0.0, 1.0];[6.8e-05, 0.052549, -0.05253];[6.8e-05, 0.052549, 0.94747];[[3.754955903492069, 0.9449071785339087, -2.681961769707655, -2.3959863476630585, -1.0262165729116346, -1.5000556019802889, -2.170922407892222, 2.8465737381947798], [-4.920437098279601, 2.465590756030155, -2.5192023893268307, -2.5333187783738045, -1.5159677689601774, -0.10901066406875581, 1.7017910941204912, -2.8442215696763338], [-2.4968199080611595, -2.850354865335081, 2.6038518455205555, 1.6471060739537173, 1.2884781863133388, 1.2128273946109889, -0.15571525745120562, -0.8543497577283802]];[[0.014063, 0.999728, 0.987549, 0.013598], [0.176006, 0.910178, 0.767708, 0.210723, 0.82614], [0.140002, 0.956568, 0.212212, 0.818918, 0.663126, 0.987496], [0.936966, 0.223851, 0.032577, 0.997316, 0.097283, 0.985271, 0.120304], [0.000195, 0.222592, 0.794657, 0.818392, 0.698369, 0.805245, 0.957771, 0.001618]];[[[-1.2959617552612757, 2.1214365118356584, 1.7435977412142674, -4.045939690272014, 1.4348765562565402, -2.7208576348084144, 0.8861633078353595], [-0.861949853388887, 3.0291256150521964, 1.7021417981879958, -1.3915706841594886, 0.9185941591098222, 0.5291158195194855, 1.2255944347828867], [0.5055544968099532, -3.206886991187832, -1.7588345759208592, 1.3836989179517984, -0.7801634779221162, -0.015970005454299812, -1.015651946229062], [1.3998532116872118, -2.779778247395544, -0.886135062187334, 1.0350181500608984, -1.3562934971451022, 0.71040478720376, 0.4520566890333657], [-0.009687502753357733, -0.8695601732770318, -1.7521811582772076, 0.17681151834173983, -1.8400007298450534, 1.2518721822895473, 0.4732771993233454], [1.45076039992781, -0.9955695905254737, -0.6414846630571047, 0.4422629462296163, 0.2765524553380413, -0.014780644235101618, -0.4292256508961423], [0.633225795555959, 0.5114244107574545, -1.3383385807233377, 1.787355537843152, -0.3918963219793266, 0.9829941600131111, -0.7827353536427921], [-1.426841231521866, 1.9013697999995367, 1.924748496882836, -2.120367923029321, 0.686731648557074, -2.2667578556475187, -0.042928043962376004]], [[-1.5351934754818526, 1.2112288837005392, -0.07805999761104089, 0.4444449630266499, 0.2523548925824099, 1.5394383308664301], [2.6236623214234287, -0.8010372601103094, 2.219297847831349, -0.5580467141330264, -2.087835385897996, -1.6180331758319575], [1.170160520821734, -1.4551167973867405, 0.523764249176511, -0.8940227154162517, -1.2530842491525942, -1.7857800991098305], [-1.362564582025184, 2.457782798860388, -0.9807243940194214, 1.1384575118164006, 1.0776170697462149, 2.5507856605138586], [1.4768861232258788, -1.2983749168954954, 0.8348017609593407, -0.17727692618031085, -1.903366208628828, -0.29631885696002247], [-1.0720196561613358, 0.8568880393410341, -1.304853991698571, 0.637481009363235, 0.9040847616798172, 2.0169968611200484], [0.051818755866675316, -0.4278992697065488, 0.3374487975822116, -0.7669172867961787, -1.241165696354096, -0.34438677888084984]], [[1.3384819053121686, -0.9002154094388309, -0.9067347900331599, 1.7537432805100552, -1.3789308716625774], [-1.104845987369737, 1.9179799310941017, 1.323246123049322, 0.015000293646627397, 1.7421398005696602], [1.2475967179450789, -1.734221521571528, 0.2384975087042245, 1.7363459730693636, -0.11880589496335058], [-1.1675428111853443, 1.058058027452274, 0.3856203743215915, -0.2108292100730453, 1.3148942787812756], [-2.304748593701943, 0.926130023412083, -0.7298723129245088, -1.8602697108680355, 1.95243246049429], [-1.2831971079498445, 1.7912105404175214, 1.5279611118645855, -1.0663979702796744, 2.0003147875975777]], [[1.0594002642799765, -1.9685124103479317, -0.6058690723638793, 1.5106011381403266], [-1.3835998064465738, 1.0054360281761614, 0.8816742849271676, -1.6360567817289688], [-1.282911582498143, 0.14271516375569823, 0.39725576193953904, -0.6651145971859108], [1.2307823844434427, -0.5407012979536586, -1.6791343148262243, 1.5064397955670392], [-0.5036396456030662, 1.8046290488049337, 0.19977057623660266, -2.30987009546105]], [[-0.07478224364151283, 1.5678602247880886, -1.2814205329778636, -0.4932807552052932], [-4.2319409346402495, -3.9802782105378824, 6.0134185685506925, 7.5435751130172255], [-2.4263124325386913, -0.39061457019451495, 2.738057321939579, 3.9796497614229582], [-0.8215576629824114, 2.4857217620424032, -1.1091533420439277, -0.5440104402163107]]]
[7.2, 3.0, 5.8, 1.6];0.007565;[0.0, 0.0, 1.0];[0.000129, 0.106558, -0.10649];[0.000129, 0.106558, 0.89351];[[3.754955903492069, 0.9449071785339087, -2.681961769707655, -2.3959863476630585, -1.0262165729116346, -1.5000556019802889, -2.170922407892222, 2.8465737381947798], [-4.920437098279601, 2.465590756030155, -2.5192023893268307, -2.5333187783738045, -1.5159677689601774, -0.10901066406875581, 1.7017910941204912, -2.8442215696763338], [-2.4968199080611595, -2.850354865335081, 2.6038518455205555, 1.6471060739537173, 1.2884781863133388, 1.2128273946109889, -0.15571525745120562, -0.8543497577283802]];[[0.017881, 0.811097, 0.713419, 0.012199], [0.268096, 0.86778, 0.741854, 0.319584, 0.762176], [0.20566, 0.940759, 0.282363, 0.775499, 0.529272, 0.979993], [0.924765, 0.357343, 0.045891, 0.995961, 0.143436, 0.979443, 0.147581], [0.000301, 0.323343, 0.696367, 0.740722, 0.650379, 0.779165, 0.957574, 0.00228]];[[[-1.2959617552612757, 2.1214365118356584, 1.7435977412142674, -4.045939690272014, 1.4348765562565402, -2.7208576348084144, 0.8861633078353595], [-0.861949853388887, 3.0291256150521964, 1.7021417981879958, -1.3915706841594886, 0.9185941591098222, 0.5291158195194855, 1.2255944347828867], [0.5055544968099532, -3.206886991187832, -1.7588345759208592, 1.3836989179517984, -0.7801634779221162, -0.015970005454299812, -1.015651946229062], [1.3998532116872118, -2.779778247395544, -0.886135062187334, 1.0350181500608984, -1.3562934971451022, 0.71040478720376, 0.4520566890333657], [-0.009687502753357733, -0.8695601732770318, -1.7521811582772076, 0.17681151834173983, -1.8400007298450534, 1.2518721822895473, 0.4732771993233454], [1.45076039992781, -0.9955695905254737, -0.6414846630571047, 0.4422629462296163, 0.2765524553380413, -0.014780644235101618, -0.4292256508961423], [0.633225795555959, 0.5114244107574545, -1.3383385807233377, 1.787355537843152, -0.3918963219793266, 0.9829941600131111, -0.7827353536427921], [-1.426841231521866, 1.9013697999995367, 1.924748496882836, -2.120367923029321, 0.686731648557074, -2.2667578556475187, -0.042928043962376004]], [[-1.5351934754818526, 1.2112288837005392, -0.07805999761104089, 0.4444449630266499, 0.2523548925824099, 1.5394383308664301], [2.6236623214234287, -0.8010372601103094, 2.219297847831349, -0.5580467141330264, -2.087835385897996, -1.6180331758319575], [1.170160520821734, -1.4551167973867405, 0.523764249176511, -0.8940227154162517, -1.2530842491525942, -1.7857800991098305], [-1.362564582025184, 2.457782798860388, -0.9807243940194214, 1.1384575118164006, 1.0776170697462149, 2.5507856605138586], [1.4768861232258788, -1.2983749168954954, 0.8348017609593407, -0.17727692618031085, -1.903366208628828, -0.29631885696002247], [-1.0720196561613358, 0.8568880393410341, -1.304853991698571, 0.637481009363235, 0.9040847616798172, 2.0169968611200484], [0.051818755866675316, -0.4278992697065488, 0.3374487975822116, -0.7669172867961787, -1.241165696354096, -0.34438677888084984]], [[1.3384819053121686, -0.9002154094388309, -0.9067347900331599, 1.7537432805100552, -1.3789308716625774], [-1.104845987369737, 1.9179799310941017, 1.323246123049322, 0.015000293646627397, 1.7421398005696602], [1.2475967179450789, -1.734221521571528, 0.2384975087042245, 1.7363459730693636, -0.11880589496335058], [-1.1675428111853443, 1.058058027452274, 0.3856203743215915, -0.2108292100730453, 1.3148942787812756], [-2.304748593701943, 0.926130023412083, -0.7298723129245088, -1.8602697108680355, 1.95243246049429], [-1.2831971079498445, 1.7912105404175214, 1.5279611118645855, -1.0663979702796744, 2.0003147875975777]], [[1.0594002642799765, -1.9685124103479317, -0.6058690723638793, 1.5106011381403266], [-1.3835998064465738, 1.0054360281761614, 0.8816742849271676, -1.6360567817289688], [-1.282911582498143, 0.14271516375569823, 0.39725576193953904, -0.6651145971859108], [1.2307823844434427, -0.5407012979536586, -1.6791343148262243, 1.5064397955670392], [-0.5036396456030662, 1.8046290488049337, 0.19977057623660266, -2.30987009546105]], [[-0.07478224364151283, 1.5678602247880886, -1.2814205329778636, -0.4932807552052932], [-4.2319409346402495, -3.9802782105378824, 6.0134185685506925, 7.5435751130172255], [-2.4263124325386913, -0.39061457019451495, 2.738057321939579, 3.9796497614229582], [-0.8215576629824114, 2.4857217620424032, -1.1091533420439277, -0.5440104402163107]]]
[7.4, 2.8, 6.1, 1.9];0.001969;[0.0, 0.0, 1.0];[7e-05, 0.054353, -0.054337];[7e-05, 0.054353, 0.945663];[[3.754955903492069, 0.9449071785339087, -2.681961769707655, -2.3959863476630585, -1.0262165729116346, -1.5000556019802889, -2.170922407892222, 2.8465737381947798], [-4.920437098279601, 2.465590756030155, -2.5192023893268307, -2.5333187783738045, -1.5159677689601774, -0.10901066406875581, 1.7017910941204912, -2.8442215696763338], [-2.4968199080611595, -2.850354865335081, 2.6038518455205555, 1.6471060739537173, 1.2884781863133388, 1.2128273946109889, -0.15571525745120562, -0.8543497577283802]];[[0.007638, 0.995823, 0.925547, 0.003867], [0.179476, 0.907378, 0.765835, 0.224973, 0.82704], [0.143975, 0.956154, 0.217845, 0.817496, 0.655495, 0.987174], [0.936368, 0.230967, 0.0332, 0.997254, 0.099588, 0.984972, 0.121682], [0.0002, 0.227276, 0.790134, 0.814805, 0.695994, 0.803936, 0.957772, 0.001648]];[[[-1.2959617552612757, 2.1214365118356584, 1.7435977412142674, -4.045939690272014, 1.4348765562565402, -2.7208576348084144, 0.8861633078353595], [-0.861949853388887, 3.0291256150521964, 1.7021417981879958, -1.3915706841594886, 0.9185941591098222, 0.5291158195194855, 1.2255944347828867], [0.5055544968099532, -3.206886991187832, -1.7588345759208592, 1.3836989179517984, -0.7801634779221162, -0.015970005454299812, -1.015651946229062], [1.3998532116872118, -2.779778247395544, -0.886135062187334, 1.0350181500608984, -1.3562934971451022, 0.71040478720376, 0.4520566890333657], [-0.009687502753357733, -0.8695601732770318, -1.7521811582772076, 0.17681151834173983, -1.8400007298450534, 1.2518721822895473, 0.4732771993233454], [1.45076039992781, -0.9955695905254737, -0.6414846630571047, 0.4422629462296163, 0.2765524553380413, -0.014780644235101618, -0.4292256508961423], [0.633225795555959, 0.5114244107574545, -1.3383385807233377, 1.787355537843152, -0.3918963219793266, 0.9829941600131111, -0.7827353536427921], [-1.426841231521866, 1.9013697999995367, 1.924748496882836, -2.120367923029321, 0.686731648557074, -2.2667578556475187, -0.042928043962376004]], [[-1.5351934754818526, 1.2112288837005392, -0.07805999761104089, 0.4444449630266499, 0.2523548925824099, 1.5394383308664301], [2.6236623214234287, -0.8010372601103094, 2.219297847831349, -0.5580467141330264, -2.087835385897996, -1.6180331758319575], [1.170160520821734, -1.4551167973867405, 0.523764249176511, -0.8940227154162517, -1.2530842491525942, -1.7857800991098305], [-1.362564582025184, 2.457782798860388, -0.9807243940194214, 1.1384575118164006, 1.0776170697462149, 2.5507856605138586], [1.4768861232258788, -1.2983749168954954, 0.8348017609593407, -0.17727692618031085, -1.903366208628828, -0.29631885696002247], [-1.0720196561613358, 0.8568880393410341, -1.304853991698571, 0.637481009363235, 0.9040847616798172, 2.0169968611200484], [0.051818755866675316, -0.4278992697065488, 0.3374487975822116, -0.7669172867961787, -1.241165696354096, -0.34438677888084984]], [[1.3384819053121686, -0.9002154094388309, -0.9067347900331599, 1.7537432805100552, -1.3789308716625774], [-1.104845987369737, 1.9179799310941017, 1.323246123049322, 0.015000293646627397, 1.7421398005696602], [1.2475967179450789, -1.734221521571528, 0.2384975087042245, 1.7363459730693636, -0.11880589496335058], [-1.1675428111853443, 1.058058027452274, 0.3856203743215915, -0.2108292100730453, 1.3148942787812756], [-2.304748593701943, 0.926130023412083, -0.7298723129245088, -1.8602697108680355, 1.95243246049429], [-1.2831971079498445, 1.7912105404175214, 1.5279611118645855, -1.0663979702796744, 2.0003147875975777]], [[1.0594002642799765, -1.9685124103479317, -0.6058690723638793, 1.5106011381403266], [-1.3835998064465738, 1.0054360281761614, 0.8816742849271676, -1.6360567817289688], [-1.282911582498143, 0.14271516375569823, 0.39725576193953904, -0.6651145971859108], [1.2307823844434427, -0.5407012979536586, -1.6791343148262243, 1.5064397955670392], [-0.5036396456030662, 1.8046290488049337, 0.19977057623660266, -2.30987009546105]], [[-0.07478224364151283, 1.5678602247880886, -1.2814205329778636, -0.4932807552052932], [-4.2319409346402495, -3.9802782105378824, 6.0134185685506925, 7.5435751130172255], [-2.4263124325386913, -0.39061457019451495, 2.738057321939579, 3.9796497614229582], [-0.8215576629824114, 2.4857217620424032, -1.1091533420439277, -0.5440104402163107]]]
[6.4, 2.8, 5.6, 2.2];0.001822;[0.0, 0.0, 1.0];[6.8e-05, 0.052295, -0.052275];[6.8e-05, 0.052295, 0.947725];[[3.754955903492069, 0.9449071785339087, -2.681961769707655, -2.3959863476630585, -1.0262165729116346, -1.5000556019802889, -2.170922407892222, 2.8465737381947798], [-4.920437098279601, 2.465590756030155, -2.5192023893268307, -2.5333187783738045, -1.5159677689601774, -0.10901066406875581, 1.7017910941204912, -2.8442215696763338], [-2.4968199080611595, -2.850354865335081, 2.6038518455205555, 1.6471060739537173, 1.2884781863133388, 1.2128273946109889, -0.15571525745120562, -0.8543497577283802]];[[0.013395, 0.999872, 0.991603, 0.012887], [0.175351, 0.910652, 0.768236, 0.209267, 0.826577], [0.139409, 0.956695, 0.211529, 0.819266, 0.66427, 0.987557], [0.937064, 0.222835, 0.03248, 0.997325, 0.096943, 0.985315, 0.12009], [0.000194, 0.221919, 0.795305, 0.818904, 0.698713, 0.805436, 0.957772, 0.001614]];[[[-1.2959617552612757, 2.1214365118356584, 1.7435977412142674, -4.045939690272014, 1.4348765562565402, -2.7208576348084144, 0.8861633078353595], [-0.861949853388887, 3.0291256150521964, 1.7021417981879958, -1.3915706841594886, 0.9185941591098222, 0.5291158195194855, 1.2255944347828867], [0.5055544968099532, -3.206886991187832, -1.7588345759208592, 1.3836989179517984, -0.7801634779221162, -0.015970005454299812, -1.015651946229062], [1.3998532116872118, -2.779778247395544, -0.886135062187334, 1.0350181500608984, -1.3562934971451022, 0.71040478720376, 0.4520566890333657], [-0.009687502753357733, -0.8695601732770318, -1.7521811582772076, 0.17681151834173983, -1.8400007298450534, 1.2518721822895473, 0.4732771993233454], [1.45076039992781, -0.9955695905254737, -0.6414846630571047, 0.4422629462296163, 0.2765524553380413, -0.014780644235101618, -0.4292256508961423], [0.633225795555959, 0.5114244107574545, -1.3383385807233377, 1.787355537843152, -0.3918963219793266, 0.9829941600131111, -0.7827353536427921], [-1.426841231521866, 1.9013697999995367, 1.924748496882836, -2.120367923029321, 0.686731648557074, -2.2667578556475187, -0.042928043962376004]], [[-1.5351934754818526, 1.2112288837005392, -0.07805999761104089, 0.4444449630266499, 0.2523548925824099, 1.5394383308664301], [2.6236623214234287, -0.8010372601103094, 2.219297847831349, -0.5580467141330264, -2.087835385897996, -1.6180331758319575], [1.170160520821734, -1.4551167973867405, 0.523764249176511, -0.8940227154162517, -1.2530842491525942, -1.7857800991098305], [-1.362564582025184, 2.457782798860388, -0.9807243940194214, 1.1384575118164006, 1.0776170697462149, 2.5507856605138586], [1.4768861232258788, -1.2983749168954954, 0.8348017609593407, -0.17727692618031085, -1.903366208628828, -0.29631885696002247], [-1.0720196561613358, 0.8568880393410341, -1.304853991698571, 0.637481009363235, 0.9040847616798172, 2.0169968611200484], [0.051818755866675316, -0.4278992697065488, 0.3374487975822116, -0.7669172867961787, -1.241165696354096, -0.34438677888084984]], [[1.3384819053121686, -0.9002154094388309, -0.9067347900331599, 1.7537432805100552, -1.3789308716625774], [-1.104845987369737, 1.9179799310941017, 1.323246123049322, 0.015000293646627397, 1.7421398005696602], [1.2475967179450789, -1.734221521571528, 0.2384975087042245, 1.7363459730693636, -0.11880589496335058], [-1.1675428111853443, 1.058058027452274, 0.3856203743215915, -0.2108292100730453, 1.3148942787812756], [-2.304748593701943, 0.926130023412083, -0.7298723129245088, -1.8602697108680355, 1.95243246049429], [-1.2831971079498445, 1.7912105404175214, 1.5279611118645855, -1.0663979702796744, 2.0003147875975777]], [[1.0594002642799765, -1.9685124103479317, -0.6058690723638793, 1.5106011381403266], [-1.3835998064465738, 1.0054360281761614, 0.8816742849271676, -1.6360567817289688], [-1.282911582498143, 0.14271516375569823, 0.39725576193953904, -0.6651145971859108], [1.2307823844434427, -0.5407012979536586, -1.6791343148262243, 1.5064397955670392], [-0.5036396456030662, 1.8046290488049337, 0.19977057623660266, -2.30987009546105]], [[-0.07478224364151283, 1.5678602247880886, -1.2814205329778636, -0.4932807552052932], [-4.2319409346402495, -3.9802782105378824, 6.0134185685506925, 7.5435751130172255], [-2.4263124325386913, -0.39061457019451495, 2.738057321939579, 3.9796497614229582], [-0.8215576629824114, 2.4857217620424032, -1.1091533420439277, -0.5440104402163107]]]
[7.7, 3.0, 6.1, 2.3];0.001841;[0.0, 0.0, 1.0];[6.8e-05, 0.052565, -0.052545];[6.8e-05, 0.052565, 0.947455];[[3.754955903492069, 0.9449071785339087, -2.681961769707655, -2.3959863476630585, -1.0262165729116346, -1.5000556019802889, -2.170922407892222, 2.8465737381947798], [-4.920437098279601, 2.465590756030155, -2.5192023893268307, -2.5333187783738045, -1.5159677689601774, -0.10901066406875581, 1.7017910941204912, -2.8442215696763338], [-2.4968199080611595, -2.850354865335081, 2.6038518455205555, 1.6471060739537173, 1.2884781863133388, 1.2128273946109889, -0.15571525745120562, -0.8543497577283802]];[[0.008383, 0.998383, 0.964636, 0.003996], [0.175428, 0.910343, 0.768488, 0.21369, 0.828715], [0.140005, 0.956838, 0.212886, 0.819497, 0.663221, 0.987548], [0.937004, 0.223969, 0.032553, 0.997318, 0.097275, 0.98527, 0.120254], [0.000195, 0.222629, 0.794615, 0.818352, 0.698354, 0.805241, 0.957777, 0.001619]];[[[-1.2959617552612757, 2.1214365118356584, 1.7435977412142674, -4.045939690272014, 1.4348765562565402, -2.7208576348084144, 0.8861633078353595], [-0.861949853388887, 3.0291256150521964, 1.7021417981879958, -1.3915706841594886, 0.9185941591098222, 0.5291158195194855, 1.2255944347828867], [0.5055544968099532, -3.206886991187832, -1.7588345759208592, 1.3836989179517984, -0.7801634779221162, -0.015970005454299812, -1.015651946229062], [1.3998532116872118, -2.779778247395544, -0.886135062187334, 1.0350181500608984, -1.3562934971451022, 0.71040478720376, 0.4520566890333657], [-0.009687502753357733, -0.8695601732770318, -1.7521811582772076, 0.17681151834173983, -1.8400007298450534, 1.2518721822895473, 0.4732771993233454], [1.45076039992781, -0.9955695905254737, -0.6414846630571047, 0.4422629462296163, 0.2765524553380413, -0.014780644235101618, -0.4292256508961423], [0.633225795555959, 0.5114244107574545, -1.3383385807233377, 1.787355537843152, -0.3918963219793266, 0.9829941600131111, -0.7827353536427921], [-1.426841231521866, 1.9013697999995367, 1.924748496882836, -2.120367923029321, 0.686731648557074, -2.2667578556475187, -0.042928043962376004]], [[-1.5351934754818526, 1.2112288837005392, -0.07805999761104089, 0.4444449630266499, 0.2523548925824099, 1.5394383308664301], [2.6236623214234287, -0.8010372601103094, 2.219297847831349, -0.5580467141330264, -2.087835385897996, -1.6180331758319575], [1.170160520821734, -1.4551167973867405, 0.523764249176511, -0.8940227154162517, -1.2530842491525942, -1.7857800991098305], [-1.362564582025184, 2.457782798860388, -0.9807243940194214, 1.1384575118164006, 1.0776170697462149, 2.5507856605138586], [1.4768861232258788, -1.2983749168954954, 0.8348017609593407, -0.17727692618031085, -1.903366208628828, -0.29631885696002247], [-1.0720196561613358, 0.8568880393410341, -1.304853991698571, 0.637481009363235, 0.9040847616798172, 2.0169968611200484], [0.051818755866675316, -0.4278992697065488, 0.3374487975822116, -0.7669172867961787, -1.241165696354096, -0.34438677888084984]], [[1.3384819053121686, -0.9002154094388309, -0.9067347900331599, 1.7537432805100552, -1.3789308716625774], [-1.104845987369737, 1.9179799310941017, 1.323246123049322, 0.015000293646627397, 1.7421398005696602], [1.2475967179450789, -1.734221521571528, 0.2384975087042245, 1.7363459730693636, -0.11880589496335058], [-1.1675428111853443, 1.058058027452274, 0.3856203743215915, -0.2108292100730453, 1.3148942787812756], [-2.304748593701943, 0.926130023412083, -0.7298723129245088, -1.8602697108680355, 1.95243246049429], [-1.2831971079498445, 1.7912105404175214, 1.5279611118645855, -1.0663979702796744, 2.0003147875975777]], [[1.0594002642799765, -1.9685124103479317, -0.6058690723638793, 1.5106011381403266], [-1.3835998064465738, 1.0054360281761614, 0.8816742849271676, -1.6360567817289688], [-1.282911582498143, 0.14271516375569823, 0.39725576193953904, -0.6651145971859108], [1.2307823844434427, -0.5407012979536586, -1.6791343148262243, 1.5064397955670392], [-0.5036396456030662, 1.8046290488049337, 0.19977057623660266, -2.30987009546105]], [[-0.07478224364151283, 1.5678602247880886, -1.2814205329778636, -0.4932807552052932], [-4.2319409346402495, -3.9802782105378824, 6.0134185685506925, 7.5435751130172255], [-2.4263124325386913, -0.39061457019451495, 2.738057321939579, 3.9796497614229582], [-0.8215576629824114, 2.4857217620424032, -1.1091533420439277, -0.5440104402163107]]]
[6.9, 3.1, 5.1, 2.3];0.002480;[0.0, 0.0, 1.0];[7.8e-05, 0.060986, -0.060986];[7.8e-05, 0.060986, 0.939014];[[3.754955903492069, 0.9449071785339087, -2.681961769707655, -2.3959863476630585, -1.0262165729116346, -1.5000556019802889, -2.170922407892222, 2.8465737381947798], [-4.920437098279601, 2.465590756030155, -2.5192023893268307, -2.5333187783738045, -1.5159677689601774, -0.10901066406875581, 1.7017910941204912, -2.8442215696763338], [-2.4968199080611595, -2.850354865335081, 2.6038518455205555, 1.6471060739537173, 1.2884781863133388, 1.2128273946109889, -0.15571525745120562, -0.8543497577283802]];[[0.036437, 0.967699, 0.922011, 0.029214], [0.198834, 0.897461, 0.755048, 0.241927, 0.808498], [0.156733, 0.952371, 0.230082, 0.807565, 0.629393, 0.985644], [0.934036, 0.254134, 0.035562, 0.99702, 0.107557, 0.983964, 0.126789], [0.000215, 0.24339, 0.774587, 0.802553, 0.687936, 0.799478, 0.957719, 0.001749]];[[[-1.2959617552612757, 2.1214365118356584, 1.7435977412142674, -4.045939690272014, 1.4348765562565402, -2.7208576348084144, 0.8861633078353595], [-0.861949853388887, 3.0291256150521964, 1.7021417981879958, -1.3915706841594886, 0.9185941591098222, 0.5291158195194855, 1.2255944347828867], [0.5055544968099532, -3.206886991187832, -1.7588345759208592, 1.3836989179517984, -0.7801634779221162, -0.015970005454299812, -1.015651946229062], [1.3998532116872118, -2.779778247395544, -0.886135062187334, 1.0350181500608984, -1.3562934971451022, 0.71040478720376, 0.4520566890333657], [-0.009687502753357733, -0.8695601732770318, -1.7521811582772076, 0.17681151834173983, -1.8400007298450534, 1.2518721822895473, 0.4732771993233454], [1.45076039992781, -0.9955695905254737, -0.6414846630571047, 0.4422629462296163, 0.2765524553380413, -0.014780644235101618, -0.4292256508961423], [0.633225795555959, 0.5114244107574545, -1.3383385807233377, 1.787355537843152, -0.3918963219793266, 0.9829941600131111, -0.7827353536427921], [-1.426841231521866, 1.9013697999995367, 1.924748496882836, -2.120367923029321, 0.686731648557074, -2.2667578556475187, -0.042928043962376004]], [[-1.5351934754818526, 1.2112288837005392, -0.07805999761104089, 0.4444449630266499, 0.2523548925824099, 1.5394383308664301], [2.6236623214234287, -0.8010372601103094, 2.219297847831349, -0.5580467141330264, -2.087835385897996, -1.6180331758319575], [1.170160520821734, -1.4551167973867405, 0.523764249176511, -0.8940227154162517, -1.2530842491525942, -1.7857800991098305], [-1.362564582025184, 2.457782798860388, -0.9807243940194214, 1.1384575118164006, 1.0776170697462149, 2.5507856605138586], [1.4768861232258788, -1.2983749168954954, 0.8348017609593407, -0.17727692618031085, -1.903366208628828, -0.29631885696002247], [-1.0720196561613358, 0.8568880393410341, -1.304853991698571, 0.637481009363235, 0.9040847616798172, 2.0169968611200484], [0.051818755866675316, -0.4278992697065488, 0.3374487975822116, -0.7669172867961787, -1.241165696354096, -0.34438677888084984]], [[1.3384819053121686, -0.9002154094388309, -0.9067347900331599, 1.7537432805100552, -1.3789308716625774], [-1.104845987369737, 1.9179799310941017, 1.323246123049322, 0.015000293646627397, 1.7421398005696602], [1.2475967179450789, -1.734221521571528, 0.2384975087042245, 1.7363459730693636, -0.11880589496335058], [-1.1675428111853443, 1.058058027452274, 0.3856203743215915, -0.2108292100730453, 1.3148942787812756], [-2.304748593701943, 0.926130023412083, -0.7298723129245088, -1.8602697108680355, 1.95243246049429], [-1.2831971079498445, 1.7912105404175214, 1.5279611118645855, -1.0663979702796744, 2.0003147875975777]], [[1.0594002642799765, -1.9685124103479317, -0.6058690723638793, 1.5106011381403266], [-1.3835998064465738, 1.0054360281761614, 0.8816742849271676, -1.6360567817289688], [-1.282911582498143, 0.14271516375569823, 0.39725576193953904, -0.6651145971859108], [1.2307823844434427, -0.5407012979536586, -1.6791343148262243, 1.5064397955670392], [-0.5036396456030662, 1.8046290488049337, 0.19977057623660266, -2.30987009546105]], [[-0.07478224364151283, 1.5678602247880886, -1.2814205329778636, -0.4932807552052932], [-4.2319409346402495, -3.9802782105378824, 6.0134185685506925, 7.5435751130172255], [-2.4263124325386913, -0.39061457019451495, 2.738057321939579, 3.9796497614229582], [-0.8215576629824114, 2.4857217620424032, -1.1091533420439277, -0.5440104402163107]]]
[5.8, 2.7, 5.1, 1.9];0.002039;[0.0, 0.0, 1.0];[7.1e-05, 0.055315, -0.055304];[7.1e-05, 0.055315, 0.944696];[[3.754955903492069, 0.9449071785339087, -2.681961769707655, -2.3959863476630585, -1.0262165729116346, -1.5000556019802889, -2.170922407892222, 2.8465737381947798], [-4.920437098279601, 2.465590756030155, -2.5192023893268307, -2.5333187783738045, -1.5159677689601774, -0.10901066406875581, 1.7017910941204912, -2.8442215696763338], [-2.4968199080611595, -2.850354865335081, 2.6038518455205555, 1.6471060739537173, 1.2884781863133388, 1.2128273946109889, -0.15571525745120562, -0.8543497577283802]];[[0.026018, 0.998681, 0.975951, 0.03304], [0.183543, 0.905183, 0.761767, 0.221572, 0.818077], [0.146146, 0.95489, 0.218369, 0.814538, 0.651053, 0.986793], [0.935894, 0.234433, 0.033638, 0.997211, 0.100885, 0.984811, 0.122619], [0.000202, 0.229738, 0.787779, 0.81296, 0.694739, 0.803229, 0.957748, 0.001663]];[[[-1.2959617552612757, 2.1214365118356584, 1.7435977412142674, -4.045939690272014, 1.4348765562565402, -2.7208576348084144, 0.8861633078353595], [-0.861949853388887, 3.0291256150521964, 1.7021417981879958, -1.3915706841594886, 0.9185941591098222, 0.5291158195194855, 1.2255944347828867], [0.5055544968099532, -3.206886991187832, -1.7588345759208592, 1.3836989179517984, -0.7801634779221162, -0.015970005454299812, -1.015651946229062], [1.3998532116872118, -2.779778247395544, -0.886135062187334, 1.0350181500608984, -1.3562934971451022, 0.71040478720376, 0.4520566890333657], [-0.009687502753357733, -0.8695601732770318, -1.7521811582772076, 0.17681151834173983, -1.8400007298450534, 1.2518721822895473, 0.4732771993233454], [1.45076039992781, -0.9955695905254737, -0.6414846630571047, 0.4422629462296163, 0.2765524553380413, -0.014780644235101618, -0.4292256508961423], [0.633225795555959, 0.5114244107574545, -1.3383385807233377, 1.787355537843152, -0.3918963219793266, 0.9829941600131111, -0.7827353536427921], [-1.426841231521866, 1.9013697999995367, 1.924748496882836, -2.120367923029321, 0.686731648557074, -2.2667578556475187, -0.042928043962376004]], [[-1.5351934754818526, 1.2112288837005392, -0.07805999761104089, 0.4444449630266499, 0.2523548925824099, 1.5394383308664301], [2.6236623214234287, -0.8010372601103094, 2.219297847831349, -0.5580467141330264, -2.087835385897996, -1.6180331758319575], [1.170160520821734, -1.4551167973867405, 0.523764249176511, -0.8940227154162517, -1.2530842491525942, -1.7857800991098305], [-1.362564582025184, 2.457782798860388, -0.9807243940194214, 1.1384575118164006, 1.0776170697462149, 2.5507856605138586], [1.4768861232258788, -1.2983749168954954, 0.8348017609593407, -0.17727692618031085, -1.903366208628828, -0.29631885696002247], [-1.0720196561613358, 0.8568880393410341, -1.304853991698571, 0.637481009363235, 0.9040847616798172, 2.0169968611200484], [0.051818755866675316, -0.4278992697065488, 0.3374487975822116, -0.7669172867961787, -1.241165696354096, -0.34438677888084984]], [[1.3384819053121686, -0.9002154094388309, -0.9067347900331599, 1.7537432805100552, -1.3789308716625774], [-1.104845987369737, 1.9179799310941017, 1.323246123049322, 0.015000293646627397, 1.7421398005696602], [1.2475967179450789, -1.734221521571528, 0.2384975087042245, 1.7363459730693636, -0.11880589496335058], [-1.1675428111853443, 1.058058027452274, 0.3856203743215915, -0.2108292100730453, 1.3148942787812756], [-2.304748593701943, 0.926130023412083, -0.7298723129245088, -1.8602697108680355, 1.95243246049429], [-1.2831971079498445, 1.7912105404175214, 1.5279611118645855, -1.0663979702796744, 2.0003147875975777]], [[1.0594002642799765, -1.9685124103479317, -0.6058690723638793, 1.5106011381403266], [-1.3835998064465738, 1.0054360281761614, 0.8816742849271676, -1.6360567817289688], [-1.282911582498143, 0.14271516375569823, 0.39725576193953904, -0.6651145971859108], [1.2307823844434427, -0.5407012979536586, -1.6791343148262243, 1.5064397955670392], [-0.5036396456030662, 1.8046290488049337, 0.19977057623660266, -2.30987009546105]], [[-0.07478224364151283, 1.5678602247880886, -1.2814205329778636, -0.4932807552052932], [-4.2319409346402495, -3.9802782105378824, 6.0134185685506925, 7.5435751130172255], [-2.4263124325386913, -0.39061457019451495, 2.738057321939579, 3.9796497614229582], [-0.8215576629824114, 2.4857217620424032, -1.1091533420439277, -0.5440104402163107]]]
[6.7, 3.0, 5.2, 2.3];0.002053;[0.0, 0.0, 1.0];[7.2e-05, 0.055503, -0.055492];[7.2e-05, 0.055503, 0.944508];[[3.754955903492069, 0.9449071785339087, -2.681961769707655, -2.3959863476630585, -1.0262165729116346, -1.5000556019802889, -2.170922407892222, 2.8465737381947798], [-4.920437098279601, 2.465590756030155, -2.5192023893268307, -2.5333187783738045, -1.5159677689601774, -0.10901066406875581, 1.7017910941204912, -2.8442215696763338], [-2.4968199080611595, -2.850354865335081, 2.6038518455205555, 1.6471060739537173, 1.2884781863133388, 1.2128273946109889, -0.15571525745120562, -0.8543497577283802]];[[0.028058, 0.994757, 0.963319, 0.024159], [0.184162, 0.904893, 0.761351, 0.223729, 0.819543], [0.146549, 0.954924, 0.21918, 0.81458, 0.650475, 0.986776], [0.935846, 0.235159, 0.033689, 0.997206, 0.101096, 0.984782, 0.122724], [0.000202, 0.230205, 0.787323, 0.812596, 0.694506, 0.8031, 0.957751, 0.001666]];[[[-1.2959617552612757, 2.1214365118356584, 1.7435977412142674, -4.045939690272014, 1.4348765562565402, -2.7208576348084144, 0.8861633078353595], [-0.861949853388887, 3.0291256150521964, 1.7021417981879958, -1.3915706841594886, 0.9185941591098222, 0.5291158195194855, 1.2255944347828867], [0.5055544968099532, -3.206886991187832, -1.7588345759208592, 1.3836989179517984, -0.7801634779221162, -0.015970005454299812, -1.015651946229062], [1.3998532116872118, -2.779778247395544, -0.886135062187334, 1.0350181500608984, -1.3562934971451022, 0.71040478720376, 0.4520566890333657], [-0.009687502753357733, -0.8695601732770318, -1.7521811582772076, 0.17681151834173983, -1.8400007298450534, 1.2518721822895473, 0.4732771993233454], [1.45076039992781, -0.9955695905254737, -0.6414846630571047, 0.4422629462296163, 0.2765524553380413, -0.014780644235101618, -0.4292256508961423], [0.633225795555959, 0.5114244107574545, -1.3383385807233377, 1.787355537843152, -0.3918963219793266, 0.9829941600131111, -0.7827353536427921], [-1.426841231521866, 1.9013697999995367, 1.924748496882836, -2.120367923029321, 0.686731648557074, -2.2667578556475187, -0.042928043962376004]], [[-1.5351934754818526, 1.2112288837005392, -0.07805999761104089, 0.4444449630266499, 0.2523548925824099, 1.5394383308664301], [2.6236623214234287, -0.8010372601103094, 2.219297847831349, -0.5580467141330264, -2.087835385897996, -1.6180331758319575], [1.170160520821734, -1.4551167973867405, 0.523764249176511, -0.8940227154162517, -1.2530842491525942, -1.7857800991098305], [-1.362564582025184, 2.457782798860388, -0.9807243940194214, 1.1384575118164006, 1.0776170697462149, 2.5507856605138586], [1.4768861232258788, -1.2983749168954954, 0.8348017609593407, -0.17727692618031085, -1.903366208628828, -0.29631885696002247], [-1.0720196561613358, 0.8568880393410341, -1.304853991698571, 0.637481009363235, 0.9040847616798172, 2.0169968611200484], [0.051818755866675316, -0.4278992697065488, 0.3374487975822116, -0.7669172867961787, -1.241165696354096, -0.34438677888084984]], [[1.3384819053121686, -0.9002154094388309, -0.9067347900331599, 1.7537432805100552, -1.3789308716625774], [-1.104845987369737, 1.9179799310941017, 1.323246123049322, 0.015000293646627397, 1.7421398005696602], [1.2475967179450789, -1.734221521571528, 0.2384975087042245, 1.7363459730693636, -0.11880589496335058], [-1.1675428111853443, 1.058058027452274, 0.3856203743215915, -0.2108292100730453, 1.3148942787812756], [-2.304748593701943, 0.926130023412083, -0.7298723129245088, -1.8602697108680355, 1.95243246049429], [-1.2831971079498445, 1.7912105404175214, 1.5279611118645855, -1.0663979702796744, 2.0003147875975777]], [[1.0594002642799765, -1.9685124103479317, -0.6058690723638793, 1.5106011381403266], [-1.3835998064465738, 1.0054360281761614, 0.8816742849271676, -1.6360567817289688], [-1.282911582498143, 0.14271516375569823, 0.39725576193953904, -0.6651145971859108], [1.2307823844434427, -0.5407012979536586, -1.6791343148262243, 1.5064397955670392], [-0.5036396456030662, 1.8046290488049337, 0.19977057623660266, -2.30987009546105]], [[-0.07478224364151283, 1.5678602247880886, -1.2814205329778636, -0.4932807552052932], [-4.2319409346402495, -3.9802782105378824, 6.0134185685506925, 7.5435751130172255], [-2.4263124325386913, -0.39061457019451495, 2.738057321939579, 3.9796497614229582], [-0.8215576629824114, 2.4857217620424032, -1.1091533420439277, -0.5440104402163107]]]
